2026-05-19 11:20:52,166 - twister - INFO - Using Ninja..
2026-05-19 11:20:52,304 - twister - INFO - Zephyr version: v4.3.0-rc3-49-g8b032af664be
2026-05-19 11:20:52,310 - twister - DEBUG - Running cmake script /home/gustavo/zephyrproject/zephyr/cmake/verify-toolchain.cmake
2026-05-19 11:20:52,310 - twister - DEBUG - Calling cmake: /opt/st/stm32cubeclt_1.16.0/CMake/bin/cmake -DFORMAT=json -P /home/gustavo/zephyrproject/zephyr/cmake/verify-toolchain.cmake
2026-05-19 11:20:52,543 - twister - DEBUG - Finished running /home/gustavo/zephyrproject/zephyr/cmake/verify-toolchain.cmake
2026-05-19 11:20:52,544 - twister - INFO - Using 'zephyr' toolchain.
2026-05-19 11:20:54,277 - twister - DEBUG - Reading testsuite configuration files under /home/gustavo/zephyr/zephyr-course/tests/ring_buf...
2026-05-19 11:20:54,277 - twister - DEBUG - Found possible testsuite in /home/gustavo/zephyr/zephyr-course/tests/ring_buf
2026-05-19 11:20:54,281 - twister - DEBUG - No duplicates found.
2026-05-19 11:20:54,281 - twister - DEBUG -  platform filter: ['native_sim']
2026-05-19 11:20:54,281 - twister - DEBUG - platform_pattern: []
2026-05-19 11:20:54,281 - twister - DEBUG -    vendor filter: []
2026-05-19 11:20:54,281 - twister - DEBUG -      arch_filter: None
2026-05-19 11:20:54,281 - twister - DEBUG -       tag_filter: None
2026-05-19 11:20:54,281 - twister - DEBUG -      exclude_tag: None
2026-05-19 11:20:54,281 - twister - DEBUG - Checking platform filter: ['native_sim']
2026-05-19 11:20:54,282 - twister - INFO - Building initial testsuite list...
2026-05-19 11:20:54,282 - twister - INFO - Writing JSON report /home/gustavo/zephyr/zephyr-course/twister-out/testplan.json
2026-05-19 11:20:54,300 - twister - INFO - JOBS: 4
2026-05-19 11:20:54,300 - twister - INFO - Adding tasks to the queue...
2026-05-19 11:20:54,300 - twister - DEBUG - adding native_sim/native/host/homework.unit.ring_buf
2026-05-19 11:20:54,302 - twister - INFO - Added initial list of jobs to queue
2026-05-19 11:20:54,309 - twister - DEBUG - Running cmake on /home/gustavo/zephyr/zephyr-course/tests/ring_buf for native_sim/native
2026-05-19 11:20:54,309 - twister - DEBUG - Launched 4 jobs
2026-05-19 11:20:54,309 - twister - DEBUG - Calling cmake: /opt/st/stm32cubeclt_1.16.0/CMake/bin/cmake -B/home/gustavo/zephyr/zephyr-course/twister-out/native_sim_native/host/zephyr/zephyr-course/tests/ring_buf/homework.unit.ring_buf -DTC_RUNID=197ddd28d423d5973e690cc3a97895ab -DTC_NAME=homework.unit.ring_buf -DCONFIG_COMPILER_WARNINGS_AS_ERRORS=y -DEXTRA_GEN_EDT_ARGS=--edtlib-Werror -GNinja -DPython3_EXECUTABLE=/home/gustavo/zephyrproject/.venv/bin/python -DZEPHYR_TOOLCHAIN_VARIANT=host -S/home/gustavo/zephyr/zephyr-course/tests/ring_buf -DBOARD=native_sim/native
2026-05-19 11:21:01,028 - twister - DEBUG - Finished running cmake /home/gustavo/zephyr/zephyr-course/tests/ring_buf for native_sim/native in 6.72 seconds
2026-05-19 11:21:01,031 - twister - DEBUG - build test: native_sim/native/host/homework.unit.ring_buf
2026-05-19 11:21:01,031 - twister - DEBUG - Building /home/gustavo/zephyr/zephyr-course/tests/ring_buf for native_sim/native
2026-05-19 11:21:01,032 - twister - DEBUG - Running /opt/st/stm32cubeclt_1.16.0/CMake/bin/cmake --build /home/gustavo/zephyr/zephyr-course/twister-out/native_sim_native/host/zephyr/zephyr-course/tests/ring_buf/homework.unit.ring_buf
2026-05-19 11:21:08,358 - twister - DEBUG - Finished building /home/gustavo/zephyr/zephyr-course/tests/ring_buf for native_sim/native in 7.33 seconds
2026-05-19 11:21:08,359 - twister - DEBUG - Determine test cases for test instance: native_sim/native/host/homework.unit.ring_buf
2026-05-19 11:21:08,359 - twister - DEBUG - Determine test cases for test suite: homework.unit.ring_buf
2026-05-19 11:21:08,417 - twister - DEBUG - Test instance native_sim/native/host/homework.unit.ring_buf already has 8 testcase(s) known: [<TestCase ring_buf_init.reinit_clears_state with None>, <TestCase ring_buf_push_pop.single_push_pop with None>, <TestCase ring_buf_push_pop.push_full_returns_enospc with None>, <TestCase ring_buf_init.fresh_state with None>, <TestCase ring_buf_boundaries.is_full_after_fill with None>, <TestCase ring_buf_boundaries.pop_null_returns_einval with None>, <TestCase ring_buf_push_pop.fifo_order with None>, <TestCase ring_buf_boundaries.peek_does_not_consume with None>]
2026-05-19 11:21:08,418 - twister - DEBUG - Detected 8 Ztest case(s): [ring_buf_boundaries.is_full_after_fill, ring_buf_boundaries.pop_null_returns_einval, ring_buf_boundaries.peek_does_not_consume, ring_buf_push_pop.push_full_returns_enospc, ring_buf_push_pop.fifo_order, ring_buf_push_pop.single_push_pop, ring_buf_init.reinit_clears_state, ring_buf_init.fresh_state] in /home/gustavo/zephyr/zephyr-course/twister-out/native_sim_native/host/zephyr/zephyr-course/tests/ring_buf/homework.unit.ring_buf/zephyr/zephyr.elf
2026-05-19 11:21:08,421 - twister - DEBUG - run test: native_sim/native/host/homework.unit.ring_buf
2026-05-19 11:21:08,421 - twister - DEBUG - Reset instance status from 'passed' to None before run.
2026-05-19 11:21:08,421 - twister - DEBUG - Spawning process: /home/gustavo/zephyr/zephyr-course/twister-out/native_sim_native/host/zephyr/zephyr-course/tests/ring_buf/homework.unit.ring_buf/zephyr/zephyr.exe
in directory: /home/gustavo/zephyr/zephyr-course/twister-out/native_sim_native/host/zephyr/zephyr-course/tests/ring_buf/homework.unit.ring_buf
2026-05-19 11:21:08,422 - twister - DEBUG - Spawning BinaryHandler Thread for native_sim/native/host/homework.unit.ring_buf
2026-05-19 11:21:08,444 - twister - DEBUG - OUTPUT: *** Booting Zephyr OS build v4.3.0-rc3-49-g8b032af664be ***
2026-05-19 11:21:08,445 - twister - DEBUG - OUTPUT: Running TESTSUITE ring_buf_boundaries
2026-05-19 11:21:08,446 - twister - DEBUG - OUTPUT: ===================================================================
2026-05-19 11:21:08,448 - twister - DEBUG - OUTPUT: START - test_pop_null_returns_einval
2026-05-19 11:21:08,449 - twister - DEBUG - OUTPUT:  SKIP - test_pop_null_returns_einval in 0.000 seconds
2026-05-19 11:21:08,449 - twister - DEBUG - OUTPUT: ===================================================================
2026-05-19 11:21:08,449 - twister - DEBUG - OUTPUT: START - test_is_full_after_fill
2026-05-19 11:21:08,449 - twister - DEBUG - OUTPUT:  SKIP - test_is_full_after_fill in 0.000 seconds
2026-05-19 11:21:08,450 - twister - DEBUG - OUTPUT: ===================================================================
2026-05-19 11:21:08,450 - twister - DEBUG - OUTPUT: START - test_peek_does_not_consume
2026-05-19 11:21:08,450 - twister - DEBUG - OUTPUT:  SKIP - test_peek_does_not_consume in 0.000 seconds
2026-05-19 11:21:08,450 - twister - DEBUG - OUTPUT: ===================================================================
2026-05-19 11:21:08,450 - twister - DEBUG - OUTPUT: START - test_peek_does_not_consume
2026-05-19 11:21:08,450 - twister - DEBUG - OUTPUT:  SKIP - test_peek_does_not_consume in 0.000 seconds
2026-05-19 11:21:08,451 - twister - DEBUG - OUTPUT: ===================================================================
2026-05-19 11:21:08,451 - twister - DEBUG - OUTPUT: START - test_is_full_after_fill
2026-05-19 11:21:08,451 - twister - DEBUG - OUTPUT:  SKIP - test_is_full_after_fill in 0.000 seconds
2026-05-19 11:21:08,451 - twister - DEBUG - OUTPUT: ===================================================================
2026-05-19 11:21:08,451 - twister - DEBUG - OUTPUT: START - test_pop_null_returns_einval
2026-05-19 11:21:08,451 - twister - DEBUG - OUTPUT:  SKIP - test_pop_null_returns_einval in 0.000 seconds
2026-05-19 11:21:08,452 - twister - DEBUG - OUTPUT: ===================================================================
2026-05-19 11:21:08,452 - twister - DEBUG - OUTPUT: START - test_peek_does_not_consume
2026-05-19 11:21:08,452 - twister - DEBUG - OUTPUT:  SKIP - test_peek_does_not_consume in 0.000 seconds
2026-05-19 11:21:08,452 - twister - DEBUG - OUTPUT: ===================================================================
2026-05-19 11:21:08,452 - twister - DEBUG - OUTPUT: START - test_pop_null_returns_einval
2026-05-19 11:21:08,452 - twister - DEBUG - OUTPUT:  SKIP - test_pop_null_returns_einval in 0.000 seconds
2026-05-19 11:21:08,452 - twister - DEBUG - OUTPUT: ===================================================================
2026-05-19 11:21:08,453 - twister - DEBUG - OUTPUT: START - test_is_full_after_fill
2026-05-19 11:21:08,453 - twister - DEBUG - OUTPUT:  SKIP - test_is_full_after_fill in 0.000 seconds
2026-05-19 11:21:08,453 - twister - DEBUG - OUTPUT: ===================================================================
2026-05-19 11:21:08,453 - twister - DEBUG - OUTPUT: TESTSUITE ring_buf_boundaries succeeded
2026-05-19 11:21:08,453 - twister - DEBUG - OUTPUT: Running TESTSUITE ring_buf_boundaries
2026-05-19 11:21:08,453 - twister - DEBUG - OUTPUT: ===================================================================
2026-05-19 11:21:08,453 - twister - DEBUG - OUTPUT: START - test_peek_does_not_consume
2026-05-19 11:21:08,454 - twister - DEBUG - OUTPUT:  SKIP - test_peek_does_not_consume in 0.000 seconds
2026-05-19 11:21:08,454 - twister - DEBUG - OUTPUT: ===================================================================
2026-05-19 11:21:08,454 - twister - DEBUG - OUTPUT: START - test_is_full_after_fill
2026-05-19 11:21:08,454 - twister - DEBUG - OUTPUT:  SKIP - test_is_full_after_fill in 0.000 seconds
2026-05-19 11:21:08,454 - twister - DEBUG - OUTPUT: ===================================================================
2026-05-19 11:21:08,455 - twister - DEBUG - OUTPUT: START - test_pop_null_returns_einval
2026-05-19 11:21:08,455 - twister - DEBUG - OUTPUT:  SKIP - test_pop_null_returns_einval in 0.000 seconds
2026-05-19 11:21:08,455 - twister - DEBUG - OUTPUT: ===================================================================
2026-05-19 11:21:08,455 - twister - DEBUG - OUTPUT: START - test_peek_does_not_consume
2026-05-19 11:21:08,455 - twister - DEBUG - OUTPUT:  SKIP - test_peek_does_not_consume in 0.000 seconds
2026-05-19 11:21:08,455 - twister - DEBUG - OUTPUT: ===================================================================
2026-05-19 11:21:08,456 - twister - DEBUG - OUTPUT: START - test_is_full_after_fill
2026-05-19 11:21:08,456 - twister - DEBUG - OUTPUT:  SKIP - test_is_full_after_fill in 0.000 seconds
2026-05-19 11:21:08,456 - twister - DEBUG - OUTPUT: ===================================================================
2026-05-19 11:21:08,456 - twister - DEBUG - OUTPUT: START - test_pop_null_returns_einval
2026-05-19 11:21:08,456 - twister - DEBUG - OUTPUT:  SKIP - test_pop_null_returns_einval in 0.000 seconds
2026-05-19 11:21:08,456 - twister - DEBUG - OUTPUT: ===================================================================
2026-05-19 11:21:08,456 - twister - DEBUG - OUTPUT: START - test_is_full_after_fill
2026-05-19 11:21:08,457 - twister - DEBUG - OUTPUT:  SKIP - test_is_full_after_fill in 0.000 seconds
2026-05-19 11:21:08,457 - twister - DEBUG - OUTPUT: ===================================================================
2026-05-19 11:21:08,457 - twister - DEBUG - OUTPUT: START - test_peek_does_not_consume
2026-05-19 11:21:08,457 - twister - DEBUG - OUTPUT:  SKIP - test_peek_does_not_consume in 0.000 seconds
2026-05-19 11:21:08,457 - twister - DEBUG - OUTPUT: ===================================================================
2026-05-19 11:21:08,457 - twister - DEBUG - OUTPUT: START - test_pop_null_returns_einval
2026-05-19 11:21:08,457 - twister - DEBUG - OUTPUT:  SKIP - test_pop_null_returns_einval in 0.000 seconds
2026-05-19 11:21:08,458 - twister - DEBUG - OUTPUT: ===================================================================
2026-05-19 11:21:08,458 - twister - DEBUG - OUTPUT: TESTSUITE ring_buf_boundaries succeeded
2026-05-19 11:21:08,458 - twister - DEBUG - OUTPUT: Running TESTSUITE ring_buf_boundaries
2026-05-19 11:21:08,458 - twister - DEBUG - OUTPUT: ===================================================================
2026-05-19 11:21:08,458 - twister - DEBUG - OUTPUT: START - test_is_full_after_fill
2026-05-19 11:21:08,459 - twister - DEBUG - OUTPUT:  SKIP - test_is_full_after_fill in 0.000 seconds
2026-05-19 11:21:08,459 - twister - DEBUG - OUTPUT: ===================================================================
2026-05-19 11:21:08,459 - twister - DEBUG - OUTPUT: START - test_peek_does_not_consume
2026-05-19 11:21:08,459 - twister - DEBUG - OUTPUT:  SKIP - test_peek_does_not_consume in 0.000 seconds
2026-05-19 11:21:08,459 - twister - DEBUG - OUTPUT: ===================================================================
2026-05-19 11:21:08,459 - twister - DEBUG - OUTPUT: START - test_pop_null_returns_einval
2026-05-19 11:21:08,459 - twister - DEBUG - OUTPUT:  SKIP - test_pop_null_returns_einval in 0.000 seconds
2026-05-19 11:21:08,460 - twister - DEBUG - OUTPUT: ===================================================================
2026-05-19 11:21:08,460 - twister - DEBUG - OUTPUT: START - test_peek_does_not_consume
2026-05-19 11:21:08,460 - twister - DEBUG - OUTPUT:  SKIP - test_peek_does_not_consume in 0.000 seconds
2026-05-19 11:21:08,460 - twister - DEBUG - OUTPUT: ===================================================================
2026-05-19 11:21:08,460 - twister - DEBUG - OUTPUT: START - test_pop_null_returns_einval
2026-05-19 11:21:08,460 - twister - DEBUG - OUTPUT:  SKIP - test_pop_null_returns_einval in 0.000 seconds
2026-05-19 11:21:08,460 - twister - DEBUG - OUTPUT: ===================================================================
2026-05-19 11:21:08,461 - twister - DEBUG - OUTPUT: START - test_is_full_after_fill
2026-05-19 11:21:08,461 - twister - DEBUG - OUTPUT:  SKIP - test_is_full_after_fill in 0.000 seconds
2026-05-19 11:21:08,461 - twister - DEBUG - OUTPUT: ===================================================================
2026-05-19 11:21:08,461 - twister - DEBUG - OUTPUT: START - test_peek_does_not_consume
2026-05-19 11:21:08,461 - twister - DEBUG - OUTPUT:  SKIP - test_peek_does_not_consume in 0.000 seconds
2026-05-19 11:21:08,461 - twister - DEBUG - OUTPUT: ===================================================================
2026-05-19 11:21:08,462 - twister - DEBUG - OUTPUT: START - test_pop_null_returns_einval
2026-05-19 11:21:08,462 - twister - DEBUG - OUTPUT:  SKIP - test_pop_null_returns_einval in 0.000 seconds
2026-05-19 11:21:08,462 - twister - DEBUG - OUTPUT: ===================================================================
2026-05-19 11:21:08,462 - twister - DEBUG - OUTPUT: START - test_is_full_after_fill
2026-05-19 11:21:08,462 - twister - DEBUG - OUTPUT:  SKIP - test_is_full_after_fill in 0.000 seconds
2026-05-19 11:21:08,463 - twister - DEBUG - OUTPUT: ===================================================================
2026-05-19 11:21:08,463 - twister - DEBUG - OUTPUT: TESTSUITE ring_buf_boundaries succeeded
2026-05-19 11:21:08,463 - twister - DEBUG - OUTPUT: Running TESTSUITE ring_buf_init
2026-05-19 11:21:08,463 - twister - DEBUG - OUTPUT: ===================================================================
2026-05-19 11:21:08,463 - twister - DEBUG - OUTPUT: START - test_reinit_clears_state
2026-05-19 11:21:08,463 - twister - DEBUG - OUTPUT:  SKIP - test_reinit_clears_state in 0.000 seconds
2026-05-19 11:21:08,463 - twister - DEBUG - OUTPUT: ===================================================================
2026-05-19 11:21:08,464 - twister - DEBUG - OUTPUT: START - test_fresh_state
2026-05-19 11:21:08,464 - twister - DEBUG - OUTPUT:  PASS - test_fresh_state in 0.000 seconds
2026-05-19 11:21:08,464 - twister - DEBUG - OUTPUT: ===================================================================
2026-05-19 11:21:08,464 - twister - DEBUG - OUTPUT: START - test_reinit_clears_state
2026-05-19 11:21:08,464 - twister - DEBUG - OUTPUT:  SKIP - test_reinit_clears_state in 0.000 seconds
2026-05-19 11:21:08,464 - twister - DEBUG - OUTPUT: ===================================================================
2026-05-19 11:21:08,464 - twister - DEBUG - OUTPUT: START - test_fresh_state
2026-05-19 11:21:08,465 - twister - DEBUG - OUTPUT:  PASS - test_fresh_state in 0.000 seconds
2026-05-19 11:21:08,465 - twister - DEBUG - OUTPUT: ===================================================================
2026-05-19 11:21:08,465 - twister - DEBUG - OUTPUT: START - test_reinit_clears_state
2026-05-19 11:21:08,465 - twister - DEBUG - OUTPUT:  SKIP - test_reinit_clears_state in 0.000 seconds
2026-05-19 11:21:08,465 - twister - DEBUG - OUTPUT: ===================================================================
2026-05-19 11:21:08,465 - twister - DEBUG - OUTPUT: START - test_fresh_state
2026-05-19 11:21:08,465 - twister - DEBUG - OUTPUT:  PASS - test_fresh_state in 0.000 seconds
2026-05-19 11:21:08,466 - twister - DEBUG - OUTPUT: ===================================================================
2026-05-19 11:21:08,466 - twister - DEBUG - OUTPUT: TESTSUITE ring_buf_init succeeded
2026-05-19 11:21:08,466 - twister - DEBUG - OUTPUT: Running TESTSUITE ring_buf_init
2026-05-19 11:21:08,466 - twister - DEBUG - OUTPUT: ===================================================================
2026-05-19 11:21:08,466 - twister - DEBUG - OUTPUT: START - test_fresh_state
2026-05-19 11:21:08,466 - twister - DEBUG - OUTPUT:  PASS - test_fresh_state in 0.000 seconds
2026-05-19 11:21:08,467 - twister - DEBUG - OUTPUT: ===================================================================
2026-05-19 11:21:08,467 - twister - DEBUG - OUTPUT: START - test_reinit_clears_state
2026-05-19 11:21:08,467 - twister - DEBUG - OUTPUT:  SKIP - test_reinit_clears_state in 0.000 seconds
2026-05-19 11:21:08,467 - twister - DEBUG - OUTPUT: ===================================================================
2026-05-19 11:21:08,467 - twister - DEBUG - OUTPUT: START - test_fresh_state
2026-05-19 11:21:08,467 - twister - DEBUG - OUTPUT:  PASS - test_fresh_state in 0.000 seconds
2026-05-19 11:21:08,468 - twister - DEBUG - OUTPUT: ===================================================================
2026-05-19 11:21:08,468 - twister - DEBUG - OUTPUT: START - test_reinit_clears_state
2026-05-19 11:21:08,468 - twister - DEBUG - OUTPUT:  SKIP - test_reinit_clears_state in 0.000 seconds
2026-05-19 11:21:08,468 - twister - DEBUG - OUTPUT: ===================================================================
2026-05-19 11:21:08,468 - twister - DEBUG - OUTPUT: START - test_reinit_clears_state
2026-05-19 11:21:08,468 - twister - DEBUG - OUTPUT:  SKIP - test_reinit_clears_state in 0.000 seconds
2026-05-19 11:21:08,468 - twister - DEBUG - OUTPUT: ===================================================================
2026-05-19 11:21:08,469 - twister - DEBUG - OUTPUT: START - test_fresh_state
2026-05-19 11:21:08,469 - twister - DEBUG - OUTPUT:  PASS - test_fresh_state in 0.000 seconds
2026-05-19 11:21:08,469 - twister - DEBUG - OUTPUT: ===================================================================
2026-05-19 11:21:08,469 - twister - DEBUG - OUTPUT: TESTSUITE ring_buf_init succeeded
2026-05-19 11:21:08,469 - twister - DEBUG - OUTPUT: Running TESTSUITE ring_buf_init
2026-05-19 11:21:08,469 - twister - DEBUG - OUTPUT: ===================================================================
2026-05-19 11:21:08,469 - twister - DEBUG - OUTPUT: START - test_fresh_state
2026-05-19 11:21:08,470 - twister - DEBUG - OUTPUT:  PASS - test_fresh_state in 0.000 seconds
2026-05-19 11:21:08,470 - twister - DEBUG - OUTPUT: ===================================================================
2026-05-19 11:21:08,470 - twister - DEBUG - OUTPUT: START - test_reinit_clears_state
2026-05-19 11:21:08,471 - twister - DEBUG - OUTPUT:  SKIP - test_reinit_clears_state in 0.000 seconds
2026-05-19 11:21:08,471 - twister - DEBUG - OUTPUT: ===================================================================
2026-05-19 11:21:08,471 - twister - DEBUG - OUTPUT: START - test_fresh_state
2026-05-19 11:21:08,471 - twister - DEBUG - OUTPUT:  PASS - test_fresh_state in 0.000 seconds
2026-05-19 11:21:08,471 - twister - DEBUG - OUTPUT: ===================================================================
2026-05-19 11:21:08,471 - twister - DEBUG - OUTPUT: START - test_reinit_clears_state
2026-05-19 11:21:08,472 - twister - DEBUG - OUTPUT:  SKIP - test_reinit_clears_state in 0.000 seconds
2026-05-19 11:21:08,472 - twister - DEBUG - OUTPUT: ===================================================================
2026-05-19 11:21:08,472 - twister - DEBUG - OUTPUT: START - test_reinit_clears_state
2026-05-19 11:21:08,472 - twister - DEBUG - OUTPUT:  SKIP - test_reinit_clears_state in 0.000 seconds
2026-05-19 11:21:08,472 - twister - DEBUG - OUTPUT: ===================================================================
2026-05-19 11:21:08,472 - twister - DEBUG - OUTPUT: START - test_fresh_state
2026-05-19 11:21:08,473 - twister - DEBUG - OUTPUT:  PASS - test_fresh_state in 0.000 seconds
2026-05-19 11:21:08,473 - twister - DEBUG - OUTPUT: ===================================================================
2026-05-19 11:21:08,473 - twister - DEBUG - OUTPUT: TESTSUITE ring_buf_init succeeded
2026-05-19 11:21:08,473 - twister - DEBUG - OUTPUT: Running TESTSUITE ring_buf_push_pop
2026-05-19 11:21:08,473 - twister - DEBUG - OUTPUT: ===================================================================
2026-05-19 11:21:08,473 - twister - DEBUG - OUTPUT: START - test_push_full_returns_enospc
2026-05-19 11:21:08,473 - twister - DEBUG - OUTPUT:  SKIP - test_push_full_returns_enospc in 0.000 seconds
2026-05-19 11:21:08,474 - twister - DEBUG - OUTPUT: ===================================================================
2026-05-19 11:21:08,474 - twister - DEBUG - OUTPUT: START - test_single_push_pop
2026-05-19 11:21:08,474 - twister - DEBUG - OUTPUT:  SKIP - test_single_push_pop in 0.000 seconds
2026-05-19 11:21:08,474 - twister - DEBUG - OUTPUT: ===================================================================
2026-05-19 11:21:08,474 - twister - DEBUG - OUTPUT: START - test_fifo_order
2026-05-19 11:21:08,474 - twister - DEBUG - OUTPUT:  SKIP - test_fifo_order in 0.000 seconds
2026-05-19 11:21:08,474 - twister - DEBUG - OUTPUT: ===================================================================
2026-05-19 11:21:08,475 - twister - DEBUG - OUTPUT: START - test_push_full_returns_enospc
2026-05-19 11:21:08,475 - twister - DEBUG - OUTPUT:  SKIP - test_push_full_returns_enospc in 0.000 seconds
2026-05-19 11:21:08,475 - twister - DEBUG - OUTPUT: ===================================================================
2026-05-19 11:21:08,475 - twister - DEBUG - OUTPUT: START - test_fifo_order
2026-05-19 11:21:08,475 - twister - DEBUG - OUTPUT:  SKIP - test_fifo_order in 0.000 seconds
2026-05-19 11:21:08,475 - twister - DEBUG - OUTPUT: ===================================================================
2026-05-19 11:21:08,476 - twister - DEBUG - OUTPUT: START - test_single_push_pop
2026-05-19 11:21:08,476 - twister - DEBUG - OUTPUT:  SKIP - test_single_push_pop in 0.000 seconds
2026-05-19 11:21:08,476 - twister - DEBUG - OUTPUT: ===================================================================
2026-05-19 11:21:08,476 - twister - DEBUG - OUTPUT: START - test_single_push_pop
2026-05-19 11:21:08,476 - twister - DEBUG - OUTPUT:  SKIP - test_single_push_pop in 0.000 seconds
2026-05-19 11:21:08,476 - twister - DEBUG - OUTPUT: ===================================================================
2026-05-19 11:21:08,476 - twister - DEBUG - OUTPUT: START - test_push_full_returns_enospc
2026-05-19 11:21:08,476 - twister - DEBUG - OUTPUT:  SKIP - test_push_full_returns_enospc in 0.000 seconds
2026-05-19 11:21:08,477 - twister - DEBUG - OUTPUT: ===================================================================
2026-05-19 11:21:08,477 - twister - DEBUG - OUTPUT: START - test_fifo_order
2026-05-19 11:21:08,477 - twister - DEBUG - OUTPUT:  SKIP - test_fifo_order in 0.000 seconds
2026-05-19 11:21:08,477 - twister - DEBUG - OUTPUT: ===================================================================
2026-05-19 11:21:08,477 - twister - DEBUG - OUTPUT: TESTSUITE ring_buf_push_pop succeeded
2026-05-19 11:21:08,477 - twister - DEBUG - OUTPUT: Running TESTSUITE ring_buf_push_pop
2026-05-19 11:21:08,478 - twister - DEBUG - OUTPUT: ===================================================================
2026-05-19 11:21:08,478 - twister - DEBUG - OUTPUT: START - test_push_full_returns_enospc
2026-05-19 11:21:08,478 - twister - DEBUG - OUTPUT:  SKIP - test_push_full_returns_enospc in 0.000 seconds
2026-05-19 11:21:08,478 - twister - DEBUG - OUTPUT: ===================================================================
2026-05-19 11:21:08,478 - twister - DEBUG - OUTPUT: START - test_single_push_pop
2026-05-19 11:21:08,478 - twister - DEBUG - OUTPUT:  SKIP - test_single_push_pop in 0.000 seconds
2026-05-19 11:21:08,479 - twister - DEBUG - OUTPUT: ===================================================================
2026-05-19 11:21:08,479 - twister - DEBUG - OUTPUT: START - test_fifo_order
2026-05-19 11:21:08,479 - twister - DEBUG - OUTPUT:  SKIP - test_fifo_order in 0.000 seconds
2026-05-19 11:21:08,479 - twister - DEBUG - OUTPUT: ===================================================================
2026-05-19 11:21:08,479 - twister - DEBUG - OUTPUT: START - test_fifo_order
2026-05-19 11:21:08,479 - twister - DEBUG - OUTPUT:  SKIP - test_fifo_order in 0.000 seconds
2026-05-19 11:21:08,479 - twister - DEBUG - OUTPUT: ===================================================================
2026-05-19 11:21:08,480 - twister - DEBUG - OUTPUT: START - test_push_full_returns_enospc
2026-05-19 11:21:08,480 - twister - DEBUG - OUTPUT:  SKIP - test_push_full_returns_enospc in 0.000 seconds
2026-05-19 11:21:08,480 - twister - DEBUG - OUTPUT: ===================================================================
2026-05-19 11:21:08,480 - twister - DEBUG - OUTPUT: START - test_single_push_pop
2026-05-19 11:21:08,480 - twister - DEBUG - OUTPUT:  SKIP - test_single_push_pop in 0.000 seconds
2026-05-19 11:21:08,480 - twister - DEBUG - OUTPUT: ===================================================================
2026-05-19 11:21:08,480 - twister - DEBUG - OUTPUT: START - test_fifo_order
2026-05-19 11:21:08,481 - twister - DEBUG - OUTPUT:  SKIP - test_fifo_order in 0.000 seconds
2026-05-19 11:21:08,481 - twister - DEBUG - OUTPUT: ===================================================================
2026-05-19 11:21:08,481 - twister - DEBUG - OUTPUT: START - test_push_full_returns_enospc
2026-05-19 11:21:08,481 - twister - DEBUG - OUTPUT:  SKIP - test_push_full_returns_enospc in 0.000 seconds
2026-05-19 11:21:08,481 - twister - DEBUG - OUTPUT: ===================================================================
2026-05-19 11:21:08,481 - twister - DEBUG - OUTPUT: START - test_single_push_pop
2026-05-19 11:21:08,481 - twister - DEBUG - OUTPUT:  SKIP - test_single_push_pop in 0.000 seconds
2026-05-19 11:21:08,482 - twister - DEBUG - OUTPUT: ===================================================================
2026-05-19 11:21:08,482 - twister - DEBUG - OUTPUT: TESTSUITE ring_buf_push_pop succeeded
2026-05-19 11:21:08,482 - twister - DEBUG - OUTPUT: Running TESTSUITE ring_buf_push_pop
2026-05-19 11:21:08,482 - twister - DEBUG - OUTPUT: ===================================================================
2026-05-19 11:21:08,482 - twister - DEBUG - OUTPUT: START - test_single_push_pop
2026-05-19 11:21:08,483 - twister - DEBUG - OUTPUT:  SKIP - test_single_push_pop in 0.000 seconds
2026-05-19 11:21:08,483 - twister - DEBUG - OUTPUT: ===================================================================
2026-05-19 11:21:08,483 - twister - DEBUG - OUTPUT: START - test_fifo_order
2026-05-19 11:21:08,483 - twister - DEBUG - OUTPUT:  SKIP - test_fifo_order in 0.000 seconds
2026-05-19 11:21:08,483 - twister - DEBUG - OUTPUT: ===================================================================
2026-05-19 11:21:08,483 - twister - DEBUG - OUTPUT: START - test_push_full_returns_enospc
2026-05-19 11:21:08,483 - twister - DEBUG - OUTPUT:  SKIP - test_push_full_returns_enospc in 0.000 seconds
2026-05-19 11:21:08,484 - twister - DEBUG - OUTPUT: ===================================================================
2026-05-19 11:21:08,484 - twister - DEBUG - OUTPUT: START - test_single_push_pop
2026-05-19 11:21:08,484 - twister - DEBUG - OUTPUT:  SKIP - test_single_push_pop in 0.000 seconds
2026-05-19 11:21:08,484 - twister - DEBUG - OUTPUT: ===================================================================
2026-05-19 11:21:08,484 - twister - DEBUG - OUTPUT: START - test_push_full_returns_enospc
2026-05-19 11:21:08,484 - twister - DEBUG - OUTPUT:  SKIP - test_push_full_returns_enospc in 0.000 seconds
2026-05-19 11:21:08,484 - twister - DEBUG - OUTPUT: ===================================================================
2026-05-19 11:21:08,485 - twister - DEBUG - OUTPUT: START - test_fifo_order
2026-05-19 11:21:08,485 - twister - DEBUG - OUTPUT:  SKIP - test_fifo_order in 0.000 seconds
2026-05-19 11:21:08,485 - twister - DEBUG - OUTPUT: ===================================================================
2026-05-19 11:21:08,485 - twister - DEBUG - OUTPUT: START - test_single_push_pop
2026-05-19 11:21:08,485 - twister - DEBUG - OUTPUT:  SKIP - test_single_push_pop in 0.000 seconds
2026-05-19 11:21:08,485 - twister - DEBUG - OUTPUT: ===================================================================
2026-05-19 11:21:08,486 - twister - DEBUG - OUTPUT: START - test_push_full_returns_enospc
2026-05-19 11:21:08,486 - twister - DEBUG - OUTPUT:  SKIP - test_push_full_returns_enospc in 0.000 seconds
2026-05-19 11:21:08,486 - twister - DEBUG - OUTPUT: ===================================================================
2026-05-19 11:21:08,486 - twister - DEBUG - OUTPUT: START - test_fifo_order
2026-05-19 11:21:08,486 - twister - DEBUG - OUTPUT:  SKIP - test_fifo_order in 0.000 seconds
2026-05-19 11:21:08,487 - twister - DEBUG - OUTPUT: ===================================================================
2026-05-19 11:21:08,487 - twister - DEBUG - OUTPUT: TESTSUITE ring_buf_push_pop succeeded
2026-05-19 11:21:08,487 - twister - DEBUG - OUTPUT: 
2026-05-19 11:21:08,487 - twister - DEBUG - OUTPUT: ------ TESTSUITE SUMMARY START ------
2026-05-19 11:21:08,487 - twister - DEBUG - OUTPUT: 
2026-05-19 11:21:08,487 - twister - DEBUG - OUTPUT: SUITE SKIP -   0.00% [ring_buf_boundaries]: pass = 0, fail = 0, skip = 3, total = 3 duration = 0.000 seconds
2026-05-19 11:21:08,487 - twister - DEBUG - OUTPUT:  - SKIP - [ring_buf_boundaries.test_is_full_after_fill] duration = 0.000 seconds
2026-05-19 11:21:08,487 - twister - DEBUG - OUTPUT:  - SKIP - [ring_buf_boundaries.test_peek_does_not_consume] duration = 0.000 seconds
2026-05-19 11:21:08,488 - twister - DEBUG - OUTPUT:  - SKIP - [ring_buf_boundaries.test_pop_null_returns_einval] duration = 0.000 seconds
2026-05-19 11:21:08,488 - twister - DEBUG - OUTPUT: 
2026-05-19 11:21:08,488 - twister - DEBUG - OUTPUT: SUITE PASS - 100.00% [ring_buf_init]: pass = 1, fail = 0, skip = 1, total = 2 duration = 0.000 seconds
2026-05-19 11:21:08,488 - twister - DEBUG - OUTPUT:  - PASS - [ring_buf_init.test_fresh_state] duration = 0.000 seconds
2026-05-19 11:21:08,488 - twister - DEBUG - OUTPUT:  - SKIP - [ring_buf_init.test_reinit_clears_state] duration = 0.000 seconds
2026-05-19 11:21:08,488 - twister - DEBUG - OUTPUT: 
2026-05-19 11:21:08,489 - twister - DEBUG - OUTPUT: SUITE SKIP -   0.00% [ring_buf_push_pop]: pass = 0, fail = 0, skip = 3, total = 3 duration = 0.000 seconds
2026-05-19 11:21:08,489 - twister - DEBUG - OUTPUT:  - SKIP - [ring_buf_push_pop.test_fifo_order] duration = 0.000 seconds
2026-05-19 11:21:08,489 - twister - DEBUG - OUTPUT:  - SKIP - [ring_buf_push_pop.test_push_full_returns_enospc] duration = 0.000 seconds
2026-05-19 11:21:08,489 - twister - DEBUG - OUTPUT:  - SKIP - [ring_buf_push_pop.test_single_push_pop] duration = 0.000 seconds
2026-05-19 11:21:08,489 - twister - DEBUG - OUTPUT: 
2026-05-19 11:21:08,489 - twister - DEBUG - OUTPUT: ------ TESTSUITE SUMMARY END ------
2026-05-19 11:21:08,489 - twister - DEBUG - OUTPUT: 
2026-05-19 11:21:08,490 - twister - DEBUG - OUTPUT: ===================================================================
2026-05-19 11:21:08,490 - twister - DEBUG - OUTPUT: RunID: 197ddd28d423d5973e690cc3a97895ab
2026-05-19 11:21:08,490 - twister - DEBUG - OUTPUT: PROJECT EXECUTION SUCCESSFUL
2026-05-19 11:21:08,496 - twister - DEBUG - Expected suite names:['ring_buf_init', 'ring_buf_push_pop', 'ring_buf_boundaries']
2026-05-19 11:21:08,496 - twister - DEBUG - Detected suite names:['ring_buf_boundaries', 'ring_buf_init', 'ring_buf_push_pop']
2026-05-19 11:21:08,496 - twister - DEBUG - run status: native_sim/native/host/homework.unit.ring_buf passed
2026-05-19 11:21:08,504 - twister - INFO - 1 test scenarios (1 configurations) selected, 0 configurations filtered (0 by static filter, 0 at runtime).
2026-05-19 11:21:08,509 - twister - INFO - [32m1 of 1[39m executed test configurations passed (100.00%), 0 built (not run), 0 failed, 0 errored, with no warnings in 16.34 seconds.
2026-05-19 11:21:08,509 - twister - INFO - 1 of 1 executed test cases passed (100.00%) on 1 out of total 1259 platforms (0.08%).
2026-05-19 11:21:08,509 - twister - INFO - 7 selected test cases not executed: 7 skipped.
2026-05-19 11:21:08,509 - twister - INFO - [32m1[39m test configurations executed on platforms, [36m0[39m test configurations were only built.
2026-05-19 11:21:08,509 - twister - INFO - Saving reports...
2026-05-19 11:21:08,509 - twister - INFO - Writing JSON report /home/gustavo/zephyr/zephyr-course/twister-out/twister.json
2026-05-19 11:21:08,510 - twister - INFO - Writing xunit report /home/gustavo/zephyr/zephyr-course/twister-out/twister.xml...
2026-05-19 11:21:08,511 - twister - INFO - Writing xunit report /home/gustavo/zephyr/zephyr-course/twister-out/twister_report.xml...
2026-05-19 11:21:08,513 - twister - INFO - Run completed
