2026-05-19 12:33:43,717 - twister - INFO - Using Ninja..
2026-05-19 12:33:43,847 - twister - INFO - Zephyr version: v4.3.0-rc3-49-g8b032af664be
2026-05-19 12:33:43,849 - twister - DEBUG - Running cmake script /home/gustavo/zephyrproject/zephyr/cmake/verify-toolchain.cmake
2026-05-19 12:33:43,849 - twister - DEBUG - Calling cmake: /opt/st/stm32cubeclt_1.16.0/CMake/bin/cmake -DFORMAT=json -P /home/gustavo/zephyrproject/zephyr/cmake/verify-toolchain.cmake
2026-05-19 12:33:44,085 - twister - DEBUG - Finished running /home/gustavo/zephyrproject/zephyr/cmake/verify-toolchain.cmake
2026-05-19 12:33:44,085 - twister - INFO - Using 'zephyr' toolchain.
2026-05-19 12:33:46,141 - twister - DEBUG - Reading testsuite configuration files under /home/gustavo/zephyr/zephyr-course/tests/ring_buf...
2026-05-19 12:33:46,141 - twister - DEBUG - Found possible testsuite in /home/gustavo/zephyr/zephyr-course/tests/ring_buf
2026-05-19 12:33:46,144 - twister - DEBUG - No duplicates found.
2026-05-19 12:33:46,145 - twister - DEBUG -  platform filter: ['native_sim']
2026-05-19 12:33:46,145 - twister - DEBUG - platform_pattern: []
2026-05-19 12:33:46,145 - twister - DEBUG -    vendor filter: []
2026-05-19 12:33:46,145 - twister - DEBUG -      arch_filter: None
2026-05-19 12:33:46,145 - twister - DEBUG -       tag_filter: None
2026-05-19 12:33:46,145 - twister - DEBUG -      exclude_tag: None
2026-05-19 12:33:46,145 - twister - DEBUG - Checking platform filter: ['native_sim']
2026-05-19 12:33:46,145 - twister - INFO - Building initial testsuite list...
2026-05-19 12:33:46,146 - twister - INFO - Writing JSON report /home/gustavo/zephyr/zephyr-course/twister-out/testplan.json
2026-05-19 12:33:46,162 - twister - INFO - JOBS: 4
2026-05-19 12:33:46,163 - twister - INFO - Adding tasks to the queue...
2026-05-19 12:33:46,163 - twister - DEBUG - adding native_sim/native/host/homework.unit.ring_buf
2026-05-19 12:33:46,164 - twister - INFO - Added initial list of jobs to queue
2026-05-19 12:33:46,171 - twister - DEBUG - Launched 4 jobs
2026-05-19 12:33:46,176 - twister - DEBUG - Running cmake on /home/gustavo/zephyr/zephyr-course/tests/ring_buf for native_sim/native
2026-05-19 12:33:46,177 - twister - DEBUG - Calling cmake: /opt/st/stm32cubeclt_1.16.0/CMake/bin/cmake -B/home/gustavo/zephyr/zephyr-course/twister-out/native_sim_native/host/zephyr/zephyr-course/tests/ring_buf/homework.unit.ring_buf -DTC_RUNID=ed2bfda42e1a47cedb93c3a886d824f2 -DTC_NAME=homework.unit.ring_buf -DCONFIG_COMPILER_WARNINGS_AS_ERRORS=y -DEXTRA_GEN_EDT_ARGS=--edtlib-Werror -GNinja -DPython3_EXECUTABLE=/home/gustavo/zephyrproject/.venv/bin/python -DZEPHYR_TOOLCHAIN_VARIANT=host -S/home/gustavo/zephyr/zephyr-course/tests/ring_buf -DBOARD=native_sim/native
2026-05-19 12:33:53,553 - twister - DEBUG - Finished running cmake /home/gustavo/zephyr/zephyr-course/tests/ring_buf for native_sim/native in 7.37 seconds
2026-05-19 12:33:53,556 - twister - DEBUG - build test: native_sim/native/host/homework.unit.ring_buf
2026-05-19 12:33:53,556 - twister - DEBUG - Building /home/gustavo/zephyr/zephyr-course/tests/ring_buf for native_sim/native
2026-05-19 12:33:53,557 - twister - DEBUG - Running /opt/st/stm32cubeclt_1.16.0/CMake/bin/cmake --build /home/gustavo/zephyr/zephyr-course/twister-out/native_sim_native/host/zephyr/zephyr-course/tests/ring_buf/homework.unit.ring_buf
2026-05-19 12:33:58,771 - twister - DEBUG - Finished building /home/gustavo/zephyr/zephyr-course/tests/ring_buf for native_sim/native in 5.21 seconds
2026-05-19 12:33:58,771 - twister - DEBUG - Determine test cases for test instance: native_sim/native/host/homework.unit.ring_buf
2026-05-19 12:33:58,771 - twister - DEBUG - Determine test cases for test suite: homework.unit.ring_buf
2026-05-19 12:33:58,855 - twister - DEBUG - Test instance native_sim/native/host/homework.unit.ring_buf already has 8 testcase(s) known: [<TestCase ring_buf_boundaries.is_full_after_fill with None>, <TestCase ring_buf_init.reinit_clears_state with None>, <TestCase ring_buf_push_pop.push_full_returns_enospc with None>, <TestCase ring_buf_boundaries.peek_does_not_consume with None>, <TestCase ring_buf_boundaries.pop_null_returns_einval with None>, <TestCase ring_buf_init.fresh_state with None>, <TestCase ring_buf_push_pop.fifo_order with None>, <TestCase ring_buf_push_pop.single_push_pop with None>]
2026-05-19 12:33:58,855 - twister - DEBUG - Detected 8 Ztest case(s): [ring_buf_boundaries.is_full_after_fill, ring_buf_boundaries.pop_null_returns_einval, ring_buf_boundaries.peek_does_not_consume, ring_buf_push_pop.push_full_returns_enospc, ring_buf_push_pop.fifo_order, ring_buf_push_pop.single_push_pop, ring_buf_init.reinit_clears_state, ring_buf_init.fresh_state] in /home/gustavo/zephyr/zephyr-course/twister-out/native_sim_native/host/zephyr/zephyr-course/tests/ring_buf/homework.unit.ring_buf/zephyr/zephyr.elf
2026-05-19 12:33:58,861 - twister - DEBUG - run test: native_sim/native/host/homework.unit.ring_buf
2026-05-19 12:33:58,861 - twister - DEBUG - Reset instance status from 'passed' to None before run.
2026-05-19 12:33:58,862 - twister - DEBUG - Spawning process: /home/gustavo/zephyr/zephyr-course/twister-out/native_sim_native/host/zephyr/zephyr-course/tests/ring_buf/homework.unit.ring_buf/zephyr/zephyr.exe
in directory: /home/gustavo/zephyr/zephyr-course/twister-out/native_sim_native/host/zephyr/zephyr-course/tests/ring_buf/homework.unit.ring_buf
2026-05-19 12:33:58,863 - twister - DEBUG - Spawning BinaryHandler Thread for native_sim/native/host/homework.unit.ring_buf
2026-05-19 12:33:58,864 - twister - DEBUG - OUTPUT: *** Booting Zephyr OS build v4.3.0-rc3-49-g8b032af664be ***
2026-05-19 12:33:58,865 - twister - DEBUG - OUTPUT: Running TESTSUITE ring_buf_boundaries
2026-05-19 12:33:58,865 - twister - DEBUG - OUTPUT: ===================================================================
2026-05-19 12:33:58,865 - twister - DEBUG - OUTPUT: START - test_pop_null_returns_einval
2026-05-19 12:33:58,866 - twister - DEBUG - OUTPUT: [00:00:00.000,000] [1;31m<err> ring_buf: value pointer is NULL[0m
2026-05-19 12:33:58,866 - twister - DEBUG - OUTPUT:  PASS - test_pop_null_returns_einval in 0.000 seconds
2026-05-19 12:33:58,867 - twister - DEBUG - OUTPUT: ===================================================================
2026-05-19 12:33:58,867 - twister - DEBUG - OUTPUT: START - test_is_full_after_fill
2026-05-19 12:33:58,867 - twister - DEBUG - OUTPUT:  PASS - test_is_full_after_fill in 0.000 seconds
2026-05-19 12:33:58,868 - twister - DEBUG - OUTPUT: ===================================================================
2026-05-19 12:33:58,868 - twister - DEBUG - OUTPUT: START - test_peek_does_not_consume
2026-05-19 12:33:58,868 - twister - DEBUG - OUTPUT:  PASS - test_peek_does_not_consume in 0.000 seconds
2026-05-19 12:33:58,869 - twister - DEBUG - OUTPUT: ===================================================================
2026-05-19 12:33:58,869 - twister - DEBUG - OUTPUT: START - test_peek_does_not_consume
2026-05-19 12:33:58,869 - twister - DEBUG - OUTPUT:  PASS - test_peek_does_not_consume in 0.000 seconds
2026-05-19 12:33:58,870 - twister - DEBUG - OUTPUT: ===================================================================
2026-05-19 12:33:58,872 - twister - DEBUG - OUTPUT: START - test_is_full_after_fill
2026-05-19 12:33:58,873 - twister - DEBUG - OUTPUT:  PASS - test_is_full_after_fill in 0.000 seconds
2026-05-19 12:33:58,874 - twister - DEBUG - OUTPUT: ===================================================================
2026-05-19 12:33:58,876 - twister - DEBUG - OUTPUT: START - test_pop_null_returns_einval
2026-05-19 12:33:58,877 - twister - DEBUG - OUTPUT: [00:00:00.000,000] [1;31m<err> ring_buf: value pointer is NULL[0m
2026-05-19 12:33:58,877 - twister - DEBUG - OUTPUT:  PASS - test_pop_null_returns_einval in 0.000 seconds
2026-05-19 12:33:58,878 - twister - DEBUG - OUTPUT: ===================================================================
2026-05-19 12:33:58,878 - twister - DEBUG - OUTPUT: START - test_peek_does_not_consume
2026-05-19 12:33:58,879 - twister - DEBUG - OUTPUT:  PASS - test_peek_does_not_consume in 0.000 seconds
2026-05-19 12:33:58,879 - twister - DEBUG - OUTPUT: ===================================================================
2026-05-19 12:33:58,880 - twister - DEBUG - OUTPUT: START - test_pop_null_returns_einval
2026-05-19 12:33:58,880 - twister - DEBUG - OUTPUT: [00:00:00.000,000] [1;31m<err> ring_buf: value pointer is NULL[0m
2026-05-19 12:33:58,880 - twister - DEBUG - OUTPUT:  PASS - test_pop_null_returns_einval in 0.000 seconds
2026-05-19 12:33:58,881 - twister - DEBUG - OUTPUT: ===================================================================
2026-05-19 12:33:58,881 - twister - DEBUG - OUTPUT: START - test_is_full_after_fill
2026-05-19 12:33:58,881 - twister - DEBUG - OUTPUT:  PASS - test_is_full_after_fill in 0.000 seconds
2026-05-19 12:33:58,881 - twister - DEBUG - OUTPUT: ===================================================================
2026-05-19 12:33:58,882 - twister - DEBUG - OUTPUT: TESTSUITE ring_buf_boundaries succeeded
2026-05-19 12:33:58,882 - twister - DEBUG - OUTPUT: Running TESTSUITE ring_buf_boundaries
2026-05-19 12:33:58,882 - twister - DEBUG - OUTPUT: ===================================================================
2026-05-19 12:33:58,882 - twister - DEBUG - OUTPUT: START - test_peek_does_not_consume
2026-05-19 12:33:58,885 - twister - DEBUG - OUTPUT:  PASS - test_peek_does_not_consume in 0.000 seconds
2026-05-19 12:33:58,886 - twister - DEBUG - OUTPUT: ===================================================================
2026-05-19 12:33:58,886 - twister - DEBUG - OUTPUT: START - test_is_full_after_fill
2026-05-19 12:33:58,887 - twister - DEBUG - OUTPUT:  PASS - test_is_full_after_fill in 0.000 seconds
2026-05-19 12:33:58,889 - twister - DEBUG - OUTPUT: ===================================================================
2026-05-19 12:33:58,894 - twister - DEBUG - OUTPUT: START - test_pop_null_returns_einval
2026-05-19 12:33:58,894 - twister - DEBUG - OUTPUT: [00:00:00.000,000] [1;31m<err> ring_buf: value pointer is NULL[0m
2026-05-19 12:33:58,895 - twister - DEBUG - OUTPUT:  PASS - test_pop_null_returns_einval in 0.000 seconds
2026-05-19 12:33:58,898 - twister - DEBUG - OUTPUT: ===================================================================
2026-05-19 12:33:58,898 - twister - DEBUG - OUTPUT: START - test_peek_does_not_consume
2026-05-19 12:33:58,898 - twister - DEBUG - OUTPUT:  PASS - test_peek_does_not_consume in 0.000 seconds
2026-05-19 12:33:58,900 - twister - DEBUG - OUTPUT: ===================================================================
2026-05-19 12:33:58,901 - twister - DEBUG - OUTPUT: START - test_is_full_after_fill
2026-05-19 12:33:58,901 - twister - DEBUG - OUTPUT:  PASS - test_is_full_after_fill in 0.000 seconds
2026-05-19 12:33:58,901 - twister - DEBUG - OUTPUT: ===================================================================
2026-05-19 12:33:58,901 - twister - DEBUG - OUTPUT: START - test_pop_null_returns_einval
2026-05-19 12:33:58,902 - twister - DEBUG - OUTPUT: [00:00:00.000,000] [1;31m<err> ring_buf: value pointer is NULL[0m
2026-05-19 12:33:58,902 - twister - DEBUG - OUTPUT:  PASS - test_pop_null_returns_einval in 0.000 seconds
2026-05-19 12:33:58,902 - twister - DEBUG - OUTPUT: ===================================================================
2026-05-19 12:33:58,903 - twister - DEBUG - OUTPUT: START - test_is_full_after_fill
2026-05-19 12:33:58,904 - twister - DEBUG - OUTPUT:  PASS - test_is_full_after_fill in 0.000 seconds
2026-05-19 12:33:58,905 - twister - DEBUG - OUTPUT: ===================================================================
2026-05-19 12:33:58,906 - twister - DEBUG - OUTPUT: START - test_peek_does_not_consume
2026-05-19 12:33:58,906 - twister - DEBUG - OUTPUT:  PASS - test_peek_does_not_consume in 0.000 seconds
2026-05-19 12:33:58,907 - twister - DEBUG - OUTPUT: ===================================================================
2026-05-19 12:33:58,907 - twister - DEBUG - OUTPUT: START - test_pop_null_returns_einval
2026-05-19 12:33:58,907 - twister - DEBUG - OUTPUT: [00:00:00.000,000] [1;31m<err> ring_buf: value pointer is NULL[0m
2026-05-19 12:33:58,908 - twister - DEBUG - OUTPUT:  PASS - test_pop_null_returns_einval in 0.000 seconds
2026-05-19 12:33:58,908 - twister - DEBUG - OUTPUT: ===================================================================
2026-05-19 12:33:58,908 - twister - DEBUG - OUTPUT: TESTSUITE ring_buf_boundaries succeeded
2026-05-19 12:33:58,908 - twister - DEBUG - OUTPUT: Running TESTSUITE ring_buf_boundaries
2026-05-19 12:33:58,909 - twister - DEBUG - OUTPUT: ===================================================================
2026-05-19 12:33:58,909 - twister - DEBUG - OUTPUT: START - test_is_full_after_fill
2026-05-19 12:33:58,909 - twister - DEBUG - OUTPUT:  PASS - test_is_full_after_fill in 0.000 seconds
2026-05-19 12:33:58,910 - twister - DEBUG - OUTPUT: ===================================================================
2026-05-19 12:33:58,910 - twister - DEBUG - OUTPUT: START - test_peek_does_not_consume
2026-05-19 12:33:58,911 - twister - DEBUG - OUTPUT:  PASS - test_peek_does_not_consume in 0.000 seconds
2026-05-19 12:33:58,911 - twister - DEBUG - OUTPUT: ===================================================================
2026-05-19 12:33:58,911 - twister - DEBUG - OUTPUT: START - test_pop_null_returns_einval
2026-05-19 12:33:58,911 - twister - DEBUG - OUTPUT: [00:00:00.000,000] [1;31m<err> ring_buf: value pointer is NULL[0m
2026-05-19 12:33:58,911 - twister - DEBUG - OUTPUT:  PASS - test_pop_null_returns_einval in 0.000 seconds
2026-05-19 12:33:58,912 - twister - DEBUG - OUTPUT: ===================================================================
2026-05-19 12:33:58,912 - twister - DEBUG - OUTPUT: START - test_peek_does_not_consume
2026-05-19 12:33:58,912 - twister - DEBUG - OUTPUT:  PASS - test_peek_does_not_consume in 0.000 seconds
2026-05-19 12:33:58,912 - twister - DEBUG - OUTPUT: ===================================================================
2026-05-19 12:33:58,913 - twister - DEBUG - OUTPUT: START - test_pop_null_returns_einval
2026-05-19 12:33:58,913 - twister - DEBUG - OUTPUT: [00:00:00.000,000] [1;31m<err> ring_buf: value pointer is NULL[0m
2026-05-19 12:33:58,913 - twister - DEBUG - OUTPUT:  PASS - test_pop_null_returns_einval in 0.000 seconds
2026-05-19 12:33:58,913 - twister - DEBUG - OUTPUT: ===================================================================
2026-05-19 12:33:58,913 - twister - DEBUG - OUTPUT: START - test_is_full_after_fill
2026-05-19 12:33:58,913 - twister - DEBUG - OUTPUT:  PASS - test_is_full_after_fill in 0.000 seconds
2026-05-19 12:33:58,914 - twister - DEBUG - OUTPUT: ===================================================================
2026-05-19 12:33:58,914 - twister - DEBUG - OUTPUT: START - test_peek_does_not_consume
2026-05-19 12:33:58,914 - twister - DEBUG - OUTPUT:  PASS - test_peek_does_not_consume in 0.000 seconds
2026-05-19 12:33:58,914 - twister - DEBUG - OUTPUT: ===================================================================
2026-05-19 12:33:58,914 - twister - DEBUG - OUTPUT: START - test_pop_null_returns_einval
2026-05-19 12:33:58,914 - twister - DEBUG - OUTPUT: [00:00:00.000,000] [1;31m<err> ring_buf: value pointer is NULL[0m
2026-05-19 12:33:58,915 - twister - DEBUG - OUTPUT:  PASS - test_pop_null_returns_einval in 0.000 seconds
2026-05-19 12:33:58,915 - twister - DEBUG - OUTPUT: ===================================================================
2026-05-19 12:33:58,915 - twister - DEBUG - OUTPUT: START - test_is_full_after_fill
2026-05-19 12:33:58,915 - twister - DEBUG - OUTPUT:  PASS - test_is_full_after_fill in 0.000 seconds
2026-05-19 12:33:58,915 - twister - DEBUG - OUTPUT: ===================================================================
2026-05-19 12:33:58,915 - twister - DEBUG - OUTPUT: TESTSUITE ring_buf_boundaries succeeded
2026-05-19 12:33:58,916 - twister - DEBUG - OUTPUT: Running TESTSUITE ring_buf_init
2026-05-19 12:33:58,916 - twister - DEBUG - OUTPUT: ===================================================================
2026-05-19 12:33:58,916 - twister - DEBUG - OUTPUT: START - test_reinit_clears_state
2026-05-19 12:33:58,916 - twister - DEBUG - OUTPUT:  PASS - test_reinit_clears_state in 0.000 seconds
2026-05-19 12:33:58,916 - twister - DEBUG - OUTPUT: ===================================================================
2026-05-19 12:33:58,916 - twister - DEBUG - OUTPUT: START - test_fresh_state
2026-05-19 12:33:58,917 - twister - DEBUG - OUTPUT:  PASS - test_fresh_state in 0.000 seconds
2026-05-19 12:33:58,917 - twister - DEBUG - OUTPUT: ===================================================================
2026-05-19 12:33:58,917 - twister - DEBUG - OUTPUT: START - test_reinit_clears_state
2026-05-19 12:33:58,917 - twister - DEBUG - OUTPUT:  PASS - test_reinit_clears_state in 0.000 seconds
2026-05-19 12:33:58,917 - twister - DEBUG - OUTPUT: ===================================================================
2026-05-19 12:33:58,917 - twister - DEBUG - OUTPUT: START - test_fresh_state
2026-05-19 12:33:58,918 - twister - DEBUG - OUTPUT:  PASS - test_fresh_state in 0.000 seconds
2026-05-19 12:33:58,918 - twister - DEBUG - OUTPUT: ===================================================================
2026-05-19 12:33:58,918 - twister - DEBUG - OUTPUT: START - test_reinit_clears_state
2026-05-19 12:33:58,918 - twister - DEBUG - OUTPUT:  PASS - test_reinit_clears_state in 0.000 seconds
2026-05-19 12:33:58,918 - twister - DEBUG - OUTPUT: ===================================================================
2026-05-19 12:33:58,918 - twister - DEBUG - OUTPUT: START - test_fresh_state
2026-05-19 12:33:58,919 - twister - DEBUG - OUTPUT:  PASS - test_fresh_state in 0.000 seconds
2026-05-19 12:33:58,919 - twister - DEBUG - OUTPUT: ===================================================================
2026-05-19 12:33:58,919 - twister - DEBUG - OUTPUT: TESTSUITE ring_buf_init succeeded
2026-05-19 12:33:58,919 - twister - DEBUG - OUTPUT: Running TESTSUITE ring_buf_init
2026-05-19 12:33:58,919 - twister - DEBUG - OUTPUT: ===================================================================
2026-05-19 12:33:58,919 - twister - DEBUG - OUTPUT: START - test_fresh_state
2026-05-19 12:33:58,920 - twister - DEBUG - OUTPUT:  PASS - test_fresh_state in 0.000 seconds
2026-05-19 12:33:58,921 - twister - DEBUG - OUTPUT: ===================================================================
2026-05-19 12:33:58,921 - twister - DEBUG - OUTPUT: START - test_reinit_clears_state
2026-05-19 12:33:58,922 - twister - DEBUG - OUTPUT:  PASS - test_reinit_clears_state in 0.000 seconds
2026-05-19 12:33:58,922 - twister - DEBUG - OUTPUT: ===================================================================
2026-05-19 12:33:58,922 - twister - DEBUG - OUTPUT: START - test_fresh_state
2026-05-19 12:33:58,922 - twister - DEBUG - OUTPUT:  PASS - test_fresh_state in 0.000 seconds
2026-05-19 12:33:58,922 - twister - DEBUG - OUTPUT: ===================================================================
2026-05-19 12:33:58,922 - twister - DEBUG - OUTPUT: START - test_reinit_clears_state
2026-05-19 12:33:58,923 - twister - DEBUG - OUTPUT:  PASS - test_reinit_clears_state in 0.000 seconds
2026-05-19 12:33:58,923 - twister - DEBUG - OUTPUT: ===================================================================
2026-05-19 12:33:58,923 - twister - DEBUG - OUTPUT: START - test_reinit_clears_state
2026-05-19 12:33:58,923 - twister - DEBUG - OUTPUT:  PASS - test_reinit_clears_state in 0.000 seconds
2026-05-19 12:33:58,924 - twister - DEBUG - OUTPUT: ===================================================================
2026-05-19 12:33:58,924 - twister - DEBUG - OUTPUT: START - test_fresh_state
2026-05-19 12:33:58,924 - twister - DEBUG - OUTPUT:  PASS - test_fresh_state in 0.000 seconds
2026-05-19 12:33:58,925 - twister - DEBUG - OUTPUT: ===================================================================
2026-05-19 12:33:58,925 - twister - DEBUG - OUTPUT: TESTSUITE ring_buf_init succeeded
2026-05-19 12:33:58,925 - twister - DEBUG - OUTPUT: Running TESTSUITE ring_buf_init
2026-05-19 12:33:58,926 - twister - DEBUG - OUTPUT: ===================================================================
2026-05-19 12:33:58,926 - twister - DEBUG - OUTPUT: START - test_fresh_state
2026-05-19 12:33:58,926 - twister - DEBUG - OUTPUT:  PASS - test_fresh_state in 0.000 seconds
2026-05-19 12:33:58,927 - twister - DEBUG - OUTPUT: ===================================================================
2026-05-19 12:33:58,927 - twister - DEBUG - OUTPUT: START - test_reinit_clears_state
2026-05-19 12:33:58,927 - twister - DEBUG - OUTPUT:  PASS - test_reinit_clears_state in 0.000 seconds
2026-05-19 12:33:58,927 - twister - DEBUG - OUTPUT: ===================================================================
2026-05-19 12:33:58,928 - twister - DEBUG - OUTPUT: START - test_fresh_state
2026-05-19 12:33:58,928 - twister - DEBUG - OUTPUT:  PASS - test_fresh_state in 0.000 seconds
2026-05-19 12:33:58,928 - twister - DEBUG - OUTPUT: ===================================================================
2026-05-19 12:33:58,928 - twister - DEBUG - OUTPUT: START - test_reinit_clears_state
2026-05-19 12:33:58,928 - twister - DEBUG - OUTPUT:  PASS - test_reinit_clears_state in 0.000 seconds
2026-05-19 12:33:58,929 - twister - DEBUG - OUTPUT: ===================================================================
2026-05-19 12:33:58,929 - twister - DEBUG - OUTPUT: START - test_reinit_clears_state
2026-05-19 12:33:58,929 - twister - DEBUG - OUTPUT:  PASS - test_reinit_clears_state in 0.000 seconds
2026-05-19 12:33:58,929 - twister - DEBUG - OUTPUT: ===================================================================
2026-05-19 12:33:58,930 - twister - DEBUG - OUTPUT: START - test_fresh_state
2026-05-19 12:33:58,930 - twister - DEBUG - OUTPUT:  PASS - test_fresh_state in 0.000 seconds
2026-05-19 12:33:58,930 - twister - DEBUG - OUTPUT: ===================================================================
2026-05-19 12:33:58,931 - twister - DEBUG - OUTPUT: TESTSUITE ring_buf_init succeeded
2026-05-19 12:33:58,931 - twister - DEBUG - OUTPUT: Running TESTSUITE ring_buf_push_pop
2026-05-19 12:33:58,931 - twister - DEBUG - OUTPUT: ===================================================================
2026-05-19 12:33:58,931 - twister - DEBUG - OUTPUT: START - test_push_full_returns_enospc
2026-05-19 12:33:58,931 - twister - DEBUG - OUTPUT: [00:00:00.000,000] [1;33m<wrn> ring_buf: buffer full (capacity=4)[0m
2026-05-19 12:33:58,931 - twister - DEBUG - OUTPUT:  PASS - test_push_full_returns_enospc in 0.000 seconds
2026-05-19 12:33:58,932 - twister - DEBUG - OUTPUT: ===================================================================
2026-05-19 12:33:58,932 - twister - DEBUG - OUTPUT: START - test_single_push_pop
2026-05-19 12:33:58,932 - twister - DEBUG - OUTPUT:  PASS - test_single_push_pop in 0.000 seconds
2026-05-19 12:33:58,932 - twister - DEBUG - OUTPUT: ===================================================================
2026-05-19 12:33:58,932 - twister - DEBUG - OUTPUT: START - test_fifo_order
2026-05-19 12:33:58,933 - twister - DEBUG - OUTPUT:  PASS - test_fifo_order in 0.000 seconds
2026-05-19 12:33:58,933 - twister - DEBUG - OUTPUT: ===================================================================
2026-05-19 12:33:58,933 - twister - DEBUG - OUTPUT: START - test_push_full_returns_enospc
2026-05-19 12:33:58,933 - twister - DEBUG - OUTPUT: [00:00:00.000,000] [1;33m<wrn> ring_buf: buffer full (capacity=4)[0m
2026-05-19 12:33:58,933 - twister - DEBUG - OUTPUT:  PASS - test_push_full_returns_enospc in 0.000 seconds
2026-05-19 12:33:58,934 - twister - DEBUG - OUTPUT: ===================================================================
2026-05-19 12:33:58,934 - twister - DEBUG - OUTPUT: START - test_fifo_order
2026-05-19 12:33:58,934 - twister - DEBUG - OUTPUT:  PASS - test_fifo_order in 0.000 seconds
2026-05-19 12:33:58,934 - twister - DEBUG - OUTPUT: ===================================================================
2026-05-19 12:33:58,934 - twister - DEBUG - OUTPUT: START - test_single_push_pop
2026-05-19 12:33:58,935 - twister - DEBUG - OUTPUT:  PASS - test_single_push_pop in 0.000 seconds
2026-05-19 12:33:58,935 - twister - DEBUG - OUTPUT: ===================================================================
2026-05-19 12:33:58,935 - twister - DEBUG - OUTPUT: START - test_single_push_pop
2026-05-19 12:33:58,935 - twister - DEBUG - OUTPUT:  PASS - test_single_push_pop in 0.000 seconds
2026-05-19 12:33:58,935 - twister - DEBUG - OUTPUT: ===================================================================
2026-05-19 12:33:58,935 - twister - DEBUG - OUTPUT: START - test_push_full_returns_enospc
2026-05-19 12:33:58,936 - twister - DEBUG - OUTPUT: [00:00:00.000,000] [1;33m<wrn> ring_buf: buffer full (capacity=4)[0m
2026-05-19 12:33:58,936 - twister - DEBUG - OUTPUT:  PASS - test_push_full_returns_enospc in 0.000 seconds
2026-05-19 12:33:58,936 - twister - DEBUG - OUTPUT: ===================================================================
2026-05-19 12:33:58,937 - twister - DEBUG - OUTPUT: START - test_fifo_order
2026-05-19 12:33:58,937 - twister - DEBUG - OUTPUT:  PASS - test_fifo_order in 0.000 seconds
2026-05-19 12:33:58,937 - twister - DEBUG - OUTPUT: ===================================================================
2026-05-19 12:33:58,938 - twister - DEBUG - OUTPUT: TESTSUITE ring_buf_push_pop succeeded
2026-05-19 12:33:58,939 - twister - DEBUG - OUTPUT: Running TESTSUITE ring_buf_push_pop
2026-05-19 12:33:58,939 - twister - DEBUG - OUTPUT: ===================================================================
2026-05-19 12:33:58,940 - twister - DEBUG - OUTPUT: START - test_push_full_returns_enospc
2026-05-19 12:33:58,941 - twister - DEBUG - OUTPUT: [00:00:00.000,000] [1;33m<wrn> ring_buf: buffer full (capacity=4)[0m
2026-05-19 12:33:58,942 - twister - DEBUG - OUTPUT:  PASS - test_push_full_returns_enospc in 0.000 seconds
2026-05-19 12:33:58,943 - twister - DEBUG - OUTPUT: ===================================================================
2026-05-19 12:33:58,943 - twister - DEBUG - OUTPUT: START - test_single_push_pop
2026-05-19 12:33:58,943 - twister - DEBUG - OUTPUT:  PASS - test_single_push_pop in 0.000 seconds
2026-05-19 12:33:58,944 - twister - DEBUG - OUTPUT: ===================================================================
2026-05-19 12:33:58,944 - twister - DEBUG - OUTPUT: START - test_fifo_order
2026-05-19 12:33:58,944 - twister - DEBUG - OUTPUT:  PASS - test_fifo_order in 0.000 seconds
2026-05-19 12:33:58,944 - twister - DEBUG - OUTPUT: ===================================================================
2026-05-19 12:33:58,945 - twister - DEBUG - OUTPUT: START - test_fifo_order
2026-05-19 12:33:58,945 - twister - DEBUG - OUTPUT:  PASS - test_fifo_order in 0.000 seconds
2026-05-19 12:33:58,945 - twister - DEBUG - OUTPUT: ===================================================================
2026-05-19 12:33:58,946 - twister - DEBUG - OUTPUT: START - test_push_full_returns_enospc
2026-05-19 12:33:58,946 - twister - DEBUG - OUTPUT: [00:00:00.000,000] [1;33m<wrn> ring_buf: buffer full (capacity=4)[0m
2026-05-19 12:33:58,946 - twister - DEBUG - OUTPUT:  PASS - test_push_full_returns_enospc in 0.000 seconds
2026-05-19 12:33:58,946 - twister - DEBUG - OUTPUT: ===================================================================
2026-05-19 12:33:58,947 - twister - DEBUG - OUTPUT: START - test_single_push_pop
2026-05-19 12:33:58,947 - twister - DEBUG - OUTPUT:  PASS - test_single_push_pop in 0.000 seconds
2026-05-19 12:33:58,947 - twister - DEBUG - OUTPUT: ===================================================================
2026-05-19 12:33:58,947 - twister - DEBUG - OUTPUT: START - test_fifo_order
2026-05-19 12:33:58,947 - twister - DEBUG - OUTPUT:  PASS - test_fifo_order in 0.000 seconds
2026-05-19 12:33:58,948 - twister - DEBUG - OUTPUT: ===================================================================
2026-05-19 12:33:58,948 - twister - DEBUG - OUTPUT: START - test_push_full_returns_enospc
2026-05-19 12:33:58,948 - twister - DEBUG - OUTPUT: [00:00:00.000,000] [1;33m<wrn> ring_buf: buffer full (capacity=4)[0m
2026-05-19 12:33:58,948 - twister - DEBUG - OUTPUT:  PASS - test_push_full_returns_enospc in 0.000 seconds
2026-05-19 12:33:58,948 - twister - DEBUG - OUTPUT: ===================================================================
2026-05-19 12:33:58,949 - twister - DEBUG - OUTPUT: START - test_single_push_pop
2026-05-19 12:33:58,949 - twister - DEBUG - OUTPUT:  PASS - test_single_push_pop in 0.000 seconds
2026-05-19 12:33:58,949 - twister - DEBUG - OUTPUT: ===================================================================
2026-05-19 12:33:58,949 - twister - DEBUG - OUTPUT: TESTSUITE ring_buf_push_pop succeeded
2026-05-19 12:33:58,949 - twister - DEBUG - OUTPUT: Running TESTSUITE ring_buf_push_pop
2026-05-19 12:33:58,950 - twister - DEBUG - OUTPUT: ===================================================================
2026-05-19 12:33:58,950 - twister - DEBUG - OUTPUT: START - test_single_push_pop
2026-05-19 12:33:58,950 - twister - DEBUG - OUTPUT:  PASS - test_single_push_pop in 0.000 seconds
2026-05-19 12:33:58,950 - twister - DEBUG - OUTPUT: ===================================================================
2026-05-19 12:33:58,950 - twister - DEBUG - OUTPUT: START - test_fifo_order
2026-05-19 12:33:58,951 - twister - DEBUG - OUTPUT:  PASS - test_fifo_order in 0.000 seconds
2026-05-19 12:33:58,951 - twister - DEBUG - OUTPUT: ===================================================================
2026-05-19 12:33:58,951 - twister - DEBUG - OUTPUT: START - test_push_full_returns_enospc
2026-05-19 12:33:58,951 - twister - DEBUG - OUTPUT: [00:00:00.000,000] [1;33m<wrn> ring_buf: buffer full (capacity=4)[0m
2026-05-19 12:33:58,951 - twister - DEBUG - OUTPUT:  PASS - test_push_full_returns_enospc in 0.000 seconds
2026-05-19 12:33:58,952 - twister - DEBUG - OUTPUT: ===================================================================
2026-05-19 12:33:58,952 - twister - DEBUG - OUTPUT: START - test_single_push_pop
2026-05-19 12:33:58,952 - twister - DEBUG - OUTPUT:  PASS - test_single_push_pop in 0.000 seconds
2026-05-19 12:33:58,952 - twister - DEBUG - OUTPUT: ===================================================================
2026-05-19 12:33:58,952 - twister - DEBUG - OUTPUT: START - test_push_full_returns_enospc
2026-05-19 12:33:58,953 - twister - DEBUG - OUTPUT: [00:00:00.000,000] [1;33m<wrn> ring_buf: buffer full (capacity=4)[0m
2026-05-19 12:33:58,953 - twister - DEBUG - OUTPUT:  PASS - test_push_full_returns_enospc in 0.000 seconds
2026-05-19 12:33:58,953 - twister - DEBUG - OUTPUT: ===================================================================
2026-05-19 12:33:58,954 - twister - DEBUG - OUTPUT: START - test_fifo_order
2026-05-19 12:33:58,955 - twister - DEBUG - OUTPUT:  PASS - test_fifo_order in 0.000 seconds
2026-05-19 12:33:58,956 - twister - DEBUG - OUTPUT: ===================================================================
2026-05-19 12:33:58,956 - twister - DEBUG - OUTPUT: START - test_single_push_pop
2026-05-19 12:33:58,958 - twister - DEBUG - OUTPUT:  PASS - test_single_push_pop in 0.000 seconds
2026-05-19 12:33:58,959 - twister - DEBUG - OUTPUT: ===================================================================
2026-05-19 12:33:58,959 - twister - DEBUG - OUTPUT: START - test_push_full_returns_enospc
2026-05-19 12:33:58,960 - twister - DEBUG - OUTPUT: [00:00:00.000,000] [1;33m<wrn> ring_buf: buffer full (capacity=4)[0m
2026-05-19 12:33:58,960 - twister - DEBUG - OUTPUT:  PASS - test_push_full_returns_enospc in 0.000 seconds
2026-05-19 12:33:58,960 - twister - DEBUG - OUTPUT: ===================================================================
2026-05-19 12:33:58,960 - twister - DEBUG - OUTPUT: START - test_fifo_order
2026-05-19 12:33:58,961 - twister - DEBUG - OUTPUT:  PASS - test_fifo_order in 0.000 seconds
2026-05-19 12:33:58,961 - twister - DEBUG - OUTPUT: ===================================================================
2026-05-19 12:33:58,961 - twister - DEBUG - OUTPUT: TESTSUITE ring_buf_push_pop succeeded
2026-05-19 12:33:58,961 - twister - DEBUG - OUTPUT: 
2026-05-19 12:33:58,961 - twister - DEBUG - OUTPUT: ------ TESTSUITE SUMMARY START ------
2026-05-19 12:33:58,962 - twister - DEBUG - OUTPUT: 
2026-05-19 12:33:58,962 - twister - DEBUG - OUTPUT: SUITE PASS - 100.00% [ring_buf_boundaries]: pass = 3, fail = 0, skip = 0, total = 3 duration = 0.000 seconds
2026-05-19 12:33:58,962 - twister - DEBUG - OUTPUT:  - PASS - [ring_buf_boundaries.test_is_full_after_fill] duration = 0.000 seconds
2026-05-19 12:33:58,962 - twister - DEBUG - OUTPUT:  - PASS - [ring_buf_boundaries.test_peek_does_not_consume] duration = 0.000 seconds
2026-05-19 12:33:58,963 - twister - DEBUG - OUTPUT:  - PASS - [ring_buf_boundaries.test_pop_null_returns_einval] duration = 0.000 seconds
2026-05-19 12:33:58,963 - twister - DEBUG - OUTPUT: 
2026-05-19 12:33:58,963 - twister - DEBUG - OUTPUT: SUITE PASS - 100.00% [ring_buf_init]: pass = 2, fail = 0, skip = 0, total = 2 duration = 0.000 seconds
2026-05-19 12:33:58,963 - twister - DEBUG - OUTPUT:  - PASS - [ring_buf_init.test_fresh_state] duration = 0.000 seconds
2026-05-19 12:33:58,963 - twister - DEBUG - OUTPUT:  - PASS - [ring_buf_init.test_reinit_clears_state] duration = 0.000 seconds
2026-05-19 12:33:58,964 - twister - DEBUG - OUTPUT: 
2026-05-19 12:33:58,964 - twister - DEBUG - OUTPUT: SUITE PASS - 100.00% [ring_buf_push_pop]: pass = 3, fail = 0, skip = 0, total = 3 duration = 0.000 seconds
2026-05-19 12:33:58,964 - twister - DEBUG - OUTPUT:  - PASS - [ring_buf_push_pop.test_fifo_order] duration = 0.000 seconds
2026-05-19 12:33:58,964 - twister - DEBUG - OUTPUT:  - PASS - [ring_buf_push_pop.test_push_full_returns_enospc] duration = 0.000 seconds
2026-05-19 12:33:58,964 - twister - DEBUG - OUTPUT:  - PASS - [ring_buf_push_pop.test_single_push_pop] duration = 0.000 seconds
2026-05-19 12:33:58,965 - twister - DEBUG - OUTPUT: 
2026-05-19 12:33:58,965 - twister - DEBUG - OUTPUT: ------ TESTSUITE SUMMARY END ------
2026-05-19 12:33:58,965 - twister - DEBUG - OUTPUT: 
2026-05-19 12:33:58,965 - twister - DEBUG - OUTPUT: ===================================================================
2026-05-19 12:33:58,965 - twister - DEBUG - OUTPUT: RunID: ed2bfda42e1a47cedb93c3a886d824f2
2026-05-19 12:33:58,966 - twister - DEBUG - OUTPUT: PROJECT EXECUTION SUCCESSFUL
2026-05-19 12:33:58,967 - twister - DEBUG - Expected suite names:['ring_buf_init', 'ring_buf_push_pop', 'ring_buf_boundaries']
2026-05-19 12:33:58,967 - twister - DEBUG - Detected suite names:['ring_buf_boundaries', 'ring_buf_init', 'ring_buf_push_pop']
2026-05-19 12:33:58,967 - twister - DEBUG - run status: native_sim/native/host/homework.unit.ring_buf passed
2026-05-19 12:33:58,981 - twister - INFO - 1 test scenarios (1 configurations) selected, 0 configurations filtered (0 by static filter, 0 at runtime).
2026-05-19 12:33:58,986 - twister - INFO - [32m1 of 1[39m executed test configurations passed (100.00%), 0 built (not run), 0 failed, 0 errored, with no warnings in 15.27 seconds.
2026-05-19 12:33:58,987 - twister - INFO - 8 of 8 executed test cases passed (100.00%) on 1 out of total 1259 platforms (0.08%).
2026-05-19 12:33:58,988 - twister - INFO - [32m1[39m test configurations executed on platforms, [36m0[39m test configurations were only built.
2026-05-19 12:33:58,988 - twister - INFO - Saving reports...
2026-05-19 12:33:58,988 - twister - INFO - Writing JSON report /home/gustavo/zephyr/zephyr-course/twister-out/twister.json
2026-05-19 12:33:58,989 - twister - INFO - Writing xunit report /home/gustavo/zephyr/zephyr-course/twister-out/twister.xml...
2026-05-19 12:33:58,997 - twister - INFO - Writing xunit report /home/gustavo/zephyr/zephyr-course/twister-out/twister_report.xml...
2026-05-19 12:33:58,999 - twister - INFO - Run completed
