2026-05-19 12:03:03,502 - twister - INFO - Using Ninja..
2026-05-19 12:03:03,630 - twister - INFO - Zephyr version: v4.3.0-rc3-49-g8b032af664be
2026-05-19 12:03:03,632 - twister - DEBUG - Running cmake script /home/gustavo/zephyrproject/zephyr/cmake/verify-toolchain.cmake
2026-05-19 12:03:03,633 - twister - DEBUG - Calling cmake: /opt/st/stm32cubeclt_1.16.0/CMake/bin/cmake -DFORMAT=json -P /home/gustavo/zephyrproject/zephyr/cmake/verify-toolchain.cmake
2026-05-19 12:03:03,863 - twister - DEBUG - Finished running /home/gustavo/zephyrproject/zephyr/cmake/verify-toolchain.cmake
2026-05-19 12:03:03,863 - twister - INFO - Using 'zephyr' toolchain.
2026-05-19 12:03:05,783 - twister - DEBUG - Reading testsuite configuration files under /home/gustavo/zephyr/zephyr-course/tests/ring_buf...
2026-05-19 12:03:05,783 - twister - DEBUG - Found possible testsuite in /home/gustavo/zephyr/zephyr-course/tests/ring_buf
2026-05-19 12:03:05,786 - twister - DEBUG - No duplicates found.
2026-05-19 12:03:05,787 - twister - DEBUG -  platform filter: ['native_sim']
2026-05-19 12:03:05,787 - twister - DEBUG - platform_pattern: []
2026-05-19 12:03:05,787 - twister - DEBUG -    vendor filter: []
2026-05-19 12:03:05,787 - twister - DEBUG -      arch_filter: None
2026-05-19 12:03:05,787 - twister - DEBUG -       tag_filter: None
2026-05-19 12:03:05,787 - twister - DEBUG -      exclude_tag: None
2026-05-19 12:03:05,787 - twister - DEBUG - Checking platform filter: ['native_sim']
2026-05-19 12:03:05,787 - twister - INFO - Building initial testsuite list...
2026-05-19 12:03:05,788 - twister - INFO - Writing JSON report /home/gustavo/zephyr/zephyr-course/twister-out/testplan.json
2026-05-19 12:03:05,805 - twister - INFO - JOBS: 4
2026-05-19 12:03:05,805 - twister - INFO - Adding tasks to the queue...
2026-05-19 12:03:05,805 - twister - DEBUG - adding native_sim/native/host/homework.unit.ring_buf
2026-05-19 12:03:05,807 - twister - INFO - Added initial list of jobs to queue
2026-05-19 12:03:05,813 - twister - DEBUG - Launched 4 jobs
2026-05-19 12:03:05,817 - twister - DEBUG - Running cmake on /home/gustavo/zephyr/zephyr-course/tests/ring_buf for native_sim/native
2026-05-19 12:03:05,819 - twister - DEBUG - Calling cmake: /opt/st/stm32cubeclt_1.16.0/CMake/bin/cmake -B/home/gustavo/zephyr/zephyr-course/twister-out/native_sim_native/host/zephyr/zephyr-course/tests/ring_buf/homework.unit.ring_buf -DTC_RUNID=59e64d0bbbf81a2d528f05f5c7317092 -DTC_NAME=homework.unit.ring_buf -DCONFIG_COMPILER_WARNINGS_AS_ERRORS=y -DEXTRA_GEN_EDT_ARGS=--edtlib-Werror -GNinja -DPython3_EXECUTABLE=/home/gustavo/zephyrproject/.venv/bin/python -DZEPHYR_TOOLCHAIN_VARIANT=host -S/home/gustavo/zephyr/zephyr-course/tests/ring_buf -DBOARD=native_sim/native
2026-05-19 12:03:12,865 - twister - DEBUG - Finished running cmake /home/gustavo/zephyr/zephyr-course/tests/ring_buf for native_sim/native in 7.04 seconds
2026-05-19 12:03:12,867 - twister - DEBUG - build test: native_sim/native/host/homework.unit.ring_buf
2026-05-19 12:03:12,867 - twister - DEBUG - Building /home/gustavo/zephyr/zephyr-course/tests/ring_buf for native_sim/native
2026-05-19 12:03:12,868 - twister - DEBUG - Running /opt/st/stm32cubeclt_1.16.0/CMake/bin/cmake --build /home/gustavo/zephyr/zephyr-course/twister-out/native_sim_native/host/zephyr/zephyr-course/tests/ring_buf/homework.unit.ring_buf
2026-05-19 12:03:15,997 - twister - DEBUG - Finished building /home/gustavo/zephyr/zephyr-course/tests/ring_buf for native_sim/native in 3.13 seconds
2026-05-19 12:03:15,997 - twister - DEBUG - Determine test cases for test instance: native_sim/native/host/homework.unit.ring_buf
2026-05-19 12:03:15,997 - twister - DEBUG - Determine test cases for test suite: homework.unit.ring_buf
2026-05-19 12:03:16,056 - twister - DEBUG - Test instance native_sim/native/host/homework.unit.ring_buf already has 8 testcase(s) known: [<TestCase ring_buf_push_pop.fifo_order with None>, <TestCase ring_buf_init.fresh_state with None>, <TestCase ring_buf_push_pop.push_full_returns_enospc with None>, <TestCase ring_buf_init.reinit_clears_state with None>, <TestCase ring_buf_push_pop.single_push_pop with None>, <TestCase ring_buf_boundaries.peek_does_not_consume with None>, <TestCase ring_buf_boundaries.is_full_after_fill with None>, <TestCase ring_buf_boundaries.pop_null_returns_einval with None>]
2026-05-19 12:03:16,056 - twister - DEBUG - Detected 8 Ztest case(s): [ring_buf_boundaries.is_full_after_fill, ring_buf_boundaries.pop_null_returns_einval, ring_buf_boundaries.peek_does_not_consume, ring_buf_push_pop.push_full_returns_enospc, ring_buf_push_pop.fifo_order, ring_buf_push_pop.single_push_pop, ring_buf_init.reinit_clears_state, ring_buf_init.fresh_state] in /home/gustavo/zephyr/zephyr-course/twister-out/native_sim_native/host/zephyr/zephyr-course/tests/ring_buf/homework.unit.ring_buf/zephyr/zephyr.elf
2026-05-19 12:03:16,060 - twister - DEBUG - run test: native_sim/native/host/homework.unit.ring_buf
2026-05-19 12:03:16,060 - twister - DEBUG - Reset instance status from 'passed' to None before run.
2026-05-19 12:03:16,060 - twister - DEBUG - Spawning process: /home/gustavo/zephyr/zephyr-course/twister-out/native_sim_native/host/zephyr/zephyr-course/tests/ring_buf/homework.unit.ring_buf/zephyr/zephyr.exe
in directory: /home/gustavo/zephyr/zephyr-course/twister-out/native_sim_native/host/zephyr/zephyr-course/tests/ring_buf/homework.unit.ring_buf
2026-05-19 12:03:16,061 - twister - DEBUG - Spawning BinaryHandler Thread for native_sim/native/host/homework.unit.ring_buf
2026-05-19 12:03:16,061 - twister - DEBUG - OUTPUT: *** Booting Zephyr OS build v4.3.0-rc3-49-g8b032af664be ***
2026-05-19 12:03:16,062 - twister - DEBUG - OUTPUT: Running TESTSUITE ring_buf_boundaries
2026-05-19 12:03:16,062 - twister - DEBUG - OUTPUT: ===================================================================
2026-05-19 12:03:16,062 - twister - DEBUG - OUTPUT: START - test_pop_null_returns_einval
2026-05-19 12:03:16,062 - twister - DEBUG - OUTPUT:  SKIP - test_pop_null_returns_einval in 0.000 seconds
2026-05-19 12:03:16,063 - twister - DEBUG - OUTPUT: ===================================================================
2026-05-19 12:03:16,063 - twister - DEBUG - OUTPUT: START - test_is_full_after_fill
2026-05-19 12:03:16,063 - twister - DEBUG - OUTPUT:  SKIP - test_is_full_after_fill in 0.000 seconds
2026-05-19 12:03:16,063 - twister - DEBUG - OUTPUT: ===================================================================
2026-05-19 12:03:16,063 - twister - DEBUG - OUTPUT: START - test_peek_does_not_consume
2026-05-19 12:03:16,063 - twister - DEBUG - OUTPUT:  SKIP - test_peek_does_not_consume in 0.000 seconds
2026-05-19 12:03:16,064 - twister - DEBUG - OUTPUT: ===================================================================
2026-05-19 12:03:16,064 - twister - DEBUG - OUTPUT: START - test_peek_does_not_consume
2026-05-19 12:03:16,064 - twister - DEBUG - OUTPUT:  SKIP - test_peek_does_not_consume in 0.000 seconds
2026-05-19 12:03:16,064 - twister - DEBUG - OUTPUT: ===================================================================
2026-05-19 12:03:16,064 - twister - DEBUG - OUTPUT: START - test_is_full_after_fill
2026-05-19 12:03:16,065 - twister - DEBUG - OUTPUT:  SKIP - test_is_full_after_fill in 0.000 seconds
2026-05-19 12:03:16,065 - twister - DEBUG - OUTPUT: ===================================================================
2026-05-19 12:03:16,065 - twister - DEBUG - OUTPUT: START - test_pop_null_returns_einval
2026-05-19 12:03:16,065 - twister - DEBUG - OUTPUT:  SKIP - test_pop_null_returns_einval in 0.000 seconds
2026-05-19 12:03:16,066 - twister - DEBUG - OUTPUT: ===================================================================
2026-05-19 12:03:16,066 - twister - DEBUG - OUTPUT: START - test_peek_does_not_consume
2026-05-19 12:03:16,066 - twister - DEBUG - OUTPUT:  SKIP - test_peek_does_not_consume in 0.000 seconds
2026-05-19 12:03:16,066 - twister - DEBUG - OUTPUT: ===================================================================
2026-05-19 12:03:16,067 - twister - DEBUG - OUTPUT: START - test_pop_null_returns_einval
2026-05-19 12:03:16,067 - twister - DEBUG - OUTPUT:  SKIP - test_pop_null_returns_einval in 0.000 seconds
2026-05-19 12:03:16,067 - twister - DEBUG - OUTPUT: ===================================================================
2026-05-19 12:03:16,067 - twister - DEBUG - OUTPUT: START - test_is_full_after_fill
2026-05-19 12:03:16,067 - twister - DEBUG - OUTPUT:  SKIP - test_is_full_after_fill in 0.000 seconds
2026-05-19 12:03:16,067 - twister - DEBUG - OUTPUT: ===================================================================
2026-05-19 12:03:16,068 - twister - DEBUG - OUTPUT: TESTSUITE ring_buf_boundaries succeeded
2026-05-19 12:03:16,068 - twister - DEBUG - OUTPUT: Running TESTSUITE ring_buf_boundaries
2026-05-19 12:03:16,068 - twister - DEBUG - OUTPUT: ===================================================================
2026-05-19 12:03:16,068 - twister - DEBUG - OUTPUT: START - test_peek_does_not_consume
2026-05-19 12:03:16,068 - twister - DEBUG - OUTPUT:  SKIP - test_peek_does_not_consume in 0.000 seconds
2026-05-19 12:03:16,069 - twister - DEBUG - OUTPUT: ===================================================================
2026-05-19 12:03:16,069 - twister - DEBUG - OUTPUT: START - test_is_full_after_fill
2026-05-19 12:03:16,069 - twister - DEBUG - OUTPUT:  SKIP - test_is_full_after_fill in 0.000 seconds
2026-05-19 12:03:16,069 - twister - DEBUG - OUTPUT: ===================================================================
2026-05-19 12:03:16,069 - twister - DEBUG - OUTPUT: START - test_pop_null_returns_einval
2026-05-19 12:03:16,069 - twister - DEBUG - OUTPUT:  SKIP - test_pop_null_returns_einval in 0.000 seconds
2026-05-19 12:03:16,070 - twister - DEBUG - OUTPUT: ===================================================================
2026-05-19 12:03:16,070 - twister - DEBUG - OUTPUT: START - test_peek_does_not_consume
2026-05-19 12:03:16,070 - twister - DEBUG - OUTPUT:  SKIP - test_peek_does_not_consume in 0.000 seconds
2026-05-19 12:03:16,070 - twister - DEBUG - OUTPUT: ===================================================================
2026-05-19 12:03:16,070 - twister - DEBUG - OUTPUT: START - test_is_full_after_fill
2026-05-19 12:03:16,070 - twister - DEBUG - OUTPUT:  SKIP - test_is_full_after_fill in 0.000 seconds
2026-05-19 12:03:16,071 - twister - DEBUG - OUTPUT: ===================================================================
2026-05-19 12:03:16,071 - twister - DEBUG - OUTPUT: START - test_pop_null_returns_einval
2026-05-19 12:03:16,071 - twister - DEBUG - OUTPUT:  SKIP - test_pop_null_returns_einval in 0.000 seconds
2026-05-19 12:03:16,071 - twister - DEBUG - OUTPUT: ===================================================================
2026-05-19 12:03:16,071 - twister - DEBUG - OUTPUT: START - test_is_full_after_fill
2026-05-19 12:03:16,071 - twister - DEBUG - OUTPUT:  SKIP - test_is_full_after_fill in 0.000 seconds
2026-05-19 12:03:16,071 - twister - DEBUG - OUTPUT: ===================================================================
2026-05-19 12:03:16,072 - twister - DEBUG - OUTPUT: START - test_peek_does_not_consume
2026-05-19 12:03:16,072 - twister - DEBUG - OUTPUT:  SKIP - test_peek_does_not_consume in 0.000 seconds
2026-05-19 12:03:16,072 - twister - DEBUG - OUTPUT: ===================================================================
2026-05-19 12:03:16,072 - twister - DEBUG - OUTPUT: START - test_pop_null_returns_einval
2026-05-19 12:03:16,072 - twister - DEBUG - OUTPUT:  SKIP - test_pop_null_returns_einval in 0.000 seconds
2026-05-19 12:03:16,072 - twister - DEBUG - OUTPUT: ===================================================================
2026-05-19 12:03:16,073 - twister - DEBUG - OUTPUT: TESTSUITE ring_buf_boundaries succeeded
2026-05-19 12:03:16,073 - twister - DEBUG - OUTPUT: Running TESTSUITE ring_buf_boundaries
2026-05-19 12:03:16,073 - twister - DEBUG - OUTPUT: ===================================================================
2026-05-19 12:03:16,073 - twister - DEBUG - OUTPUT: START - test_is_full_after_fill
2026-05-19 12:03:16,073 - twister - DEBUG - OUTPUT:  SKIP - test_is_full_after_fill in 0.000 seconds
2026-05-19 12:03:16,074 - twister - DEBUG - OUTPUT: ===================================================================
2026-05-19 12:03:16,074 - twister - DEBUG - OUTPUT: START - test_peek_does_not_consume
2026-05-19 12:03:16,074 - twister - DEBUG - OUTPUT:  SKIP - test_peek_does_not_consume in 0.000 seconds
2026-05-19 12:03:16,074 - twister - DEBUG - OUTPUT: ===================================================================
2026-05-19 12:03:16,074 - twister - DEBUG - OUTPUT: START - test_pop_null_returns_einval
2026-05-19 12:03:16,075 - twister - DEBUG - OUTPUT:  SKIP - test_pop_null_returns_einval in 0.000 seconds
2026-05-19 12:03:16,075 - twister - DEBUG - OUTPUT: ===================================================================
2026-05-19 12:03:16,075 - twister - DEBUG - OUTPUT: START - test_peek_does_not_consume
2026-05-19 12:03:16,075 - twister - DEBUG - OUTPUT:  SKIP - test_peek_does_not_consume in 0.000 seconds
2026-05-19 12:03:16,075 - twister - DEBUG - OUTPUT: ===================================================================
2026-05-19 12:03:16,075 - twister - DEBUG - OUTPUT: START - test_pop_null_returns_einval
2026-05-19 12:03:16,075 - twister - DEBUG - OUTPUT:  SKIP - test_pop_null_returns_einval in 0.000 seconds
2026-05-19 12:03:16,076 - twister - DEBUG - OUTPUT: ===================================================================
2026-05-19 12:03:16,076 - twister - DEBUG - OUTPUT: START - test_is_full_after_fill
2026-05-19 12:03:16,076 - twister - DEBUG - OUTPUT:  SKIP - test_is_full_after_fill in 0.000 seconds
2026-05-19 12:03:16,076 - twister - DEBUG - OUTPUT: ===================================================================
2026-05-19 12:03:16,076 - twister - DEBUG - OUTPUT: START - test_peek_does_not_consume
2026-05-19 12:03:16,076 - twister - DEBUG - OUTPUT:  SKIP - test_peek_does_not_consume in 0.000 seconds
2026-05-19 12:03:16,077 - twister - DEBUG - OUTPUT: ===================================================================
2026-05-19 12:03:16,077 - twister - DEBUG - OUTPUT: START - test_pop_null_returns_einval
2026-05-19 12:03:16,077 - twister - DEBUG - OUTPUT:  SKIP - test_pop_null_returns_einval in 0.000 seconds
2026-05-19 12:03:16,077 - twister - DEBUG - OUTPUT: ===================================================================
2026-05-19 12:03:16,077 - twister - DEBUG - OUTPUT: START - test_is_full_after_fill
2026-05-19 12:03:16,077 - twister - DEBUG - OUTPUT:  SKIP - test_is_full_after_fill in 0.000 seconds
2026-05-19 12:03:16,077 - twister - DEBUG - OUTPUT: ===================================================================
2026-05-19 12:03:16,078 - twister - DEBUG - OUTPUT: TESTSUITE ring_buf_boundaries succeeded
2026-05-19 12:03:16,078 - twister - DEBUG - OUTPUT: Running TESTSUITE ring_buf_init
2026-05-19 12:03:16,078 - twister - DEBUG - OUTPUT: ===================================================================
2026-05-19 12:03:16,078 - twister - DEBUG - OUTPUT: START - test_reinit_clears_state
2026-05-19 12:03:16,078 - twister - DEBUG - OUTPUT: 
2026-05-19 12:03:16,078 - twister - DEBUG - OUTPUT:     Assertion failed at CMAKE_SOURCE_DIR/src/test_ring_buf.c:54: ring_buf_init_test_reinit_clears_state: (rb_is_empty() is non-zero)
2026-05-19 12:03:16,079 - twister - DEBUG - OUTPUT: Buffer after rb_init must be empty
2026-05-19 12:03:16,079 - twister - DEBUG - OUTPUT:  FAIL - test_reinit_clears_state in 0.000 seconds
2026-05-19 12:03:16,079 - twister - DEBUG - OUTPUT: ===================================================================
2026-05-19 12:03:16,079 - twister - DEBUG - OUTPUT: START - test_fresh_state
2026-05-19 12:03:16,079 - twister - DEBUG - OUTPUT:  PASS - test_fresh_state in 0.000 seconds
2026-05-19 12:03:16,079 - twister - DEBUG - OUTPUT: ===================================================================
2026-05-19 12:03:16,080 - twister - DEBUG - OUTPUT: START - test_reinit_clears_state
2026-05-19 12:03:16,080 - twister - DEBUG - OUTPUT: 
2026-05-19 12:03:16,080 - twister - DEBUG - OUTPUT:     Assertion failed at CMAKE_SOURCE_DIR/src/test_ring_buf.c:54: ring_buf_init_test_reinit_clears_state: (rb_is_empty() is non-zero)
2026-05-19 12:03:16,080 - twister - DEBUG - OUTPUT: Buffer after rb_init must be empty
2026-05-19 12:03:16,080 - twister - DEBUG - OUTPUT:  FAIL - test_reinit_clears_state in 0.000 seconds
2026-05-19 12:03:16,080 - twister - DEBUG - OUTPUT: ===================================================================
2026-05-19 12:03:16,080 - twister - DEBUG - OUTPUT: START - test_fresh_state
2026-05-19 12:03:16,080 - twister - DEBUG - OUTPUT:  PASS - test_fresh_state in 0.000 seconds
2026-05-19 12:03:16,081 - twister - DEBUG - OUTPUT: ===================================================================
2026-05-19 12:03:16,081 - twister - DEBUG - OUTPUT: START - test_reinit_clears_state
2026-05-19 12:03:16,081 - twister - DEBUG - OUTPUT: 
2026-05-19 12:03:16,081 - twister - DEBUG - OUTPUT:     Assertion failed at CMAKE_SOURCE_DIR/src/test_ring_buf.c:54: ring_buf_init_test_reinit_clears_state: (rb_is_empty() is non-zero)
2026-05-19 12:03:16,081 - twister - DEBUG - OUTPUT: Buffer after rb_init must be empty
2026-05-19 12:03:16,081 - twister - DEBUG - OUTPUT:  FAIL - test_reinit_clears_state in 0.000 seconds
2026-05-19 12:03:16,082 - twister - DEBUG - OUTPUT: ===================================================================
2026-05-19 12:03:16,082 - twister - DEBUG - OUTPUT: START - test_fresh_state
2026-05-19 12:03:16,082 - twister - DEBUG - OUTPUT:  PASS - test_fresh_state in 0.000 seconds
2026-05-19 12:03:16,082 - twister - DEBUG - OUTPUT: ===================================================================
2026-05-19 12:03:16,082 - twister - DEBUG - OUTPUT: TESTSUITE ring_buf_init failed.
2026-05-19 12:03:16,083 - twister - DEBUG - OUTPUT: Running TESTSUITE ring_buf_init
2026-05-19 12:03:16,083 - twister - DEBUG - OUTPUT: ===================================================================
2026-05-19 12:03:16,083 - twister - DEBUG - OUTPUT: START - test_fresh_state
2026-05-19 12:03:16,083 - twister - DEBUG - OUTPUT:  PASS - test_fresh_state in 0.000 seconds
2026-05-19 12:03:16,083 - twister - DEBUG - OUTPUT: ===================================================================
2026-05-19 12:03:16,083 - twister - DEBUG - OUTPUT: START - test_reinit_clears_state
2026-05-19 12:03:16,084 - twister - DEBUG - OUTPUT: 
2026-05-19 12:03:16,084 - twister - DEBUG - OUTPUT:     Assertion failed at CMAKE_SOURCE_DIR/src/test_ring_buf.c:54: ring_buf_init_test_reinit_clears_state: (rb_is_empty() is non-zero)
2026-05-19 12:03:16,084 - twister - DEBUG - OUTPUT: Buffer after rb_init must be empty
2026-05-19 12:03:16,084 - twister - DEBUG - OUTPUT:  FAIL - test_reinit_clears_state in 0.000 seconds
2026-05-19 12:03:16,084 - twister - DEBUG - OUTPUT: ===================================================================
2026-05-19 12:03:16,084 - twister - DEBUG - OUTPUT: START - test_fresh_state
2026-05-19 12:03:16,084 - twister - DEBUG - OUTPUT:  PASS - test_fresh_state in 0.000 seconds
2026-05-19 12:03:16,085 - twister - DEBUG - OUTPUT: ===================================================================
2026-05-19 12:03:16,085 - twister - DEBUG - OUTPUT: START - test_reinit_clears_state
2026-05-19 12:03:16,085 - twister - DEBUG - OUTPUT: 
2026-05-19 12:03:16,085 - twister - DEBUG - OUTPUT:     Assertion failed at CMAKE_SOURCE_DIR/src/test_ring_buf.c:54: ring_buf_init_test_reinit_clears_state: (rb_is_empty() is non-zero)
2026-05-19 12:03:16,085 - twister - DEBUG - OUTPUT: Buffer after rb_init must be empty
2026-05-19 12:03:16,085 - twister - DEBUG - OUTPUT:  FAIL - test_reinit_clears_state in 0.000 seconds
2026-05-19 12:03:16,086 - twister - DEBUG - OUTPUT: ===================================================================
2026-05-19 12:03:16,086 - twister - DEBUG - OUTPUT: START - test_reinit_clears_state
2026-05-19 12:03:16,086 - twister - DEBUG - OUTPUT: 
2026-05-19 12:03:16,086 - twister - DEBUG - OUTPUT:     Assertion failed at CMAKE_SOURCE_DIR/src/test_ring_buf.c:54: ring_buf_init_test_reinit_clears_state: (rb_is_empty() is non-zero)
2026-05-19 12:03:16,086 - twister - DEBUG - OUTPUT: Buffer after rb_init must be empty
2026-05-19 12:03:16,086 - twister - DEBUG - OUTPUT:  FAIL - test_reinit_clears_state in 0.000 seconds
2026-05-19 12:03:16,087 - twister - DEBUG - OUTPUT: ===================================================================
2026-05-19 12:03:16,087 - twister - DEBUG - OUTPUT: START - test_fresh_state
2026-05-19 12:03:16,087 - twister - DEBUG - OUTPUT:  PASS - test_fresh_state in 0.000 seconds
2026-05-19 12:03:16,087 - twister - DEBUG - OUTPUT: ===================================================================
2026-05-19 12:03:16,087 - twister - DEBUG - OUTPUT: TESTSUITE ring_buf_init failed.
2026-05-19 12:03:16,087 - twister - DEBUG - OUTPUT: Running TESTSUITE ring_buf_init
2026-05-19 12:03:16,088 - twister - DEBUG - OUTPUT: ===================================================================
2026-05-19 12:03:16,088 - twister - DEBUG - OUTPUT: START - test_fresh_state
2026-05-19 12:03:16,088 - twister - DEBUG - OUTPUT:  PASS - test_fresh_state in 0.000 seconds
2026-05-19 12:03:16,088 - twister - DEBUG - OUTPUT: ===================================================================
2026-05-19 12:03:16,088 - twister - DEBUG - OUTPUT: START - test_reinit_clears_state
2026-05-19 12:03:16,088 - twister - DEBUG - OUTPUT: 
2026-05-19 12:03:16,089 - twister - DEBUG - OUTPUT:     Assertion failed at CMAKE_SOURCE_DIR/src/test_ring_buf.c:54: ring_buf_init_test_reinit_clears_state: (rb_is_empty() is non-zero)
2026-05-19 12:03:16,089 - twister - DEBUG - OUTPUT: Buffer after rb_init must be empty
2026-05-19 12:03:16,089 - twister - DEBUG - OUTPUT:  FAIL - test_reinit_clears_state in 0.000 seconds
2026-05-19 12:03:16,089 - twister - DEBUG - OUTPUT: ===================================================================
2026-05-19 12:03:16,089 - twister - DEBUG - OUTPUT: START - test_fresh_state
2026-05-19 12:03:16,089 - twister - DEBUG - OUTPUT:  PASS - test_fresh_state in 0.000 seconds
2026-05-19 12:03:16,090 - twister - DEBUG - OUTPUT: ===================================================================
2026-05-19 12:03:16,090 - twister - DEBUG - OUTPUT: START - test_reinit_clears_state
2026-05-19 12:03:16,090 - twister - DEBUG - OUTPUT: 
2026-05-19 12:03:16,090 - twister - DEBUG - OUTPUT:     Assertion failed at CMAKE_SOURCE_DIR/src/test_ring_buf.c:54: ring_buf_init_test_reinit_clears_state: (rb_is_empty() is non-zero)
2026-05-19 12:03:16,090 - twister - DEBUG - OUTPUT: Buffer after rb_init must be empty
2026-05-19 12:03:16,091 - twister - DEBUG - OUTPUT:  FAIL - test_reinit_clears_state in 0.000 seconds
2026-05-19 12:03:16,091 - twister - DEBUG - OUTPUT: ===================================================================
2026-05-19 12:03:16,091 - twister - DEBUG - OUTPUT: START - test_reinit_clears_state
2026-05-19 12:03:16,091 - twister - DEBUG - OUTPUT: 
2026-05-19 12:03:16,091 - twister - DEBUG - OUTPUT:     Assertion failed at CMAKE_SOURCE_DIR/src/test_ring_buf.c:54: ring_buf_init_test_reinit_clears_state: (rb_is_empty() is non-zero)
2026-05-19 12:03:16,091 - twister - DEBUG - OUTPUT: Buffer after rb_init must be empty
2026-05-19 12:03:16,091 - twister - DEBUG - OUTPUT:  FAIL - test_reinit_clears_state in 0.000 seconds
2026-05-19 12:03:16,092 - twister - DEBUG - OUTPUT: ===================================================================
2026-05-19 12:03:16,092 - twister - DEBUG - OUTPUT: START - test_fresh_state
2026-05-19 12:03:16,092 - twister - DEBUG - OUTPUT:  PASS - test_fresh_state in 0.000 seconds
2026-05-19 12:03:16,092 - twister - DEBUG - OUTPUT: ===================================================================
2026-05-19 12:03:16,092 - twister - DEBUG - OUTPUT: TESTSUITE ring_buf_init failed.
2026-05-19 12:03:16,092 - twister - DEBUG - OUTPUT: Running TESTSUITE ring_buf_push_pop
2026-05-19 12:03:16,092 - twister - DEBUG - OUTPUT: ===================================================================
2026-05-19 12:03:16,093 - twister - DEBUG - OUTPUT: START - test_push_full_returns_enospc
2026-05-19 12:03:16,093 - twister - DEBUG - OUTPUT: [00:00:00.000,000] [1;33m<wrn> ring_buf: buffer full (capacity=4)[0m
2026-05-19 12:03:16,093 - twister - DEBUG - OUTPUT:  PASS - test_push_full_returns_enospc in 0.000 seconds
2026-05-19 12:03:16,093 - twister - DEBUG - OUTPUT: ===================================================================
2026-05-19 12:03:16,093 - twister - DEBUG - OUTPUT: START - test_single_push_pop
2026-05-19 12:03:16,093 - twister - DEBUG - OUTPUT: 
2026-05-19 12:03:16,094 - twister - DEBUG - OUTPUT:     Assertion failed at CMAKE_SOURCE_DIR/src/test_ring_buf.c:79: ring_buf_push_pop_test_single_push_pop: (rb_is_empty() is non-zero)
2026-05-19 12:03:16,094 - twister - DEBUG - OUTPUT: Buffer after popping the only element inserted must be empty again
2026-05-19 12:03:16,094 - twister - DEBUG - OUTPUT:  FAIL - test_single_push_pop in 0.000 seconds
2026-05-19 12:03:16,094 - twister - DEBUG - OUTPUT: ===================================================================
2026-05-19 12:03:16,094 - twister - DEBUG - OUTPUT: START - test_fifo_order
2026-05-19 12:03:16,094 - twister - DEBUG - OUTPUT: 
2026-05-19 12:03:16,095 - twister - DEBUG - OUTPUT:     Assertion failed at CMAKE_SOURCE_DIR/src/test_ring_buf.c:97: ring_buf_push_pop_test_fifo_order: (v not equal to 2)
2026-05-19 12:03:16,095 - twister - DEBUG - OUTPUT: The popped value must be 1, got 1 instead
2026-05-19 12:03:16,095 - twister - DEBUG - OUTPUT:  FAIL - test_fifo_order in 0.000 seconds
2026-05-19 12:03:16,095 - twister - DEBUG - OUTPUT: ===================================================================
2026-05-19 12:03:16,095 - twister - DEBUG - OUTPUT: START - test_push_full_returns_enospc
2026-05-19 12:03:16,095 - twister - DEBUG - OUTPUT: [00:00:00.000,000] [1;33m<wrn> ring_buf: buffer full (capacity=4)[0m
2026-05-19 12:03:16,096 - twister - DEBUG - OUTPUT:  PASS - test_push_full_returns_enospc in 0.000 seconds
2026-05-19 12:03:16,096 - twister - DEBUG - OUTPUT: ===================================================================
2026-05-19 12:03:16,096 - twister - DEBUG - OUTPUT: START - test_fifo_order
2026-05-19 12:03:16,096 - twister - DEBUG - OUTPUT: 
2026-05-19 12:03:16,096 - twister - DEBUG - OUTPUT:     Assertion failed at CMAKE_SOURCE_DIR/src/test_ring_buf.c:97: ring_buf_push_pop_test_fifo_order: (v not equal to 2)
2026-05-19 12:03:16,096 - twister - DEBUG - OUTPUT: The popped value must be 1, got 1 instead
2026-05-19 12:03:16,096 - twister - DEBUG - OUTPUT:  FAIL - test_fifo_order in 0.000 seconds
2026-05-19 12:03:16,097 - twister - DEBUG - OUTPUT: ===================================================================
2026-05-19 12:03:16,097 - twister - DEBUG - OUTPUT: START - test_single_push_pop
2026-05-19 12:03:16,097 - twister - DEBUG - OUTPUT: 
2026-05-19 12:03:16,097 - twister - DEBUG - OUTPUT:     Assertion failed at CMAKE_SOURCE_DIR/src/test_ring_buf.c:79: ring_buf_push_pop_test_single_push_pop: (rb_is_empty() is non-zero)
2026-05-19 12:03:16,097 - twister - DEBUG - OUTPUT: Buffer after popping the only element inserted must be empty again
2026-05-19 12:03:16,097 - twister - DEBUG - OUTPUT:  FAIL - test_single_push_pop in 0.000 seconds
2026-05-19 12:03:16,097 - twister - DEBUG - OUTPUT: ===================================================================
2026-05-19 12:03:16,098 - twister - DEBUG - OUTPUT: START - test_single_push_pop
2026-05-19 12:03:16,098 - twister - DEBUG - OUTPUT: 
2026-05-19 12:03:16,098 - twister - DEBUG - OUTPUT:     Assertion failed at CMAKE_SOURCE_DIR/src/test_ring_buf.c:79: ring_buf_push_pop_test_single_push_pop: (rb_is_empty() is non-zero)
2026-05-19 12:03:16,098 - twister - DEBUG - OUTPUT: Buffer after popping the only element inserted must be empty again
2026-05-19 12:03:16,098 - twister - DEBUG - OUTPUT:  FAIL - test_single_push_pop in 0.000 seconds
2026-05-19 12:03:16,098 - twister - DEBUG - OUTPUT: ===================================================================
2026-05-19 12:03:16,099 - twister - DEBUG - OUTPUT: START - test_push_full_returns_enospc
2026-05-19 12:03:16,099 - twister - DEBUG - OUTPUT: [00:00:00.000,000] [1;33m<wrn> ring_buf: buffer full (capacity=4)[0m
2026-05-19 12:03:16,099 - twister - DEBUG - OUTPUT:  PASS - test_push_full_returns_enospc in 0.000 seconds
2026-05-19 12:03:16,099 - twister - DEBUG - OUTPUT: ===================================================================
2026-05-19 12:03:16,099 - twister - DEBUG - OUTPUT: START - test_fifo_order
2026-05-19 12:03:16,099 - twister - DEBUG - OUTPUT: 
2026-05-19 12:03:16,099 - twister - DEBUG - OUTPUT:     Assertion failed at CMAKE_SOURCE_DIR/src/test_ring_buf.c:97: ring_buf_push_pop_test_fifo_order: (v not equal to 2)
2026-05-19 12:03:16,100 - twister - DEBUG - OUTPUT: The popped value must be 1, got 1 instead
2026-05-19 12:03:16,100 - twister - DEBUG - OUTPUT:  FAIL - test_fifo_order in 0.000 seconds
2026-05-19 12:03:16,100 - twister - DEBUG - OUTPUT: ===================================================================
2026-05-19 12:03:16,100 - twister - DEBUG - OUTPUT: TESTSUITE ring_buf_push_pop failed.
2026-05-19 12:03:16,100 - twister - DEBUG - OUTPUT: Running TESTSUITE ring_buf_push_pop
2026-05-19 12:03:16,100 - twister - DEBUG - OUTPUT: ===================================================================
2026-05-19 12:03:16,101 - twister - DEBUG - OUTPUT: START - test_push_full_returns_enospc
2026-05-19 12:03:16,101 - twister - DEBUG - OUTPUT: [00:00:00.000,000] [1;33m<wrn> ring_buf: buffer full (capacity=4)[0m
2026-05-19 12:03:16,101 - twister - DEBUG - OUTPUT:  PASS - test_push_full_returns_enospc in 0.000 seconds
2026-05-19 12:03:16,101 - twister - DEBUG - OUTPUT: ===================================================================
2026-05-19 12:03:16,101 - twister - DEBUG - OUTPUT: START - test_single_push_pop
2026-05-19 12:03:16,101 - twister - DEBUG - OUTPUT: 
2026-05-19 12:03:16,102 - twister - DEBUG - OUTPUT:     Assertion failed at CMAKE_SOURCE_DIR/src/test_ring_buf.c:79: ring_buf_push_pop_test_single_push_pop: (rb_is_empty() is non-zero)
2026-05-19 12:03:16,102 - twister - DEBUG - OUTPUT: Buffer after popping the only element inserted must be empty again
2026-05-19 12:03:16,102 - twister - DEBUG - OUTPUT:  FAIL - test_single_push_pop in 0.000 seconds
2026-05-19 12:03:16,102 - twister - DEBUG - OUTPUT: ===================================================================
2026-05-19 12:03:16,102 - twister - DEBUG - OUTPUT: START - test_fifo_order
2026-05-19 12:03:16,102 - twister - DEBUG - OUTPUT: 
2026-05-19 12:03:16,103 - twister - DEBUG - OUTPUT:     Assertion failed at CMAKE_SOURCE_DIR/src/test_ring_buf.c:97: ring_buf_push_pop_test_fifo_order: (v not equal to 2)
2026-05-19 12:03:16,103 - twister - DEBUG - OUTPUT: The popped value must be 1, got 1 instead
2026-05-19 12:03:16,103 - twister - DEBUG - OUTPUT:  FAIL - test_fifo_order in 0.000 seconds
2026-05-19 12:03:16,103 - twister - DEBUG - OUTPUT: ===================================================================
2026-05-19 12:03:16,103 - twister - DEBUG - OUTPUT: START - test_fifo_order
2026-05-19 12:03:16,103 - twister - DEBUG - OUTPUT: 
2026-05-19 12:03:16,103 - twister - DEBUG - OUTPUT:     Assertion failed at CMAKE_SOURCE_DIR/src/test_ring_buf.c:97: ring_buf_push_pop_test_fifo_order: (v not equal to 2)
2026-05-19 12:03:16,103 - twister - DEBUG - OUTPUT: The popped value must be 1, got 1 instead
2026-05-19 12:03:16,104 - twister - DEBUG - OUTPUT:  FAIL - test_fifo_order in 0.000 seconds
2026-05-19 12:03:16,104 - twister - DEBUG - OUTPUT: ===================================================================
2026-05-19 12:03:16,104 - twister - DEBUG - OUTPUT: START - test_push_full_returns_enospc
2026-05-19 12:03:16,104 - twister - DEBUG - OUTPUT: [00:00:00.000,000] [1;33m<wrn> ring_buf: buffer full (capacity=4)[0m
2026-05-19 12:03:16,104 - twister - DEBUG - OUTPUT:  PASS - test_push_full_returns_enospc in 0.000 seconds
2026-05-19 12:03:16,104 - twister - DEBUG - OUTPUT: ===================================================================
2026-05-19 12:03:16,104 - twister - DEBUG - OUTPUT: START - test_single_push_pop
2026-05-19 12:03:16,105 - twister - DEBUG - OUTPUT: 
2026-05-19 12:03:16,105 - twister - DEBUG - OUTPUT:     Assertion failed at CMAKE_SOURCE_DIR/src/test_ring_buf.c:79: ring_buf_push_pop_test_single_push_pop: (rb_is_empty() is non-zero)
2026-05-19 12:03:16,105 - twister - DEBUG - OUTPUT: Buffer after popping the only element inserted must be empty again
2026-05-19 12:03:16,105 - twister - DEBUG - OUTPUT:  FAIL - test_single_push_pop in 0.000 seconds
2026-05-19 12:03:16,105 - twister - DEBUG - OUTPUT: ===================================================================
2026-05-19 12:03:16,105 - twister - DEBUG - OUTPUT: START - test_fifo_order
2026-05-19 12:03:16,106 - twister - DEBUG - OUTPUT: 
2026-05-19 12:03:16,106 - twister - DEBUG - OUTPUT:     Assertion failed at CMAKE_SOURCE_DIR/src/test_ring_buf.c:97: ring_buf_push_pop_test_fifo_order: (v not equal to 2)
2026-05-19 12:03:16,106 - twister - DEBUG - OUTPUT: The popped value must be 1, got 1 instead
2026-05-19 12:03:16,106 - twister - DEBUG - OUTPUT:  FAIL - test_fifo_order in 0.000 seconds
2026-05-19 12:03:16,106 - twister - DEBUG - OUTPUT: ===================================================================
2026-05-19 12:03:16,106 - twister - DEBUG - OUTPUT: START - test_push_full_returns_enospc
2026-05-19 12:03:16,106 - twister - DEBUG - OUTPUT: [00:00:00.000,000] [1;33m<wrn> ring_buf: buffer full (capacity=4)[0m
2026-05-19 12:03:16,107 - twister - DEBUG - OUTPUT:  PASS - test_push_full_returns_enospc in 0.000 seconds
2026-05-19 12:03:16,107 - twister - DEBUG - OUTPUT: ===================================================================
2026-05-19 12:03:16,107 - twister - DEBUG - OUTPUT: START - test_single_push_pop
2026-05-19 12:03:16,107 - twister - DEBUG - OUTPUT: 
2026-05-19 12:03:16,107 - twister - DEBUG - OUTPUT:     Assertion failed at CMAKE_SOURCE_DIR/src/test_ring_buf.c:79: ring_buf_push_pop_test_single_push_pop: (rb_is_empty() is non-zero)
2026-05-19 12:03:16,107 - twister - DEBUG - OUTPUT: Buffer after popping the only element inserted must be empty again
2026-05-19 12:03:16,107 - twister - DEBUG - OUTPUT:  FAIL - test_single_push_pop in 0.000 seconds
2026-05-19 12:03:16,108 - twister - DEBUG - OUTPUT: ===================================================================
2026-05-19 12:03:16,108 - twister - DEBUG - OUTPUT: TESTSUITE ring_buf_push_pop failed.
2026-05-19 12:03:16,108 - twister - DEBUG - OUTPUT: Running TESTSUITE ring_buf_push_pop
2026-05-19 12:03:16,108 - twister - DEBUG - OUTPUT: ===================================================================
2026-05-19 12:03:16,108 - twister - DEBUG - OUTPUT: START - test_single_push_pop
2026-05-19 12:03:16,108 - twister - DEBUG - OUTPUT: 
2026-05-19 12:03:16,108 - twister - DEBUG - OUTPUT:     Assertion failed at CMAKE_SOURCE_DIR/src/test_ring_buf.c:79: ring_buf_push_pop_test_single_push_pop: (rb_is_empty() is non-zero)
2026-05-19 12:03:16,109 - twister - DEBUG - OUTPUT: Buffer after popping the only element inserted must be empty again
2026-05-19 12:03:16,109 - twister - DEBUG - OUTPUT:  FAIL - test_single_push_pop in 0.000 seconds
2026-05-19 12:03:16,109 - twister - DEBUG - OUTPUT: ===================================================================
2026-05-19 12:03:16,109 - twister - DEBUG - OUTPUT: START - test_fifo_order
2026-05-19 12:03:16,109 - twister - DEBUG - OUTPUT: 
2026-05-19 12:03:16,109 - twister - DEBUG - OUTPUT:     Assertion failed at CMAKE_SOURCE_DIR/src/test_ring_buf.c:97: ring_buf_push_pop_test_fifo_order: (v not equal to 2)
2026-05-19 12:03:16,109 - twister - DEBUG - OUTPUT: The popped value must be 1, got 1 instead
2026-05-19 12:03:16,110 - twister - DEBUG - OUTPUT:  FAIL - test_fifo_order in 0.000 seconds
2026-05-19 12:03:16,110 - twister - DEBUG - OUTPUT: ===================================================================
2026-05-19 12:03:16,110 - twister - DEBUG - OUTPUT: START - test_push_full_returns_enospc
2026-05-19 12:03:16,110 - twister - DEBUG - OUTPUT: [00:00:00.000,000] [1;33m<wrn> ring_buf: buffer full (capacity=4)[0m
2026-05-19 12:03:16,110 - twister - DEBUG - OUTPUT:  PASS - test_push_full_returns_enospc in 0.000 seconds
2026-05-19 12:03:16,110 - twister - DEBUG - OUTPUT: ===================================================================
2026-05-19 12:03:16,111 - twister - DEBUG - OUTPUT: START - test_single_push_pop
2026-05-19 12:03:16,111 - twister - DEBUG - OUTPUT: 
2026-05-19 12:03:16,111 - twister - DEBUG - OUTPUT:     Assertion failed at CMAKE_SOURCE_DIR/src/test_ring_buf.c:79: ring_buf_push_pop_test_single_push_pop: (rb_is_empty() is non-zero)
2026-05-19 12:03:16,111 - twister - DEBUG - OUTPUT: Buffer after popping the only element inserted must be empty again
2026-05-19 12:03:16,111 - twister - DEBUG - OUTPUT:  FAIL - test_single_push_pop in 0.000 seconds
2026-05-19 12:03:16,111 - twister - DEBUG - OUTPUT: ===================================================================
2026-05-19 12:03:16,111 - twister - DEBUG - OUTPUT: START - test_push_full_returns_enospc
2026-05-19 12:03:16,112 - twister - DEBUG - OUTPUT: [00:00:00.000,000] [1;33m<wrn> ring_buf: buffer full (capacity=4)[0m
2026-05-19 12:03:16,112 - twister - DEBUG - OUTPUT:  PASS - test_push_full_returns_enospc in 0.000 seconds
2026-05-19 12:03:16,112 - twister - DEBUG - OUTPUT: ===================================================================
2026-05-19 12:03:16,112 - twister - DEBUG - OUTPUT: START - test_fifo_order
2026-05-19 12:03:16,112 - twister - DEBUG - OUTPUT: 
2026-05-19 12:03:16,112 - twister - DEBUG - OUTPUT:     Assertion failed at CMAKE_SOURCE_DIR/src/test_ring_buf.c:97: ring_buf_push_pop_test_fifo_order: (v not equal to 2)
2026-05-19 12:03:16,112 - twister - DEBUG - OUTPUT: The popped value must be 1, got 1 instead
2026-05-19 12:03:16,112 - twister - DEBUG - OUTPUT:  FAIL - test_fifo_order in 0.000 seconds
2026-05-19 12:03:16,113 - twister - DEBUG - OUTPUT: ===================================================================
2026-05-19 12:03:16,113 - twister - DEBUG - OUTPUT: START - test_single_push_pop
2026-05-19 12:03:16,113 - twister - DEBUG - OUTPUT: 
2026-05-19 12:03:16,113 - twister - DEBUG - OUTPUT:     Assertion failed at CMAKE_SOURCE_DIR/src/test_ring_buf.c:79: ring_buf_push_pop_test_single_push_pop: (rb_is_empty() is non-zero)
2026-05-19 12:03:16,113 - twister - DEBUG - OUTPUT: Buffer after popping the only element inserted must be empty again
2026-05-19 12:03:16,113 - twister - DEBUG - OUTPUT:  FAIL - test_single_push_pop in 0.000 seconds
2026-05-19 12:03:16,114 - twister - DEBUG - OUTPUT: ===================================================================
2026-05-19 12:03:16,114 - twister - DEBUG - OUTPUT: START - test_push_full_returns_enospc
2026-05-19 12:03:16,114 - twister - DEBUG - OUTPUT: [00:00:00.000,000] [1;33m<wrn> ring_buf: buffer full (capacity=4)[0m
2026-05-19 12:03:16,114 - twister - DEBUG - OUTPUT:  PASS - test_push_full_returns_enospc in 0.000 seconds
2026-05-19 12:03:16,114 - twister - DEBUG - OUTPUT: ===================================================================
2026-05-19 12:03:16,114 - twister - DEBUG - OUTPUT: START - test_fifo_order
2026-05-19 12:03:16,115 - twister - DEBUG - OUTPUT: 
2026-05-19 12:03:16,115 - twister - DEBUG - OUTPUT:     Assertion failed at CMAKE_SOURCE_DIR/src/test_ring_buf.c:97: ring_buf_push_pop_test_fifo_order: (v not equal to 2)
2026-05-19 12:03:16,115 - twister - DEBUG - OUTPUT: The popped value must be 1, got 1 instead
2026-05-19 12:03:16,115 - twister - DEBUG - OUTPUT:  FAIL - test_fifo_order in 0.000 seconds
2026-05-19 12:03:16,115 - twister - DEBUG - OUTPUT: ===================================================================
2026-05-19 12:03:16,115 - twister - DEBUG - OUTPUT: TESTSUITE ring_buf_push_pop failed.
2026-05-19 12:03:16,115 - twister - DEBUG - OUTPUT: 
2026-05-19 12:03:16,115 - twister - DEBUG - OUTPUT: ------ TESTSUITE SUMMARY START ------
2026-05-19 12:03:16,116 - twister - DEBUG - OUTPUT: 
2026-05-19 12:03:16,116 - twister - DEBUG - OUTPUT: SUITE SKIP -   0.00% [ring_buf_boundaries]: pass = 0, fail = 0, skip = 3, total = 3 duration = 0.000 seconds
2026-05-19 12:03:16,116 - twister - DEBUG - OUTPUT:  - SKIP - [ring_buf_boundaries.test_is_full_after_fill] duration = 0.000 seconds
2026-05-19 12:03:16,116 - twister - DEBUG - OUTPUT:  - SKIP - [ring_buf_boundaries.test_peek_does_not_consume] duration = 0.000 seconds
2026-05-19 12:03:16,116 - twister - DEBUG - OUTPUT:  - SKIP - [ring_buf_boundaries.test_pop_null_returns_einval] duration = 0.000 seconds
2026-05-19 12:03:16,116 - twister - DEBUG - OUTPUT: 
2026-05-19 12:03:16,116 - twister - DEBUG - OUTPUT: SUITE FAIL -  50.00% [ring_buf_init]: pass = 1, fail = 1, skip = 0, total = 2 duration = 0.000 seconds
2026-05-19 12:03:16,117 - twister - DEBUG - OUTPUT:  - PASS - [ring_buf_init.test_fresh_state] duration = 0.000 seconds
2026-05-19 12:03:16,117 - twister - DEBUG - OUTPUT:  - FAIL - [ring_buf_init.test_reinit_clears_state] duration = 0.000 seconds
2026-05-19 12:03:16,117 - twister - DEBUG - OUTPUT: 
2026-05-19 12:03:16,117 - twister - DEBUG - OUTPUT: SUITE FAIL -  33.33% [ring_buf_push_pop]: pass = 1, fail = 2, skip = 0, total = 3 duration = 0.000 seconds
2026-05-19 12:03:16,117 - twister - DEBUG - OUTPUT:  - FAIL - [ring_buf_push_pop.test_fifo_order] duration = 0.000 seconds
2026-05-19 12:03:16,117 - twister - DEBUG - OUTPUT:  - PASS - [ring_buf_push_pop.test_push_full_returns_enospc] duration = 0.000 seconds
2026-05-19 12:03:16,118 - twister - DEBUG - OUTPUT:  - FAIL - [ring_buf_push_pop.test_single_push_pop] duration = 0.000 seconds
2026-05-19 12:03:16,118 - twister - DEBUG - OUTPUT: 
2026-05-19 12:03:16,118 - twister - DEBUG - OUTPUT: ------ TESTSUITE SUMMARY END ------
2026-05-19 12:03:16,118 - twister - DEBUG - OUTPUT: 
2026-05-19 12:03:16,118 - twister - DEBUG - OUTPUT: ===================================================================
2026-05-19 12:03:16,119 - twister - DEBUG - OUTPUT: RunID: 59e64d0bbbf81a2d528f05f5c7317092
2026-05-19 12:03:16,119 - twister - DEBUG - OUTPUT: PROJECT EXECUTION FAILED
2026-05-19 12:03:16,120 - twister - DEBUG - Expected suite names:['ring_buf_init', 'ring_buf_push_pop', 'ring_buf_boundaries']
2026-05-19 12:03:16,120 - twister - DEBUG - Detected suite names:['ring_buf_boundaries', 'ring_buf_init', 'ring_buf_push_pop']
2026-05-19 12:03:16,120 - twister - DEBUG - run status: native_sim/native/host/homework.unit.ring_buf failed
2026-05-19 12:03:16,123 - twister - ERROR - native_sim/native         homework.unit.ring_buf                             [31mFAILED[39m: rc=1
2026-05-19 12:03:16,123 - twister - ERROR - see: [33m/home/gustavo/zephyr/zephyr-course/twister-out/native_sim_native/host/zephyr/zephyr-course/tests/ring_buf/homework.unit.ring_buf/handler.log[39m
2026-05-19 12:03:16,128 - twister - INFO - 1 test scenarios (1 configurations) selected, 0 configurations filtered (0 by static filter, 0 at runtime).
2026-05-19 12:03:16,133 - twister - INFO - [31m0 of 1[39m executed test configurations passed (0.00%), 0 built (not run), [31m1[39m failed, 0 errored, with no warnings in 12.63 seconds.
2026-05-19 12:03:16,133 - twister - INFO - 2 of 5 executed test cases passed (40.00%), 3 failed on 1 out of total 1259 platforms (0.08%).
2026-05-19 12:03:16,133 - twister - INFO - 3 selected test cases not executed: 3 skipped.
2026-05-19 12:03:16,133 - twister - INFO - [32m1[39m test configurations executed on platforms, [36m0[39m test configurations were only built.
2026-05-19 12:03:16,133 - twister - INFO - Saving reports...
2026-05-19 12:03:16,133 - twister - INFO - Writing JSON report /home/gustavo/zephyr/zephyr-course/twister-out/twister.json
2026-05-19 12:03:16,136 - twister - INFO - Writing xunit report /home/gustavo/zephyr/zephyr-course/twister-out/twister.xml...
2026-05-19 12:03:16,137 - twister - INFO - Writing xunit report /home/gustavo/zephyr/zephyr-course/twister-out/twister_report.xml...
2026-05-19 12:03:16,139 - twister - INFO - -+-+-+-+-+-+-+-+-+-+-+-+-+-+-+-+-+-+-+-+-+-+-+-+-+-+-+-+-+-+-+-+-+-+-+-+-+-+-+-+
2026-05-19 12:03:16,139 - twister - INFO - The following issues were found (showing the top 10 items):
2026-05-19 12:03:16,139 - twister - INFO - 1) homework.unit.ring_buf on native_sim/native failed (rc=1)
2026-05-19 12:03:16,139 - twister - INFO - 
2026-05-19 12:03:16,139 - twister - INFO - To rerun the tests, call twister using the following commandline:
2026-05-19 12:03:16,139 - twister - INFO - west twister -p <PLATFORM> -s <TEST ID>, for example:
2026-05-19 12:03:16,139 - twister - INFO - 
2026-05-19 12:03:16,139 - twister - INFO - west twister -p native_sim/native -s homework.unit.ring_buf
2026-05-19 12:03:16,139 - twister - INFO - or with west:
2026-05-19 12:03:16,139 - twister - INFO - west build -p -b native_sim/native tests/ring_buf -T homework.unit.ring_buf
2026-05-19 12:03:16,139 - twister - INFO - -+-+-+-+-+-+-+-+-+-+-+-+-+-+-+-+-+-+-+-+-+-+-+-+-+-+-+-+-+-+-+-+-+-+-+-+-+-+-+-+
2026-05-19 12:03:16,139 - twister - INFO - Run completed
