2026-05-19 12:11:05,998 - twister - INFO - Using Ninja..
2026-05-19 12:11:06,127 - twister - INFO - Zephyr version: v4.3.0-rc3-49-g8b032af664be
2026-05-19 12:11:06,130 - twister - DEBUG - Running cmake script /home/gustavo/zephyrproject/zephyr/cmake/verify-toolchain.cmake
2026-05-19 12:11:06,130 - twister - DEBUG - Calling cmake: /opt/st/stm32cubeclt_1.16.0/CMake/bin/cmake -DFORMAT=json -P /home/gustavo/zephyrproject/zephyr/cmake/verify-toolchain.cmake
2026-05-19 12:11:06,362 - twister - DEBUG - Finished running /home/gustavo/zephyrproject/zephyr/cmake/verify-toolchain.cmake
2026-05-19 12:11:06,362 - twister - INFO - Using 'zephyr' toolchain.
2026-05-19 12:11:08,483 - twister - DEBUG - Reading testsuite configuration files under /home/gustavo/zephyr/zephyr-course/tests/ring_buf...
2026-05-19 12:11:08,483 - twister - DEBUG - Found possible testsuite in /home/gustavo/zephyr/zephyr-course/tests/ring_buf
2026-05-19 12:11:08,489 - twister - DEBUG - No duplicates found.
2026-05-19 12:11:08,490 - twister - DEBUG -  platform filter: ['native_sim']
2026-05-19 12:11:08,490 - twister - DEBUG - platform_pattern: []
2026-05-19 12:11:08,490 - twister - DEBUG -    vendor filter: []
2026-05-19 12:11:08,490 - twister - DEBUG -      arch_filter: None
2026-05-19 12:11:08,490 - twister - DEBUG -       tag_filter: None
2026-05-19 12:11:08,490 - twister - DEBUG -      exclude_tag: None
2026-05-19 12:11:08,490 - twister - DEBUG - Checking platform filter: ['native_sim']
2026-05-19 12:11:08,491 - twister - INFO - Building initial testsuite list...
2026-05-19 12:11:08,491 - twister - INFO - Writing JSON report /home/gustavo/zephyr/zephyr-course/twister-out/testplan.json
2026-05-19 12:11:08,509 - twister - INFO - JOBS: 4
2026-05-19 12:11:08,510 - twister - INFO - Adding tasks to the queue...
2026-05-19 12:11:08,510 - twister - DEBUG - adding native_sim/native/host/homework.unit.ring_buf
2026-05-19 12:11:08,512 - twister - INFO - Added initial list of jobs to queue
2026-05-19 12:11:08,522 - twister - DEBUG - Launched 4 jobs
2026-05-19 12:11:08,525 - twister - DEBUG - Running cmake on /home/gustavo/zephyr/zephyr-course/tests/ring_buf for native_sim/native
2026-05-19 12:11:08,526 - twister - DEBUG - Calling cmake: /opt/st/stm32cubeclt_1.16.0/CMake/bin/cmake -B/home/gustavo/zephyr/zephyr-course/twister-out/native_sim_native/host/zephyr/zephyr-course/tests/ring_buf/homework.unit.ring_buf -DTC_RUNID=e8b097fc4de21ff8663342dca639ee28 -DTC_NAME=homework.unit.ring_buf -DCONFIG_COMPILER_WARNINGS_AS_ERRORS=y -DEXTRA_GEN_EDT_ARGS=--edtlib-Werror -GNinja -DPython3_EXECUTABLE=/home/gustavo/zephyrproject/.venv/bin/python -DZEPHYR_TOOLCHAIN_VARIANT=host -S/home/gustavo/zephyr/zephyr-course/tests/ring_buf -DBOARD=native_sim/native
2026-05-19 12:11:15,539 - twister - DEBUG - Finished running cmake /home/gustavo/zephyr/zephyr-course/tests/ring_buf for native_sim/native in 7.01 seconds
2026-05-19 12:11:15,541 - twister - DEBUG - build test: native_sim/native/host/homework.unit.ring_buf
2026-05-19 12:11:15,541 - twister - DEBUG - Building /home/gustavo/zephyr/zephyr-course/tests/ring_buf for native_sim/native
2026-05-19 12:11:15,542 - twister - DEBUG - Running /opt/st/stm32cubeclt_1.16.0/CMake/bin/cmake --build /home/gustavo/zephyr/zephyr-course/twister-out/native_sim_native/host/zephyr/zephyr-course/tests/ring_buf/homework.unit.ring_buf
2026-05-19 12:11:18,926 - twister - DEBUG - Finished building /home/gustavo/zephyr/zephyr-course/tests/ring_buf for native_sim/native in 3.38 seconds
2026-05-19 12:11:18,926 - twister - DEBUG - Determine test cases for test instance: native_sim/native/host/homework.unit.ring_buf
2026-05-19 12:11:18,926 - twister - DEBUG - Determine test cases for test suite: homework.unit.ring_buf
2026-05-19 12:11:18,996 - twister - DEBUG - Test instance native_sim/native/host/homework.unit.ring_buf already has 8 testcase(s) known: [<TestCase ring_buf_push_pop.single_push_pop with None>, <TestCase ring_buf_push_pop.fifo_order with None>, <TestCase ring_buf_boundaries.is_full_after_fill with None>, <TestCase ring_buf_init.fresh_state with None>, <TestCase ring_buf_boundaries.pop_null_returns_einval with None>, <TestCase ring_buf_init.reinit_clears_state with None>, <TestCase ring_buf_boundaries.peek_does_not_consume with None>, <TestCase ring_buf_push_pop.push_full_returns_enospc with None>]
2026-05-19 12:11:18,996 - twister - DEBUG - Detected 8 Ztest case(s): [ring_buf_boundaries.is_full_after_fill, ring_buf_boundaries.pop_null_returns_einval, ring_buf_boundaries.peek_does_not_consume, ring_buf_push_pop.push_full_returns_enospc, ring_buf_push_pop.fifo_order, ring_buf_push_pop.single_push_pop, ring_buf_init.reinit_clears_state, ring_buf_init.fresh_state] in /home/gustavo/zephyr/zephyr-course/twister-out/native_sim_native/host/zephyr/zephyr-course/tests/ring_buf/homework.unit.ring_buf/zephyr/zephyr.elf
2026-05-19 12:11:19,000 - twister - DEBUG - run test: native_sim/native/host/homework.unit.ring_buf
2026-05-19 12:11:19,000 - twister - DEBUG - Reset instance status from 'passed' to None before run.
2026-05-19 12:11:19,000 - twister - DEBUG - Spawning process: /home/gustavo/zephyr/zephyr-course/twister-out/native_sim_native/host/zephyr/zephyr-course/tests/ring_buf/homework.unit.ring_buf/zephyr/zephyr.exe
in directory: /home/gustavo/zephyr/zephyr-course/twister-out/native_sim_native/host/zephyr/zephyr-course/tests/ring_buf/homework.unit.ring_buf
2026-05-19 12:11:19,001 - twister - DEBUG - Spawning BinaryHandler Thread for native_sim/native/host/homework.unit.ring_buf
2026-05-19 12:11:19,003 - twister - DEBUG - OUTPUT: *** Booting Zephyr OS build v4.3.0-rc3-49-g8b032af664be ***
2026-05-19 12:11:19,004 - twister - DEBUG - OUTPUT: Running TESTSUITE ring_buf_boundaries
2026-05-19 12:11:19,005 - twister - DEBUG - OUTPUT: ===================================================================
2026-05-19 12:11:19,005 - twister - DEBUG - OUTPUT: START - test_pop_null_returns_einval
2026-05-19 12:11:19,006 - twister - DEBUG - OUTPUT:  SKIP - test_pop_null_returns_einval in 0.000 seconds
2026-05-19 12:11:19,006 - twister - DEBUG - OUTPUT: ===================================================================
2026-05-19 12:11:19,007 - twister - DEBUG - OUTPUT: START - test_is_full_after_fill
2026-05-19 12:11:19,007 - twister - DEBUG - OUTPUT:  SKIP - test_is_full_after_fill in 0.000 seconds
2026-05-19 12:11:19,007 - twister - DEBUG - OUTPUT: ===================================================================
2026-05-19 12:11:19,007 - twister - DEBUG - OUTPUT: START - test_peek_does_not_consume
2026-05-19 12:11:19,008 - twister - DEBUG - OUTPUT:  SKIP - test_peek_does_not_consume in 0.000 seconds
2026-05-19 12:11:19,008 - twister - DEBUG - OUTPUT: ===================================================================
2026-05-19 12:11:19,008 - twister - DEBUG - OUTPUT: START - test_peek_does_not_consume
2026-05-19 12:11:19,008 - twister - DEBUG - OUTPUT:  SKIP - test_peek_does_not_consume in 0.000 seconds
2026-05-19 12:11:19,009 - twister - DEBUG - OUTPUT: ===================================================================
2026-05-19 12:11:19,009 - twister - DEBUG - OUTPUT: START - test_is_full_after_fill
2026-05-19 12:11:19,009 - twister - DEBUG - OUTPUT:  SKIP - test_is_full_after_fill in 0.000 seconds
2026-05-19 12:11:19,009 - twister - DEBUG - OUTPUT: ===================================================================
2026-05-19 12:11:19,009 - twister - DEBUG - OUTPUT: START - test_pop_null_returns_einval
2026-05-19 12:11:19,010 - twister - DEBUG - OUTPUT:  SKIP - test_pop_null_returns_einval in 0.000 seconds
2026-05-19 12:11:19,011 - twister - DEBUG - OUTPUT: ===================================================================
2026-05-19 12:11:19,011 - twister - DEBUG - OUTPUT: START - test_peek_does_not_consume
2026-05-19 12:11:19,011 - twister - DEBUG - OUTPUT:  SKIP - test_peek_does_not_consume in 0.000 seconds
2026-05-19 12:11:19,011 - twister - DEBUG - OUTPUT: ===================================================================
2026-05-19 12:11:19,011 - twister - DEBUG - OUTPUT: START - test_pop_null_returns_einval
2026-05-19 12:11:19,011 - twister - DEBUG - OUTPUT:  SKIP - test_pop_null_returns_einval in 0.000 seconds
2026-05-19 12:11:19,012 - twister - DEBUG - OUTPUT: ===================================================================
2026-05-19 12:11:19,012 - twister - DEBUG - OUTPUT: START - test_is_full_after_fill
2026-05-19 12:11:19,012 - twister - DEBUG - OUTPUT:  SKIP - test_is_full_after_fill in 0.000 seconds
2026-05-19 12:11:19,012 - twister - DEBUG - OUTPUT: ===================================================================
2026-05-19 12:11:19,012 - twister - DEBUG - OUTPUT: TESTSUITE ring_buf_boundaries succeeded
2026-05-19 12:11:19,012 - twister - DEBUG - OUTPUT: Running TESTSUITE ring_buf_boundaries
2026-05-19 12:11:19,012 - twister - DEBUG - OUTPUT: ===================================================================
2026-05-19 12:11:19,013 - twister - DEBUG - OUTPUT: START - test_peek_does_not_consume
2026-05-19 12:11:19,013 - twister - DEBUG - OUTPUT:  SKIP - test_peek_does_not_consume in 0.000 seconds
2026-05-19 12:11:19,013 - twister - DEBUG - OUTPUT: ===================================================================
2026-05-19 12:11:19,013 - twister - DEBUG - OUTPUT: START - test_is_full_after_fill
2026-05-19 12:11:19,013 - twister - DEBUG - OUTPUT:  SKIP - test_is_full_after_fill in 0.000 seconds
2026-05-19 12:11:19,013 - twister - DEBUG - OUTPUT: ===================================================================
2026-05-19 12:11:19,013 - twister - DEBUG - OUTPUT: START - test_pop_null_returns_einval
2026-05-19 12:11:19,014 - twister - DEBUG - OUTPUT:  SKIP - test_pop_null_returns_einval in 0.000 seconds
2026-05-19 12:11:19,014 - twister - DEBUG - OUTPUT: ===================================================================
2026-05-19 12:11:19,014 - twister - DEBUG - OUTPUT: START - test_peek_does_not_consume
2026-05-19 12:11:19,014 - twister - DEBUG - OUTPUT:  SKIP - test_peek_does_not_consume in 0.000 seconds
2026-05-19 12:11:19,014 - twister - DEBUG - OUTPUT: ===================================================================
2026-05-19 12:11:19,015 - twister - DEBUG - OUTPUT: START - test_is_full_after_fill
2026-05-19 12:11:19,015 - twister - DEBUG - OUTPUT:  SKIP - test_is_full_after_fill in 0.000 seconds
2026-05-19 12:11:19,015 - twister - DEBUG - OUTPUT: ===================================================================
2026-05-19 12:11:19,015 - twister - DEBUG - OUTPUT: START - test_pop_null_returns_einval
2026-05-19 12:11:19,015 - twister - DEBUG - OUTPUT:  SKIP - test_pop_null_returns_einval in 0.000 seconds
2026-05-19 12:11:19,015 - twister - DEBUG - OUTPUT: ===================================================================
2026-05-19 12:11:19,016 - twister - DEBUG - OUTPUT: START - test_is_full_after_fill
2026-05-19 12:11:19,016 - twister - DEBUG - OUTPUT:  SKIP - test_is_full_after_fill in 0.000 seconds
2026-05-19 12:11:19,016 - twister - DEBUG - OUTPUT: ===================================================================
2026-05-19 12:11:19,016 - twister - DEBUG - OUTPUT: START - test_peek_does_not_consume
2026-05-19 12:11:19,016 - twister - DEBUG - OUTPUT:  SKIP - test_peek_does_not_consume in 0.000 seconds
2026-05-19 12:11:19,016 - twister - DEBUG - OUTPUT: ===================================================================
2026-05-19 12:11:19,016 - twister - DEBUG - OUTPUT: START - test_pop_null_returns_einval
2026-05-19 12:11:19,016 - twister - DEBUG - OUTPUT:  SKIP - test_pop_null_returns_einval in 0.000 seconds
2026-05-19 12:11:19,017 - twister - DEBUG - OUTPUT: ===================================================================
2026-05-19 12:11:19,017 - twister - DEBUG - OUTPUT: TESTSUITE ring_buf_boundaries succeeded
2026-05-19 12:11:19,017 - twister - DEBUG - OUTPUT: Running TESTSUITE ring_buf_boundaries
2026-05-19 12:11:19,017 - twister - DEBUG - OUTPUT: ===================================================================
2026-05-19 12:11:19,017 - twister - DEBUG - OUTPUT: START - test_is_full_after_fill
2026-05-19 12:11:19,018 - twister - DEBUG - OUTPUT:  SKIP - test_is_full_after_fill in 0.000 seconds
2026-05-19 12:11:19,019 - twister - DEBUG - OUTPUT: ===================================================================
2026-05-19 12:11:19,019 - twister - DEBUG - OUTPUT: START - test_peek_does_not_consume
2026-05-19 12:11:19,019 - twister - DEBUG - OUTPUT:  SKIP - test_peek_does_not_consume in 0.000 seconds
2026-05-19 12:11:19,020 - twister - DEBUG - OUTPUT: ===================================================================
2026-05-19 12:11:19,020 - twister - DEBUG - OUTPUT: START - test_pop_null_returns_einval
2026-05-19 12:11:19,020 - twister - DEBUG - OUTPUT:  SKIP - test_pop_null_returns_einval in 0.000 seconds
2026-05-19 12:11:19,020 - twister - DEBUG - OUTPUT: ===================================================================
2026-05-19 12:11:19,020 - twister - DEBUG - OUTPUT: START - test_peek_does_not_consume
2026-05-19 12:11:19,021 - twister - DEBUG - OUTPUT:  SKIP - test_peek_does_not_consume in 0.000 seconds
2026-05-19 12:11:19,021 - twister - DEBUG - OUTPUT: ===================================================================
2026-05-19 12:11:19,021 - twister - DEBUG - OUTPUT: START - test_pop_null_returns_einval
2026-05-19 12:11:19,021 - twister - DEBUG - OUTPUT:  SKIP - test_pop_null_returns_einval in 0.000 seconds
2026-05-19 12:11:19,021 - twister - DEBUG - OUTPUT: ===================================================================
2026-05-19 12:11:19,022 - twister - DEBUG - OUTPUT: START - test_is_full_after_fill
2026-05-19 12:11:19,022 - twister - DEBUG - OUTPUT:  SKIP - test_is_full_after_fill in 0.000 seconds
2026-05-19 12:11:19,022 - twister - DEBUG - OUTPUT: ===================================================================
2026-05-19 12:11:19,022 - twister - DEBUG - OUTPUT: START - test_peek_does_not_consume
2026-05-19 12:11:19,023 - twister - DEBUG - OUTPUT:  SKIP - test_peek_does_not_consume in 0.000 seconds
2026-05-19 12:11:19,023 - twister - DEBUG - OUTPUT: ===================================================================
2026-05-19 12:11:19,023 - twister - DEBUG - OUTPUT: START - test_pop_null_returns_einval
2026-05-19 12:11:19,023 - twister - DEBUG - OUTPUT:  SKIP - test_pop_null_returns_einval in 0.000 seconds
2026-05-19 12:11:19,023 - twister - DEBUG - OUTPUT: ===================================================================
2026-05-19 12:11:19,024 - twister - DEBUG - OUTPUT: START - test_is_full_after_fill
2026-05-19 12:11:19,024 - twister - DEBUG - OUTPUT:  SKIP - test_is_full_after_fill in 0.000 seconds
2026-05-19 12:11:19,024 - twister - DEBUG - OUTPUT: ===================================================================
2026-05-19 12:11:19,024 - twister - DEBUG - OUTPUT: TESTSUITE ring_buf_boundaries succeeded
2026-05-19 12:11:19,024 - twister - DEBUG - OUTPUT: Running TESTSUITE ring_buf_init
2026-05-19 12:11:19,024 - twister - DEBUG - OUTPUT: ===================================================================
2026-05-19 12:11:19,025 - twister - DEBUG - OUTPUT: START - test_reinit_clears_state
2026-05-19 12:11:19,025 - twister - DEBUG - OUTPUT:  PASS - test_reinit_clears_state in 0.000 seconds
2026-05-19 12:11:19,025 - twister - DEBUG - OUTPUT: ===================================================================
2026-05-19 12:11:19,025 - twister - DEBUG - OUTPUT: START - test_fresh_state
2026-05-19 12:11:19,025 - twister - DEBUG - OUTPUT:  PASS - test_fresh_state in 0.000 seconds
2026-05-19 12:11:19,026 - twister - DEBUG - OUTPUT: ===================================================================
2026-05-19 12:11:19,026 - twister - DEBUG - OUTPUT: START - test_reinit_clears_state
2026-05-19 12:11:19,026 - twister - DEBUG - OUTPUT:  PASS - test_reinit_clears_state in 0.000 seconds
2026-05-19 12:11:19,026 - twister - DEBUG - OUTPUT: ===================================================================
2026-05-19 12:11:19,026 - twister - DEBUG - OUTPUT: START - test_fresh_state
2026-05-19 12:11:19,026 - twister - DEBUG - OUTPUT:  PASS - test_fresh_state in 0.000 seconds
2026-05-19 12:11:19,027 - twister - DEBUG - OUTPUT: ===================================================================
2026-05-19 12:11:19,027 - twister - DEBUG - OUTPUT: START - test_reinit_clears_state
2026-05-19 12:11:19,027 - twister - DEBUG - OUTPUT:  PASS - test_reinit_clears_state in 0.000 seconds
2026-05-19 12:11:19,027 - twister - DEBUG - OUTPUT: ===================================================================
2026-05-19 12:11:19,027 - twister - DEBUG - OUTPUT: START - test_fresh_state
2026-05-19 12:11:19,027 - twister - DEBUG - OUTPUT:  PASS - test_fresh_state in 0.000 seconds
2026-05-19 12:11:19,027 - twister - DEBUG - OUTPUT: ===================================================================
2026-05-19 12:11:19,028 - twister - DEBUG - OUTPUT: TESTSUITE ring_buf_init succeeded
2026-05-19 12:11:19,028 - twister - DEBUG - OUTPUT: Running TESTSUITE ring_buf_init
2026-05-19 12:11:19,028 - twister - DEBUG - OUTPUT: ===================================================================
2026-05-19 12:11:19,028 - twister - DEBUG - OUTPUT: START - test_fresh_state
2026-05-19 12:11:19,028 - twister - DEBUG - OUTPUT:  PASS - test_fresh_state in 0.000 seconds
2026-05-19 12:11:19,028 - twister - DEBUG - OUTPUT: ===================================================================
2026-05-19 12:11:19,028 - twister - DEBUG - OUTPUT: START - test_reinit_clears_state
2026-05-19 12:11:19,029 - twister - DEBUG - OUTPUT:  PASS - test_reinit_clears_state in 0.000 seconds
2026-05-19 12:11:19,029 - twister - DEBUG - OUTPUT: ===================================================================
2026-05-19 12:11:19,029 - twister - DEBUG - OUTPUT: START - test_fresh_state
2026-05-19 12:11:19,029 - twister - DEBUG - OUTPUT:  PASS - test_fresh_state in 0.000 seconds
2026-05-19 12:11:19,029 - twister - DEBUG - OUTPUT: ===================================================================
2026-05-19 12:11:19,029 - twister - DEBUG - OUTPUT: START - test_reinit_clears_state
2026-05-19 12:11:19,029 - twister - DEBUG - OUTPUT:  PASS - test_reinit_clears_state in 0.000 seconds
2026-05-19 12:11:19,030 - twister - DEBUG - OUTPUT: ===================================================================
2026-05-19 12:11:19,030 - twister - DEBUG - OUTPUT: START - test_reinit_clears_state
2026-05-19 12:11:19,030 - twister - DEBUG - OUTPUT:  PASS - test_reinit_clears_state in 0.000 seconds
2026-05-19 12:11:19,030 - twister - DEBUG - OUTPUT: ===================================================================
2026-05-19 12:11:19,030 - twister - DEBUG - OUTPUT: START - test_fresh_state
2026-05-19 12:11:19,030 - twister - DEBUG - OUTPUT:  PASS - test_fresh_state in 0.000 seconds
2026-05-19 12:11:19,031 - twister - DEBUG - OUTPUT: ===================================================================
2026-05-19 12:11:19,031 - twister - DEBUG - OUTPUT: TESTSUITE ring_buf_init succeeded
2026-05-19 12:11:19,031 - twister - DEBUG - OUTPUT: Running TESTSUITE ring_buf_init
2026-05-19 12:11:19,031 - twister - DEBUG - OUTPUT: ===================================================================
2026-05-19 12:11:19,031 - twister - DEBUG - OUTPUT: START - test_fresh_state
2026-05-19 12:11:19,031 - twister - DEBUG - OUTPUT:  PASS - test_fresh_state in 0.000 seconds
2026-05-19 12:11:19,032 - twister - DEBUG - OUTPUT: ===================================================================
2026-05-19 12:11:19,032 - twister - DEBUG - OUTPUT: START - test_reinit_clears_state
2026-05-19 12:11:19,032 - twister - DEBUG - OUTPUT:  PASS - test_reinit_clears_state in 0.000 seconds
2026-05-19 12:11:19,032 - twister - DEBUG - OUTPUT: ===================================================================
2026-05-19 12:11:19,032 - twister - DEBUG - OUTPUT: START - test_fresh_state
2026-05-19 12:11:19,032 - twister - DEBUG - OUTPUT:  PASS - test_fresh_state in 0.000 seconds
2026-05-19 12:11:19,032 - twister - DEBUG - OUTPUT: ===================================================================
2026-05-19 12:11:19,033 - twister - DEBUG - OUTPUT: START - test_reinit_clears_state
2026-05-19 12:11:19,033 - twister - DEBUG - OUTPUT:  PASS - test_reinit_clears_state in 0.000 seconds
2026-05-19 12:11:19,033 - twister - DEBUG - OUTPUT: ===================================================================
2026-05-19 12:11:19,033 - twister - DEBUG - OUTPUT: START - test_reinit_clears_state
2026-05-19 12:11:19,033 - twister - DEBUG - OUTPUT:  PASS - test_reinit_clears_state in 0.000 seconds
2026-05-19 12:11:19,034 - twister - DEBUG - OUTPUT: ===================================================================
2026-05-19 12:11:19,034 - twister - DEBUG - OUTPUT: START - test_fresh_state
2026-05-19 12:11:19,035 - twister - DEBUG - OUTPUT:  PASS - test_fresh_state in 0.000 seconds
2026-05-19 12:11:19,035 - twister - DEBUG - OUTPUT: ===================================================================
2026-05-19 12:11:19,035 - twister - DEBUG - OUTPUT: TESTSUITE ring_buf_init succeeded
2026-05-19 12:11:19,036 - twister - DEBUG - OUTPUT: Running TESTSUITE ring_buf_push_pop
2026-05-19 12:11:19,036 - twister - DEBUG - OUTPUT: ===================================================================
2026-05-19 12:11:19,036 - twister - DEBUG - OUTPUT: START - test_push_full_returns_enospc
2026-05-19 12:11:19,036 - twister - DEBUG - OUTPUT: [00:00:00.000,000] [1;33m<wrn> ring_buf: buffer full (capacity=4)[0m
2026-05-19 12:11:19,036 - twister - DEBUG - OUTPUT:  PASS - test_push_full_returns_enospc in 0.000 seconds
2026-05-19 12:11:19,037 - twister - DEBUG - OUTPUT: ===================================================================
2026-05-19 12:11:19,037 - twister - DEBUG - OUTPUT: START - test_single_push_pop
2026-05-19 12:11:19,037 - twister - DEBUG - OUTPUT:  PASS - test_single_push_pop in 0.000 seconds
2026-05-19 12:11:19,037 - twister - DEBUG - OUTPUT: ===================================================================
2026-05-19 12:11:19,037 - twister - DEBUG - OUTPUT: START - test_fifo_order
2026-05-19 12:11:19,038 - twister - DEBUG - OUTPUT: 
2026-05-19 12:11:19,038 - twister - DEBUG - OUTPUT:     Assertion failed at CMAKE_SOURCE_DIR/src/test_ring_buf.c:97: ring_buf_push_pop_test_fifo_order: (v not equal to 2)
2026-05-19 12:11:19,038 - twister - DEBUG - OUTPUT: The popped value must be 1, got 1 instead
2026-05-19 12:11:19,038 - twister - DEBUG - OUTPUT:  FAIL - test_fifo_order in 0.000 seconds
2026-05-19 12:11:19,039 - twister - DEBUG - OUTPUT: ===================================================================
2026-05-19 12:11:19,039 - twister - DEBUG - OUTPUT: START - test_push_full_returns_enospc
2026-05-19 12:11:19,039 - twister - DEBUG - OUTPUT: [00:00:00.000,000] [1;33m<wrn> ring_buf: buffer full (capacity=4)[0m
2026-05-19 12:11:19,039 - twister - DEBUG - OUTPUT:  PASS - test_push_full_returns_enospc in 0.000 seconds
2026-05-19 12:11:19,039 - twister - DEBUG - OUTPUT: ===================================================================
2026-05-19 12:11:19,040 - twister - DEBUG - OUTPUT: START - test_fifo_order
2026-05-19 12:11:19,040 - twister - DEBUG - OUTPUT: 
2026-05-19 12:11:19,040 - twister - DEBUG - OUTPUT:     Assertion failed at CMAKE_SOURCE_DIR/src/test_ring_buf.c:97: ring_buf_push_pop_test_fifo_order: (v not equal to 2)
2026-05-19 12:11:19,040 - twister - DEBUG - OUTPUT: The popped value must be 1, got 1 instead
2026-05-19 12:11:19,040 - twister - DEBUG - OUTPUT:  FAIL - test_fifo_order in 0.000 seconds
2026-05-19 12:11:19,040 - twister - DEBUG - OUTPUT: ===================================================================
2026-05-19 12:11:19,041 - twister - DEBUG - OUTPUT: START - test_single_push_pop
2026-05-19 12:11:19,041 - twister - DEBUG - OUTPUT:  PASS - test_single_push_pop in 0.000 seconds
2026-05-19 12:11:19,041 - twister - DEBUG - OUTPUT: ===================================================================
2026-05-19 12:11:19,041 - twister - DEBUG - OUTPUT: START - test_single_push_pop
2026-05-19 12:11:19,041 - twister - DEBUG - OUTPUT:  PASS - test_single_push_pop in 0.000 seconds
2026-05-19 12:11:19,041 - twister - DEBUG - OUTPUT: ===================================================================
2026-05-19 12:11:19,042 - twister - DEBUG - OUTPUT: START - test_push_full_returns_enospc
2026-05-19 12:11:19,042 - twister - DEBUG - OUTPUT: [00:00:00.000,000] [1;33m<wrn> ring_buf: buffer full (capacity=4)[0m
2026-05-19 12:11:19,042 - twister - DEBUG - OUTPUT:  PASS - test_push_full_returns_enospc in 0.000 seconds
2026-05-19 12:11:19,042 - twister - DEBUG - OUTPUT: ===================================================================
2026-05-19 12:11:19,042 - twister - DEBUG - OUTPUT: START - test_fifo_order
2026-05-19 12:11:19,042 - twister - DEBUG - OUTPUT: 
2026-05-19 12:11:19,043 - twister - DEBUG - OUTPUT:     Assertion failed at CMAKE_SOURCE_DIR/src/test_ring_buf.c:97: ring_buf_push_pop_test_fifo_order: (v not equal to 2)
2026-05-19 12:11:19,043 - twister - DEBUG - OUTPUT: The popped value must be 1, got 1 instead
2026-05-19 12:11:19,043 - twister - DEBUG - OUTPUT:  FAIL - test_fifo_order in 0.000 seconds
2026-05-19 12:11:19,043 - twister - DEBUG - OUTPUT: ===================================================================
2026-05-19 12:11:19,043 - twister - DEBUG - OUTPUT: TESTSUITE ring_buf_push_pop failed.
2026-05-19 12:11:19,043 - twister - DEBUG - OUTPUT: Running TESTSUITE ring_buf_push_pop
2026-05-19 12:11:19,044 - twister - DEBUG - OUTPUT: ===================================================================
2026-05-19 12:11:19,044 - twister - DEBUG - OUTPUT: START - test_push_full_returns_enospc
2026-05-19 12:11:19,044 - twister - DEBUG - OUTPUT: [00:00:00.000,000] [1;33m<wrn> ring_buf: buffer full (capacity=4)[0m
2026-05-19 12:11:19,044 - twister - DEBUG - OUTPUT:  PASS - test_push_full_returns_enospc in 0.000 seconds
2026-05-19 12:11:19,044 - twister - DEBUG - OUTPUT: ===================================================================
2026-05-19 12:11:19,044 - twister - DEBUG - OUTPUT: START - test_single_push_pop
2026-05-19 12:11:19,044 - twister - DEBUG - OUTPUT:  PASS - test_single_push_pop in 0.000 seconds
2026-05-19 12:11:19,045 - twister - DEBUG - OUTPUT: ===================================================================
2026-05-19 12:11:19,045 - twister - DEBUG - OUTPUT: START - test_fifo_order
2026-05-19 12:11:19,045 - twister - DEBUG - OUTPUT: 
2026-05-19 12:11:19,045 - twister - DEBUG - OUTPUT:     Assertion failed at CMAKE_SOURCE_DIR/src/test_ring_buf.c:97: ring_buf_push_pop_test_fifo_order: (v not equal to 2)
2026-05-19 12:11:19,045 - twister - DEBUG - OUTPUT: The popped value must be 1, got 1 instead
2026-05-19 12:11:19,045 - twister - DEBUG - OUTPUT:  FAIL - test_fifo_order in 0.000 seconds
2026-05-19 12:11:19,045 - twister - DEBUG - OUTPUT: ===================================================================
2026-05-19 12:11:19,046 - twister - DEBUG - OUTPUT: START - test_fifo_order
2026-05-19 12:11:19,046 - twister - DEBUG - OUTPUT: 
2026-05-19 12:11:19,046 - twister - DEBUG - OUTPUT:     Assertion failed at CMAKE_SOURCE_DIR/src/test_ring_buf.c:97: ring_buf_push_pop_test_fifo_order: (v not equal to 2)
2026-05-19 12:11:19,046 - twister - DEBUG - OUTPUT: The popped value must be 1, got 1 instead
2026-05-19 12:11:19,046 - twister - DEBUG - OUTPUT:  FAIL - test_fifo_order in 0.000 seconds
2026-05-19 12:11:19,047 - twister - DEBUG - OUTPUT: ===================================================================
2026-05-19 12:11:19,047 - twister - DEBUG - OUTPUT: START - test_push_full_returns_enospc
2026-05-19 12:11:19,047 - twister - DEBUG - OUTPUT: [00:00:00.000,000] [1;33m<wrn> ring_buf: buffer full (capacity=4)[0m
2026-05-19 12:11:19,047 - twister - DEBUG - OUTPUT:  PASS - test_push_full_returns_enospc in 0.000 seconds
2026-05-19 12:11:19,047 - twister - DEBUG - OUTPUT: ===================================================================
2026-05-19 12:11:19,047 - twister - DEBUG - OUTPUT: START - test_single_push_pop
2026-05-19 12:11:19,048 - twister - DEBUG - OUTPUT:  PASS - test_single_push_pop in 0.000 seconds
2026-05-19 12:11:19,048 - twister - DEBUG - OUTPUT: ===================================================================
2026-05-19 12:11:19,048 - twister - DEBUG - OUTPUT: START - test_fifo_order
2026-05-19 12:11:19,048 - twister - DEBUG - OUTPUT: 
2026-05-19 12:11:19,048 - twister - DEBUG - OUTPUT:     Assertion failed at CMAKE_SOURCE_DIR/src/test_ring_buf.c:97: ring_buf_push_pop_test_fifo_order: (v not equal to 2)
2026-05-19 12:11:19,048 - twister - DEBUG - OUTPUT: The popped value must be 1, got 1 instead
2026-05-19 12:11:19,048 - twister - DEBUG - OUTPUT:  FAIL - test_fifo_order in 0.000 seconds
2026-05-19 12:11:19,049 - twister - DEBUG - OUTPUT: ===================================================================
2026-05-19 12:11:19,049 - twister - DEBUG - OUTPUT: START - test_push_full_returns_enospc
2026-05-19 12:11:19,049 - twister - DEBUG - OUTPUT: [00:00:00.000,000] [1;33m<wrn> ring_buf: buffer full (capacity=4)[0m
2026-05-19 12:11:19,049 - twister - DEBUG - OUTPUT:  PASS - test_push_full_returns_enospc in 0.000 seconds
2026-05-19 12:11:19,049 - twister - DEBUG - OUTPUT: ===================================================================
2026-05-19 12:11:19,049 - twister - DEBUG - OUTPUT: START - test_single_push_pop
2026-05-19 12:11:19,049 - twister - DEBUG - OUTPUT:  PASS - test_single_push_pop in 0.000 seconds
2026-05-19 12:11:19,050 - twister - DEBUG - OUTPUT: ===================================================================
2026-05-19 12:11:19,050 - twister - DEBUG - OUTPUT: TESTSUITE ring_buf_push_pop failed.
2026-05-19 12:11:19,050 - twister - DEBUG - OUTPUT: Running TESTSUITE ring_buf_push_pop
2026-05-19 12:11:19,050 - twister - DEBUG - OUTPUT: ===================================================================
2026-05-19 12:11:19,051 - twister - DEBUG - OUTPUT: START - test_single_push_pop
2026-05-19 12:11:19,051 - twister - DEBUG - OUTPUT:  PASS - test_single_push_pop in 0.000 seconds
2026-05-19 12:11:19,051 - twister - DEBUG - OUTPUT: ===================================================================
2026-05-19 12:11:19,052 - twister - DEBUG - OUTPUT: START - test_fifo_order
2026-05-19 12:11:19,052 - twister - DEBUG - OUTPUT: 
2026-05-19 12:11:19,053 - twister - DEBUG - OUTPUT:     Assertion failed at CMAKE_SOURCE_DIR/src/test_ring_buf.c:97: ring_buf_push_pop_test_fifo_order: (v not equal to 2)
2026-05-19 12:11:19,053 - twister - DEBUG - OUTPUT: The popped value must be 1, got 1 instead
2026-05-19 12:11:19,053 - twister - DEBUG - OUTPUT:  FAIL - test_fifo_order in 0.000 seconds
2026-05-19 12:11:19,053 - twister - DEBUG - OUTPUT: ===================================================================
2026-05-19 12:11:19,053 - twister - DEBUG - OUTPUT: START - test_push_full_returns_enospc
2026-05-19 12:11:19,054 - twister - DEBUG - OUTPUT: [00:00:00.000,000] [1;33m<wrn> ring_buf: buffer full (capacity=4)[0m
2026-05-19 12:11:19,054 - twister - DEBUG - OUTPUT:  PASS - test_push_full_returns_enospc in 0.000 seconds
2026-05-19 12:11:19,054 - twister - DEBUG - OUTPUT: ===================================================================
2026-05-19 12:11:19,054 - twister - DEBUG - OUTPUT: START - test_single_push_pop
2026-05-19 12:11:19,055 - twister - DEBUG - OUTPUT:  PASS - test_single_push_pop in 0.000 seconds
2026-05-19 12:11:19,055 - twister - DEBUG - OUTPUT: ===================================================================
2026-05-19 12:11:19,055 - twister - DEBUG - OUTPUT: START - test_push_full_returns_enospc
2026-05-19 12:11:19,055 - twister - DEBUG - OUTPUT: [00:00:00.000,000] [1;33m<wrn> ring_buf: buffer full (capacity=4)[0m
2026-05-19 12:11:19,055 - twister - DEBUG - OUTPUT:  PASS - test_push_full_returns_enospc in 0.000 seconds
2026-05-19 12:11:19,055 - twister - DEBUG - OUTPUT: ===================================================================
2026-05-19 12:11:19,056 - twister - DEBUG - OUTPUT: START - test_fifo_order
2026-05-19 12:11:19,056 - twister - DEBUG - OUTPUT: 
2026-05-19 12:11:19,056 - twister - DEBUG - OUTPUT:     Assertion failed at CMAKE_SOURCE_DIR/src/test_ring_buf.c:97: ring_buf_push_pop_test_fifo_order: (v not equal to 2)
2026-05-19 12:11:19,056 - twister - DEBUG - OUTPUT: The popped value must be 1, got 1 instead
2026-05-19 12:11:19,057 - twister - DEBUG - OUTPUT:  FAIL - test_fifo_order in 0.000 seconds
2026-05-19 12:11:19,057 - twister - DEBUG - OUTPUT: ===================================================================
2026-05-19 12:11:19,057 - twister - DEBUG - OUTPUT: START - test_single_push_pop
2026-05-19 12:11:19,057 - twister - DEBUG - OUTPUT:  PASS - test_single_push_pop in 0.000 seconds
2026-05-19 12:11:19,057 - twister - DEBUG - OUTPUT: ===================================================================
2026-05-19 12:11:19,058 - twister - DEBUG - OUTPUT: START - test_push_full_returns_enospc
2026-05-19 12:11:19,058 - twister - DEBUG - OUTPUT: [00:00:00.000,000] [1;33m<wrn> ring_buf: buffer full (capacity=4)[0m
2026-05-19 12:11:19,058 - twister - DEBUG - OUTPUT:  PASS - test_push_full_returns_enospc in 0.000 seconds
2026-05-19 12:11:19,058 - twister - DEBUG - OUTPUT: ===================================================================
2026-05-19 12:11:19,058 - twister - DEBUG - OUTPUT: START - test_fifo_order
2026-05-19 12:11:19,059 - twister - DEBUG - OUTPUT: 
2026-05-19 12:11:19,059 - twister - DEBUG - OUTPUT:     Assertion failed at CMAKE_SOURCE_DIR/src/test_ring_buf.c:97: ring_buf_push_pop_test_fifo_order: (v not equal to 2)
2026-05-19 12:11:19,059 - twister - DEBUG - OUTPUT: The popped value must be 1, got 1 instead
2026-05-19 12:11:19,059 - twister - DEBUG - OUTPUT:  FAIL - test_fifo_order in 0.000 seconds
2026-05-19 12:11:19,059 - twister - DEBUG - OUTPUT: ===================================================================
2026-05-19 12:11:19,060 - twister - DEBUG - OUTPUT: TESTSUITE ring_buf_push_pop failed.
2026-05-19 12:11:19,060 - twister - DEBUG - OUTPUT: 
2026-05-19 12:11:19,060 - twister - DEBUG - OUTPUT: ------ TESTSUITE SUMMARY START ------
2026-05-19 12:11:19,060 - twister - DEBUG - OUTPUT: 
2026-05-19 12:11:19,060 - twister - DEBUG - OUTPUT: SUITE SKIP -   0.00% [ring_buf_boundaries]: pass = 0, fail = 0, skip = 3, total = 3 duration = 0.000 seconds
2026-05-19 12:11:19,060 - twister - DEBUG - OUTPUT:  - SKIP - [ring_buf_boundaries.test_is_full_after_fill] duration = 0.000 seconds
2026-05-19 12:11:19,061 - twister - DEBUG - OUTPUT:  - SKIP - [ring_buf_boundaries.test_peek_does_not_consume] duration = 0.000 seconds
2026-05-19 12:11:19,061 - twister - DEBUG - OUTPUT:  - SKIP - [ring_buf_boundaries.test_pop_null_returns_einval] duration = 0.000 seconds
2026-05-19 12:11:19,061 - twister - DEBUG - OUTPUT: 
2026-05-19 12:11:19,061 - twister - DEBUG - OUTPUT: SUITE PASS - 100.00% [ring_buf_init]: pass = 2, fail = 0, skip = 0, total = 2 duration = 0.000 seconds
2026-05-19 12:11:19,061 - twister - DEBUG - OUTPUT:  - PASS - [ring_buf_init.test_fresh_state] duration = 0.000 seconds
2026-05-19 12:11:19,061 - twister - DEBUG - OUTPUT:  - PASS - [ring_buf_init.test_reinit_clears_state] duration = 0.000 seconds
2026-05-19 12:11:19,061 - twister - DEBUG - OUTPUT: 
2026-05-19 12:11:19,062 - twister - DEBUG - OUTPUT: SUITE FAIL -  66.67% [ring_buf_push_pop]: pass = 2, fail = 1, skip = 0, total = 3 duration = 0.000 seconds
2026-05-19 12:11:19,062 - twister - DEBUG - OUTPUT:  - FAIL - [ring_buf_push_pop.test_fifo_order] duration = 0.000 seconds
2026-05-19 12:11:19,062 - twister - DEBUG - OUTPUT:  - PASS - [ring_buf_push_pop.test_push_full_returns_enospc] duration = 0.000 seconds
2026-05-19 12:11:19,062 - twister - DEBUG - OUTPUT:  - PASS - [ring_buf_push_pop.test_single_push_pop] duration = 0.000 seconds
2026-05-19 12:11:19,062 - twister - DEBUG - OUTPUT: 
2026-05-19 12:11:19,063 - twister - DEBUG - OUTPUT: ------ TESTSUITE SUMMARY END ------
2026-05-19 12:11:19,063 - twister - DEBUG - OUTPUT: 
2026-05-19 12:11:19,063 - twister - DEBUG - OUTPUT: ===================================================================
2026-05-19 12:11:19,063 - twister - DEBUG - OUTPUT: RunID: e8b097fc4de21ff8663342dca639ee28
2026-05-19 12:11:19,063 - twister - DEBUG - OUTPUT: PROJECT EXECUTION FAILED
2026-05-19 12:11:19,065 - twister - DEBUG - Expected suite names:['ring_buf_init', 'ring_buf_push_pop', 'ring_buf_boundaries']
2026-05-19 12:11:19,065 - twister - DEBUG - Detected suite names:['ring_buf_boundaries', 'ring_buf_init', 'ring_buf_push_pop']
2026-05-19 12:11:19,065 - twister - DEBUG - run status: native_sim/native/host/homework.unit.ring_buf failed
2026-05-19 12:11:19,068 - twister - ERROR - native_sim/native         homework.unit.ring_buf                             [31mFAILED[39m: rc=1
2026-05-19 12:11:19,069 - twister - ERROR - see: [33m/home/gustavo/zephyr/zephyr-course/twister-out/native_sim_native/host/zephyr/zephyr-course/tests/ring_buf/homework.unit.ring_buf/handler.log[39m
2026-05-19 12:11:19,076 - twister - INFO - 1 test scenarios (1 configurations) selected, 0 configurations filtered (0 by static filter, 0 at runtime).
2026-05-19 12:11:19,092 - twister - INFO - [31m0 of 1[39m executed test configurations passed (0.00%), 0 built (not run), [31m1[39m failed, 0 errored, with no warnings in 13.09 seconds.
2026-05-19 12:11:19,092 - twister - INFO - 4 of 5 executed test cases passed (80.00%), 1 failed on 1 out of total 1259 platforms (0.08%).
2026-05-19 12:11:19,097 - twister - INFO - 3 selected test cases not executed: 3 skipped.
2026-05-19 12:11:19,097 - twister - INFO - [32m1[39m test configurations executed on platforms, [36m0[39m test configurations were only built.
2026-05-19 12:11:19,097 - twister - INFO - Saving reports...
2026-05-19 12:11:19,097 - twister - INFO - Writing JSON report /home/gustavo/zephyr/zephyr-course/twister-out/twister.json
2026-05-19 12:11:19,100 - twister - INFO - Writing xunit report /home/gustavo/zephyr/zephyr-course/twister-out/twister.xml...
2026-05-19 12:11:19,106 - twister - INFO - Writing xunit report /home/gustavo/zephyr/zephyr-course/twister-out/twister_report.xml...
2026-05-19 12:11:19,107 - twister - INFO - -+-+-+-+-+-+-+-+-+-+-+-+-+-+-+-+-+-+-+-+-+-+-+-+-+-+-+-+-+-+-+-+-+-+-+-+-+-+-+-+
2026-05-19 12:11:19,107 - twister - INFO - The following issues were found (showing the top 10 items):
2026-05-19 12:11:19,107 - twister - INFO - 1) homework.unit.ring_buf on native_sim/native failed (rc=1)
2026-05-19 12:11:19,107 - twister - INFO - 
2026-05-19 12:11:19,107 - twister - INFO - To rerun the tests, call twister using the following commandline:
2026-05-19 12:11:19,107 - twister - INFO - west twister -p <PLATFORM> -s <TEST ID>, for example:
2026-05-19 12:11:19,107 - twister - INFO - 
2026-05-19 12:11:19,107 - twister - INFO - west twister -p native_sim/native -s homework.unit.ring_buf
2026-05-19 12:11:19,107 - twister - INFO - or with west:
2026-05-19 12:11:19,107 - twister - INFO - west build -p -b native_sim/native tests/ring_buf -T homework.unit.ring_buf
2026-05-19 12:11:19,107 - twister - INFO - -+-+-+-+-+-+-+-+-+-+-+-+-+-+-+-+-+-+-+-+-+-+-+-+-+-+-+-+-+-+-+-+-+-+-+-+-+-+-+-+
2026-05-19 12:11:19,108 - twister - INFO - Run completed
