2026-05-19 12:13:33,558 - twister - INFO - Using Ninja..
2026-05-19 12:13:33,687 - twister - INFO - Zephyr version: v4.3.0-rc3-49-g8b032af664be
2026-05-19 12:13:33,690 - twister - DEBUG - Running cmake script /home/gustavo/zephyrproject/zephyr/cmake/verify-toolchain.cmake
2026-05-19 12:13:33,690 - twister - DEBUG - Calling cmake: /opt/st/stm32cubeclt_1.16.0/CMake/bin/cmake -DFORMAT=json -P /home/gustavo/zephyrproject/zephyr/cmake/verify-toolchain.cmake
2026-05-19 12:13:33,917 - twister - DEBUG - Finished running /home/gustavo/zephyrproject/zephyr/cmake/verify-toolchain.cmake
2026-05-19 12:13:33,917 - twister - INFO - Using 'zephyr' toolchain.
2026-05-19 12:13:35,928 - twister - DEBUG - Reading testsuite configuration files under /home/gustavo/zephyr/zephyr-course/tests/ring_buf...
2026-05-19 12:13:35,928 - twister - DEBUG - Found possible testsuite in /home/gustavo/zephyr/zephyr-course/tests/ring_buf
2026-05-19 12:13:35,932 - twister - DEBUG - No duplicates found.
2026-05-19 12:13:35,933 - twister - DEBUG -  platform filter: ['native_sim']
2026-05-19 12:13:35,933 - twister - DEBUG - platform_pattern: []
2026-05-19 12:13:35,933 - twister - DEBUG -    vendor filter: []
2026-05-19 12:13:35,933 - twister - DEBUG -      arch_filter: None
2026-05-19 12:13:35,933 - twister - DEBUG -       tag_filter: None
2026-05-19 12:13:35,933 - twister - DEBUG -      exclude_tag: None
2026-05-19 12:13:35,934 - twister - DEBUG - Checking platform filter: ['native_sim']
2026-05-19 12:13:35,934 - twister - INFO - Building initial testsuite list...
2026-05-19 12:13:35,936 - twister - INFO - Writing JSON report /home/gustavo/zephyr/zephyr-course/twister-out/testplan.json
2026-05-19 12:13:35,955 - twister - INFO - JOBS: 4
2026-05-19 12:13:35,955 - twister - INFO - Adding tasks to the queue...
2026-05-19 12:13:35,956 - twister - DEBUG - adding native_sim/native/host/homework.unit.ring_buf
2026-05-19 12:13:35,958 - twister - INFO - Added initial list of jobs to queue
2026-05-19 12:13:35,966 - twister - DEBUG - Launched 4 jobs
2026-05-19 12:13:35,971 - twister - DEBUG - Running cmake on /home/gustavo/zephyr/zephyr-course/tests/ring_buf for native_sim/native
2026-05-19 12:13:35,973 - twister - DEBUG - Calling cmake: /opt/st/stm32cubeclt_1.16.0/CMake/bin/cmake -B/home/gustavo/zephyr/zephyr-course/twister-out/native_sim_native/host/zephyr/zephyr-course/tests/ring_buf/homework.unit.ring_buf -DTC_RUNID=4c771816263cfe441261dea2859a3e42 -DTC_NAME=homework.unit.ring_buf -DCONFIG_COMPILER_WARNINGS_AS_ERRORS=y -DEXTRA_GEN_EDT_ARGS=--edtlib-Werror -GNinja -DPython3_EXECUTABLE=/home/gustavo/zephyrproject/.venv/bin/python -DZEPHYR_TOOLCHAIN_VARIANT=host -S/home/gustavo/zephyr/zephyr-course/tests/ring_buf -DBOARD=native_sim/native
2026-05-19 12:13:43,533 - twister - DEBUG - Finished running cmake /home/gustavo/zephyr/zephyr-course/tests/ring_buf for native_sim/native in 7.56 seconds
2026-05-19 12:13:43,536 - twister - DEBUG - build test: native_sim/native/host/homework.unit.ring_buf
2026-05-19 12:13:43,537 - twister - DEBUG - Building /home/gustavo/zephyr/zephyr-course/tests/ring_buf for native_sim/native
2026-05-19 12:13:43,538 - twister - DEBUG - Running /opt/st/stm32cubeclt_1.16.0/CMake/bin/cmake --build /home/gustavo/zephyr/zephyr-course/twister-out/native_sim_native/host/zephyr/zephyr-course/tests/ring_buf/homework.unit.ring_buf
2026-05-19 12:13:47,469 - twister - DEBUG - Finished building /home/gustavo/zephyr/zephyr-course/tests/ring_buf for native_sim/native in 3.93 seconds
2026-05-19 12:13:47,469 - twister - DEBUG - Determine test cases for test instance: native_sim/native/host/homework.unit.ring_buf
2026-05-19 12:13:47,469 - twister - DEBUG - Determine test cases for test suite: homework.unit.ring_buf
2026-05-19 12:13:47,532 - twister - DEBUG - Test instance native_sim/native/host/homework.unit.ring_buf already has 8 testcase(s) known: [<TestCase ring_buf_init.fresh_state with None>, <TestCase ring_buf_boundaries.is_full_after_fill with None>, <TestCase ring_buf_push_pop.fifo_order with None>, <TestCase ring_buf_boundaries.pop_null_returns_einval with None>, <TestCase ring_buf_init.reinit_clears_state with None>, <TestCase ring_buf_boundaries.peek_does_not_consume with None>, <TestCase ring_buf_push_pop.push_full_returns_enospc with None>, <TestCase ring_buf_push_pop.single_push_pop with None>]
2026-05-19 12:13:47,532 - twister - DEBUG - Detected 8 Ztest case(s): [ring_buf_boundaries.is_full_after_fill, ring_buf_boundaries.pop_null_returns_einval, ring_buf_boundaries.peek_does_not_consume, ring_buf_push_pop.push_full_returns_enospc, ring_buf_push_pop.fifo_order, ring_buf_push_pop.single_push_pop, ring_buf_init.reinit_clears_state, ring_buf_init.fresh_state] in /home/gustavo/zephyr/zephyr-course/twister-out/native_sim_native/host/zephyr/zephyr-course/tests/ring_buf/homework.unit.ring_buf/zephyr/zephyr.elf
2026-05-19 12:13:47,536 - twister - DEBUG - run test: native_sim/native/host/homework.unit.ring_buf
2026-05-19 12:13:47,536 - twister - DEBUG - Reset instance status from 'passed' to None before run.
2026-05-19 12:13:47,536 - twister - DEBUG - Spawning process: /home/gustavo/zephyr/zephyr-course/twister-out/native_sim_native/host/zephyr/zephyr-course/tests/ring_buf/homework.unit.ring_buf/zephyr/zephyr.exe
in directory: /home/gustavo/zephyr/zephyr-course/twister-out/native_sim_native/host/zephyr/zephyr-course/tests/ring_buf/homework.unit.ring_buf
2026-05-19 12:13:47,537 - twister - DEBUG - Spawning BinaryHandler Thread for native_sim/native/host/homework.unit.ring_buf
2026-05-19 12:13:47,538 - twister - DEBUG - OUTPUT: *** Booting Zephyr OS build v4.3.0-rc3-49-g8b032af664be ***
2026-05-19 12:13:47,538 - twister - DEBUG - OUTPUT: Running TESTSUITE ring_buf_boundaries
2026-05-19 12:13:47,539 - twister - DEBUG - OUTPUT: ===================================================================
2026-05-19 12:13:47,539 - twister - DEBUG - OUTPUT: START - test_pop_null_returns_einval
2026-05-19 12:13:47,539 - twister - DEBUG - OUTPUT:  SKIP - test_pop_null_returns_einval in 0.000 seconds
2026-05-19 12:13:47,539 - twister - DEBUG - OUTPUT: ===================================================================
2026-05-19 12:13:47,539 - twister - DEBUG - OUTPUT: START - test_is_full_after_fill
2026-05-19 12:13:47,540 - twister - DEBUG - OUTPUT:  SKIP - test_is_full_after_fill in 0.000 seconds
2026-05-19 12:13:47,540 - twister - DEBUG - OUTPUT: ===================================================================
2026-05-19 12:13:47,540 - twister - DEBUG - OUTPUT: START - test_peek_does_not_consume
2026-05-19 12:13:47,540 - twister - DEBUG - OUTPUT:  SKIP - test_peek_does_not_consume in 0.000 seconds
2026-05-19 12:13:47,540 - twister - DEBUG - OUTPUT: ===================================================================
2026-05-19 12:13:47,540 - twister - DEBUG - OUTPUT: START - test_peek_does_not_consume
2026-05-19 12:13:47,541 - twister - DEBUG - OUTPUT:  SKIP - test_peek_does_not_consume in 0.000 seconds
2026-05-19 12:13:47,541 - twister - DEBUG - OUTPUT: ===================================================================
2026-05-19 12:13:47,541 - twister - DEBUG - OUTPUT: START - test_is_full_after_fill
2026-05-19 12:13:47,541 - twister - DEBUG - OUTPUT:  SKIP - test_is_full_after_fill in 0.000 seconds
2026-05-19 12:13:47,541 - twister - DEBUG - OUTPUT: ===================================================================
2026-05-19 12:13:47,541 - twister - DEBUG - OUTPUT: START - test_pop_null_returns_einval
2026-05-19 12:13:47,541 - twister - DEBUG - OUTPUT:  SKIP - test_pop_null_returns_einval in 0.000 seconds
2026-05-19 12:13:47,542 - twister - DEBUG - OUTPUT: ===================================================================
2026-05-19 12:13:47,542 - twister - DEBUG - OUTPUT: START - test_peek_does_not_consume
2026-05-19 12:13:47,542 - twister - DEBUG - OUTPUT:  SKIP - test_peek_does_not_consume in 0.000 seconds
2026-05-19 12:13:47,542 - twister - DEBUG - OUTPUT: ===================================================================
2026-05-19 12:13:47,542 - twister - DEBUG - OUTPUT: START - test_pop_null_returns_einval
2026-05-19 12:13:47,543 - twister - DEBUG - OUTPUT:  SKIP - test_pop_null_returns_einval in 0.000 seconds
2026-05-19 12:13:47,543 - twister - DEBUG - OUTPUT: ===================================================================
2026-05-19 12:13:47,543 - twister - DEBUG - OUTPUT: START - test_is_full_after_fill
2026-05-19 12:13:47,543 - twister - DEBUG - OUTPUT:  SKIP - test_is_full_after_fill in 0.000 seconds
2026-05-19 12:13:47,543 - twister - DEBUG - OUTPUT: ===================================================================
2026-05-19 12:13:47,543 - twister - DEBUG - OUTPUT: TESTSUITE ring_buf_boundaries succeeded
2026-05-19 12:13:47,544 - twister - DEBUG - OUTPUT: Running TESTSUITE ring_buf_boundaries
2026-05-19 12:13:47,544 - twister - DEBUG - OUTPUT: ===================================================================
2026-05-19 12:13:47,544 - twister - DEBUG - OUTPUT: START - test_peek_does_not_consume
2026-05-19 12:13:47,544 - twister - DEBUG - OUTPUT:  SKIP - test_peek_does_not_consume in 0.000 seconds
2026-05-19 12:13:47,544 - twister - DEBUG - OUTPUT: ===================================================================
2026-05-19 12:13:47,544 - twister - DEBUG - OUTPUT: START - test_is_full_after_fill
2026-05-19 12:13:47,544 - twister - DEBUG - OUTPUT:  SKIP - test_is_full_after_fill in 0.000 seconds
2026-05-19 12:13:47,545 - twister - DEBUG - OUTPUT: ===================================================================
2026-05-19 12:13:47,545 - twister - DEBUG - OUTPUT: START - test_pop_null_returns_einval
2026-05-19 12:13:47,545 - twister - DEBUG - OUTPUT:  SKIP - test_pop_null_returns_einval in 0.000 seconds
2026-05-19 12:13:47,545 - twister - DEBUG - OUTPUT: ===================================================================
2026-05-19 12:13:47,545 - twister - DEBUG - OUTPUT: START - test_peek_does_not_consume
2026-05-19 12:13:47,545 - twister - DEBUG - OUTPUT:  SKIP - test_peek_does_not_consume in 0.000 seconds
2026-05-19 12:13:47,545 - twister - DEBUG - OUTPUT: ===================================================================
2026-05-19 12:13:47,545 - twister - DEBUG - OUTPUT: START - test_is_full_after_fill
2026-05-19 12:13:47,546 - twister - DEBUG - OUTPUT:  SKIP - test_is_full_after_fill in 0.000 seconds
2026-05-19 12:13:47,546 - twister - DEBUG - OUTPUT: ===================================================================
2026-05-19 12:13:47,546 - twister - DEBUG - OUTPUT: START - test_pop_null_returns_einval
2026-05-19 12:13:47,546 - twister - DEBUG - OUTPUT:  SKIP - test_pop_null_returns_einval in 0.000 seconds
2026-05-19 12:13:47,546 - twister - DEBUG - OUTPUT: ===================================================================
2026-05-19 12:13:47,546 - twister - DEBUG - OUTPUT: START - test_is_full_after_fill
2026-05-19 12:13:47,547 - twister - DEBUG - OUTPUT:  SKIP - test_is_full_after_fill in 0.000 seconds
2026-05-19 12:13:47,547 - twister - DEBUG - OUTPUT: ===================================================================
2026-05-19 12:13:47,547 - twister - DEBUG - OUTPUT: START - test_peek_does_not_consume
2026-05-19 12:13:47,547 - twister - DEBUG - OUTPUT:  SKIP - test_peek_does_not_consume in 0.000 seconds
2026-05-19 12:13:47,547 - twister - DEBUG - OUTPUT: ===================================================================
2026-05-19 12:13:47,547 - twister - DEBUG - OUTPUT: START - test_pop_null_returns_einval
2026-05-19 12:13:47,547 - twister - DEBUG - OUTPUT:  SKIP - test_pop_null_returns_einval in 0.000 seconds
2026-05-19 12:13:47,548 - twister - DEBUG - OUTPUT: ===================================================================
2026-05-19 12:13:47,548 - twister - DEBUG - OUTPUT: TESTSUITE ring_buf_boundaries succeeded
2026-05-19 12:13:47,548 - twister - DEBUG - OUTPUT: Running TESTSUITE ring_buf_boundaries
2026-05-19 12:13:47,548 - twister - DEBUG - OUTPUT: ===================================================================
2026-05-19 12:13:47,548 - twister - DEBUG - OUTPUT: START - test_is_full_after_fill
2026-05-19 12:13:47,548 - twister - DEBUG - OUTPUT:  SKIP - test_is_full_after_fill in 0.000 seconds
2026-05-19 12:13:47,548 - twister - DEBUG - OUTPUT: ===================================================================
2026-05-19 12:13:47,549 - twister - DEBUG - OUTPUT: START - test_peek_does_not_consume
2026-05-19 12:13:47,549 - twister - DEBUG - OUTPUT:  SKIP - test_peek_does_not_consume in 0.000 seconds
2026-05-19 12:13:47,549 - twister - DEBUG - OUTPUT: ===================================================================
2026-05-19 12:13:47,549 - twister - DEBUG - OUTPUT: START - test_pop_null_returns_einval
2026-05-19 12:13:47,549 - twister - DEBUG - OUTPUT:  SKIP - test_pop_null_returns_einval in 0.000 seconds
2026-05-19 12:13:47,549 - twister - DEBUG - OUTPUT: ===================================================================
2026-05-19 12:13:47,549 - twister - DEBUG - OUTPUT: START - test_peek_does_not_consume
2026-05-19 12:13:47,549 - twister - DEBUG - OUTPUT:  SKIP - test_peek_does_not_consume in 0.000 seconds
2026-05-19 12:13:47,550 - twister - DEBUG - OUTPUT: ===================================================================
2026-05-19 12:13:47,550 - twister - DEBUG - OUTPUT: START - test_pop_null_returns_einval
2026-05-19 12:13:47,550 - twister - DEBUG - OUTPUT:  SKIP - test_pop_null_returns_einval in 0.000 seconds
2026-05-19 12:13:47,550 - twister - DEBUG - OUTPUT: ===================================================================
2026-05-19 12:13:47,550 - twister - DEBUG - OUTPUT: START - test_is_full_after_fill
2026-05-19 12:13:47,550 - twister - DEBUG - OUTPUT:  SKIP - test_is_full_after_fill in 0.000 seconds
2026-05-19 12:13:47,551 - twister - DEBUG - OUTPUT: ===================================================================
2026-05-19 12:13:47,551 - twister - DEBUG - OUTPUT: START - test_peek_does_not_consume
2026-05-19 12:13:47,551 - twister - DEBUG - OUTPUT:  SKIP - test_peek_does_not_consume in 0.000 seconds
2026-05-19 12:13:47,551 - twister - DEBUG - OUTPUT: ===================================================================
2026-05-19 12:13:47,551 - twister - DEBUG - OUTPUT: START - test_pop_null_returns_einval
2026-05-19 12:13:47,551 - twister - DEBUG - OUTPUT:  SKIP - test_pop_null_returns_einval in 0.000 seconds
2026-05-19 12:13:47,551 - twister - DEBUG - OUTPUT: ===================================================================
2026-05-19 12:13:47,551 - twister - DEBUG - OUTPUT: START - test_is_full_after_fill
2026-05-19 12:13:47,552 - twister - DEBUG - OUTPUT:  SKIP - test_is_full_after_fill in 0.000 seconds
2026-05-19 12:13:47,552 - twister - DEBUG - OUTPUT: ===================================================================
2026-05-19 12:13:47,552 - twister - DEBUG - OUTPUT: TESTSUITE ring_buf_boundaries succeeded
2026-05-19 12:13:47,552 - twister - DEBUG - OUTPUT: Running TESTSUITE ring_buf_init
2026-05-19 12:13:47,552 - twister - DEBUG - OUTPUT: ===================================================================
2026-05-19 12:13:47,552 - twister - DEBUG - OUTPUT: START - test_reinit_clears_state
2026-05-19 12:13:47,552 - twister - DEBUG - OUTPUT:  PASS - test_reinit_clears_state in 0.000 seconds
2026-05-19 12:13:47,553 - twister - DEBUG - OUTPUT: ===================================================================
2026-05-19 12:13:47,553 - twister - DEBUG - OUTPUT: START - test_fresh_state
2026-05-19 12:13:47,553 - twister - DEBUG - OUTPUT:  PASS - test_fresh_state in 0.000 seconds
2026-05-19 12:13:47,553 - twister - DEBUG - OUTPUT: ===================================================================
2026-05-19 12:13:47,553 - twister - DEBUG - OUTPUT: START - test_reinit_clears_state
2026-05-19 12:13:47,553 - twister - DEBUG - OUTPUT:  PASS - test_reinit_clears_state in 0.000 seconds
2026-05-19 12:13:47,553 - twister - DEBUG - OUTPUT: ===================================================================
2026-05-19 12:13:47,553 - twister - DEBUG - OUTPUT: START - test_fresh_state
2026-05-19 12:13:47,554 - twister - DEBUG - OUTPUT:  PASS - test_fresh_state in 0.000 seconds
2026-05-19 12:13:47,554 - twister - DEBUG - OUTPUT: ===================================================================
2026-05-19 12:13:47,554 - twister - DEBUG - OUTPUT: START - test_reinit_clears_state
2026-05-19 12:13:47,554 - twister - DEBUG - OUTPUT:  PASS - test_reinit_clears_state in 0.000 seconds
2026-05-19 12:13:47,554 - twister - DEBUG - OUTPUT: ===================================================================
2026-05-19 12:13:47,554 - twister - DEBUG - OUTPUT: START - test_fresh_state
2026-05-19 12:13:47,555 - twister - DEBUG - OUTPUT:  PASS - test_fresh_state in 0.000 seconds
2026-05-19 12:13:47,555 - twister - DEBUG - OUTPUT: ===================================================================
2026-05-19 12:13:47,555 - twister - DEBUG - OUTPUT: TESTSUITE ring_buf_init succeeded
2026-05-19 12:13:47,555 - twister - DEBUG - OUTPUT: Running TESTSUITE ring_buf_init
2026-05-19 12:13:47,555 - twister - DEBUG - OUTPUT: ===================================================================
2026-05-19 12:13:47,555 - twister - DEBUG - OUTPUT: START - test_fresh_state
2026-05-19 12:13:47,555 - twister - DEBUG - OUTPUT:  PASS - test_fresh_state in 0.000 seconds
2026-05-19 12:13:47,556 - twister - DEBUG - OUTPUT: ===================================================================
2026-05-19 12:13:47,556 - twister - DEBUG - OUTPUT: START - test_reinit_clears_state
2026-05-19 12:13:47,556 - twister - DEBUG - OUTPUT:  PASS - test_reinit_clears_state in 0.000 seconds
2026-05-19 12:13:47,556 - twister - DEBUG - OUTPUT: ===================================================================
2026-05-19 12:13:47,556 - twister - DEBUG - OUTPUT: START - test_fresh_state
2026-05-19 12:13:47,556 - twister - DEBUG - OUTPUT:  PASS - test_fresh_state in 0.000 seconds
2026-05-19 12:13:47,556 - twister - DEBUG - OUTPUT: ===================================================================
2026-05-19 12:13:47,556 - twister - DEBUG - OUTPUT: START - test_reinit_clears_state
2026-05-19 12:13:47,557 - twister - DEBUG - OUTPUT:  PASS - test_reinit_clears_state in 0.000 seconds
2026-05-19 12:13:47,557 - twister - DEBUG - OUTPUT: ===================================================================
2026-05-19 12:13:47,557 - twister - DEBUG - OUTPUT: START - test_reinit_clears_state
2026-05-19 12:13:47,557 - twister - DEBUG - OUTPUT:  PASS - test_reinit_clears_state in 0.000 seconds
2026-05-19 12:13:47,557 - twister - DEBUG - OUTPUT: ===================================================================
2026-05-19 12:13:47,557 - twister - DEBUG - OUTPUT: START - test_fresh_state
2026-05-19 12:13:47,557 - twister - DEBUG - OUTPUT:  PASS - test_fresh_state in 0.000 seconds
2026-05-19 12:13:47,558 - twister - DEBUG - OUTPUT: ===================================================================
2026-05-19 12:13:47,558 - twister - DEBUG - OUTPUT: TESTSUITE ring_buf_init succeeded
2026-05-19 12:13:47,558 - twister - DEBUG - OUTPUT: Running TESTSUITE ring_buf_init
2026-05-19 12:13:47,558 - twister - DEBUG - OUTPUT: ===================================================================
2026-05-19 12:13:47,558 - twister - DEBUG - OUTPUT: START - test_fresh_state
2026-05-19 12:13:47,558 - twister - DEBUG - OUTPUT:  PASS - test_fresh_state in 0.000 seconds
2026-05-19 12:13:47,558 - twister - DEBUG - OUTPUT: ===================================================================
2026-05-19 12:13:47,559 - twister - DEBUG - OUTPUT: START - test_reinit_clears_state
2026-05-19 12:13:47,559 - twister - DEBUG - OUTPUT:  PASS - test_reinit_clears_state in 0.000 seconds
2026-05-19 12:13:47,559 - twister - DEBUG - OUTPUT: ===================================================================
2026-05-19 12:13:47,559 - twister - DEBUG - OUTPUT: START - test_fresh_state
2026-05-19 12:13:47,559 - twister - DEBUG - OUTPUT:  PASS - test_fresh_state in 0.000 seconds
2026-05-19 12:13:47,559 - twister - DEBUG - OUTPUT: ===================================================================
2026-05-19 12:13:47,559 - twister - DEBUG - OUTPUT: START - test_reinit_clears_state
2026-05-19 12:13:47,559 - twister - DEBUG - OUTPUT:  PASS - test_reinit_clears_state in 0.000 seconds
2026-05-19 12:13:47,560 - twister - DEBUG - OUTPUT: ===================================================================
2026-05-19 12:13:47,560 - twister - DEBUG - OUTPUT: START - test_reinit_clears_state
2026-05-19 12:13:47,560 - twister - DEBUG - OUTPUT:  PASS - test_reinit_clears_state in 0.000 seconds
2026-05-19 12:13:47,560 - twister - DEBUG - OUTPUT: ===================================================================
2026-05-19 12:13:47,560 - twister - DEBUG - OUTPUT: START - test_fresh_state
2026-05-19 12:13:47,560 - twister - DEBUG - OUTPUT:  PASS - test_fresh_state in 0.000 seconds
2026-05-19 12:13:47,560 - twister - DEBUG - OUTPUT: ===================================================================
2026-05-19 12:13:47,560 - twister - DEBUG - OUTPUT: TESTSUITE ring_buf_init succeeded
2026-05-19 12:13:47,561 - twister - DEBUG - OUTPUT: Running TESTSUITE ring_buf_push_pop
2026-05-19 12:13:47,561 - twister - DEBUG - OUTPUT: ===================================================================
2026-05-19 12:13:47,561 - twister - DEBUG - OUTPUT: START - test_push_full_returns_enospc
2026-05-19 12:13:47,561 - twister - DEBUG - OUTPUT: [00:00:00.000,000] [1;33m<wrn> ring_buf: buffer full (capacity=4)[0m
2026-05-19 12:13:47,561 - twister - DEBUG - OUTPUT:  PASS - test_push_full_returns_enospc in 0.000 seconds
2026-05-19 12:13:47,561 - twister - DEBUG - OUTPUT: ===================================================================
2026-05-19 12:13:47,561 - twister - DEBUG - OUTPUT: START - test_single_push_pop
2026-05-19 12:13:47,562 - twister - DEBUG - OUTPUT:  PASS - test_single_push_pop in 0.000 seconds
2026-05-19 12:13:47,562 - twister - DEBUG - OUTPUT: ===================================================================
2026-05-19 12:13:47,562 - twister - DEBUG - OUTPUT: START - test_fifo_order
2026-05-19 12:13:47,562 - twister - DEBUG - OUTPUT:  PASS - test_fifo_order in 0.000 seconds
2026-05-19 12:13:47,562 - twister - DEBUG - OUTPUT: ===================================================================
2026-05-19 12:13:47,562 - twister - DEBUG - OUTPUT: START - test_push_full_returns_enospc
2026-05-19 12:13:47,562 - twister - DEBUG - OUTPUT: [00:00:00.000,000] [1;33m<wrn> ring_buf: buffer full (capacity=4)[0m
2026-05-19 12:13:47,563 - twister - DEBUG - OUTPUT:  PASS - test_push_full_returns_enospc in 0.000 seconds
2026-05-19 12:13:47,563 - twister - DEBUG - OUTPUT: ===================================================================
2026-05-19 12:13:47,563 - twister - DEBUG - OUTPUT: START - test_fifo_order
2026-05-19 12:13:47,563 - twister - DEBUG - OUTPUT:  PASS - test_fifo_order in 0.000 seconds
2026-05-19 12:13:47,563 - twister - DEBUG - OUTPUT: ===================================================================
2026-05-19 12:13:47,563 - twister - DEBUG - OUTPUT: START - test_single_push_pop
2026-05-19 12:13:47,563 - twister - DEBUG - OUTPUT:  PASS - test_single_push_pop in 0.000 seconds
2026-05-19 12:13:47,563 - twister - DEBUG - OUTPUT: ===================================================================
2026-05-19 12:13:47,564 - twister - DEBUG - OUTPUT: START - test_single_push_pop
2026-05-19 12:13:47,564 - twister - DEBUG - OUTPUT:  PASS - test_single_push_pop in 0.000 seconds
2026-05-19 12:13:47,564 - twister - DEBUG - OUTPUT: ===================================================================
2026-05-19 12:13:47,564 - twister - DEBUG - OUTPUT: START - test_push_full_returns_enospc
2026-05-19 12:13:47,564 - twister - DEBUG - OUTPUT: [00:00:00.000,000] [1;33m<wrn> ring_buf: buffer full (capacity=4)[0m
2026-05-19 12:13:47,564 - twister - DEBUG - OUTPUT:  PASS - test_push_full_returns_enospc in 0.000 seconds
2026-05-19 12:13:47,564 - twister - DEBUG - OUTPUT: ===================================================================
2026-05-19 12:13:47,564 - twister - DEBUG - OUTPUT: START - test_fifo_order
2026-05-19 12:13:47,565 - twister - DEBUG - OUTPUT:  PASS - test_fifo_order in 0.000 seconds
2026-05-19 12:13:47,565 - twister - DEBUG - OUTPUT: ===================================================================
2026-05-19 12:13:47,565 - twister - DEBUG - OUTPUT: TESTSUITE ring_buf_push_pop succeeded
2026-05-19 12:13:47,565 - twister - DEBUG - OUTPUT: Running TESTSUITE ring_buf_push_pop
2026-05-19 12:13:47,565 - twister - DEBUG - OUTPUT: ===================================================================
2026-05-19 12:13:47,565 - twister - DEBUG - OUTPUT: START - test_push_full_returns_enospc
2026-05-19 12:13:47,565 - twister - DEBUG - OUTPUT: [00:00:00.000,000] [1;33m<wrn> ring_buf: buffer full (capacity=4)[0m
2026-05-19 12:13:47,565 - twister - DEBUG - OUTPUT:  PASS - test_push_full_returns_enospc in 0.000 seconds
2026-05-19 12:13:47,566 - twister - DEBUG - OUTPUT: ===================================================================
2026-05-19 12:13:47,566 - twister - DEBUG - OUTPUT: START - test_single_push_pop
2026-05-19 12:13:47,566 - twister - DEBUG - OUTPUT:  PASS - test_single_push_pop in 0.000 seconds
2026-05-19 12:13:47,566 - twister - DEBUG - OUTPUT: ===================================================================
2026-05-19 12:13:47,566 - twister - DEBUG - OUTPUT: START - test_fifo_order
2026-05-19 12:13:47,566 - twister - DEBUG - OUTPUT:  PASS - test_fifo_order in 0.000 seconds
2026-05-19 12:13:47,566 - twister - DEBUG - OUTPUT: ===================================================================
2026-05-19 12:13:47,567 - twister - DEBUG - OUTPUT: START - test_fifo_order
2026-05-19 12:13:47,567 - twister - DEBUG - OUTPUT:  PASS - test_fifo_order in 0.000 seconds
2026-05-19 12:13:47,567 - twister - DEBUG - OUTPUT: ===================================================================
2026-05-19 12:13:47,567 - twister - DEBUG - OUTPUT: START - test_push_full_returns_enospc
2026-05-19 12:13:47,567 - twister - DEBUG - OUTPUT: [00:00:00.000,000] [1;33m<wrn> ring_buf: buffer full (capacity=4)[0m
2026-05-19 12:13:47,567 - twister - DEBUG - OUTPUT:  PASS - test_push_full_returns_enospc in 0.000 seconds
2026-05-19 12:13:47,567 - twister - DEBUG - OUTPUT: ===================================================================
2026-05-19 12:13:47,567 - twister - DEBUG - OUTPUT: START - test_single_push_pop
2026-05-19 12:13:47,568 - twister - DEBUG - OUTPUT:  PASS - test_single_push_pop in 0.000 seconds
2026-05-19 12:13:47,568 - twister - DEBUG - OUTPUT: ===================================================================
2026-05-19 12:13:47,568 - twister - DEBUG - OUTPUT: START - test_fifo_order
2026-05-19 12:13:47,568 - twister - DEBUG - OUTPUT:  PASS - test_fifo_order in 0.000 seconds
2026-05-19 12:13:47,568 - twister - DEBUG - OUTPUT: ===================================================================
2026-05-19 12:13:47,568 - twister - DEBUG - OUTPUT: START - test_push_full_returns_enospc
2026-05-19 12:13:47,568 - twister - DEBUG - OUTPUT: [00:00:00.000,000] [1;33m<wrn> ring_buf: buffer full (capacity=4)[0m
2026-05-19 12:13:47,568 - twister - DEBUG - OUTPUT:  PASS - test_push_full_returns_enospc in 0.000 seconds
2026-05-19 12:13:47,569 - twister - DEBUG - OUTPUT: ===================================================================
2026-05-19 12:13:47,569 - twister - DEBUG - OUTPUT: START - test_single_push_pop
2026-05-19 12:13:47,569 - twister - DEBUG - OUTPUT:  PASS - test_single_push_pop in 0.000 seconds
2026-05-19 12:13:47,569 - twister - DEBUG - OUTPUT: ===================================================================
2026-05-19 12:13:47,569 - twister - DEBUG - OUTPUT: TESTSUITE ring_buf_push_pop succeeded
2026-05-19 12:13:47,569 - twister - DEBUG - OUTPUT: Running TESTSUITE ring_buf_push_pop
2026-05-19 12:13:47,569 - twister - DEBUG - OUTPUT: ===================================================================
2026-05-19 12:13:47,569 - twister - DEBUG - OUTPUT: START - test_single_push_pop
2026-05-19 12:13:47,570 - twister - DEBUG - OUTPUT:  PASS - test_single_push_pop in 0.000 seconds
2026-05-19 12:13:47,570 - twister - DEBUG - OUTPUT: ===================================================================
2026-05-19 12:13:47,570 - twister - DEBUG - OUTPUT: START - test_fifo_order
2026-05-19 12:13:47,570 - twister - DEBUG - OUTPUT:  PASS - test_fifo_order in 0.000 seconds
2026-05-19 12:13:47,570 - twister - DEBUG - OUTPUT: ===================================================================
2026-05-19 12:13:47,571 - twister - DEBUG - OUTPUT: START - test_push_full_returns_enospc
2026-05-19 12:13:47,571 - twister - DEBUG - OUTPUT: [00:00:00.000,000] [1;33m<wrn> ring_buf: buffer full (capacity=4)[0m
2026-05-19 12:13:47,571 - twister - DEBUG - OUTPUT:  PASS - test_push_full_returns_enospc in 0.000 seconds
2026-05-19 12:13:47,571 - twister - DEBUG - OUTPUT: ===================================================================
2026-05-19 12:13:47,571 - twister - DEBUG - OUTPUT: START - test_single_push_pop
2026-05-19 12:13:47,571 - twister - DEBUG - OUTPUT:  PASS - test_single_push_pop in 0.000 seconds
2026-05-19 12:13:47,572 - twister - DEBUG - OUTPUT: ===================================================================
2026-05-19 12:13:47,572 - twister - DEBUG - OUTPUT: START - test_push_full_returns_enospc
2026-05-19 12:13:47,572 - twister - DEBUG - OUTPUT: [00:00:00.000,000] [1;33m<wrn> ring_buf: buffer full (capacity=4)[0m
2026-05-19 12:13:47,572 - twister - DEBUG - OUTPUT:  PASS - test_push_full_returns_enospc in 0.000 seconds
2026-05-19 12:13:47,572 - twister - DEBUG - OUTPUT: ===================================================================
2026-05-19 12:13:47,572 - twister - DEBUG - OUTPUT: START - test_fifo_order
2026-05-19 12:13:47,572 - twister - DEBUG - OUTPUT:  PASS - test_fifo_order in 0.000 seconds
2026-05-19 12:13:47,573 - twister - DEBUG - OUTPUT: ===================================================================
2026-05-19 12:13:47,573 - twister - DEBUG - OUTPUT: START - test_single_push_pop
2026-05-19 12:13:47,573 - twister - DEBUG - OUTPUT:  PASS - test_single_push_pop in 0.000 seconds
2026-05-19 12:13:47,573 - twister - DEBUG - OUTPUT: ===================================================================
2026-05-19 12:13:47,573 - twister - DEBUG - OUTPUT: START - test_push_full_returns_enospc
2026-05-19 12:13:47,573 - twister - DEBUG - OUTPUT: [00:00:00.000,000] [1;33m<wrn> ring_buf: buffer full (capacity=4)[0m
2026-05-19 12:13:47,573 - twister - DEBUG - OUTPUT:  PASS - test_push_full_returns_enospc in 0.000 seconds
2026-05-19 12:13:47,574 - twister - DEBUG - OUTPUT: ===================================================================
2026-05-19 12:13:47,574 - twister - DEBUG - OUTPUT: START - test_fifo_order
2026-05-19 12:13:47,574 - twister - DEBUG - OUTPUT:  PASS - test_fifo_order in 0.000 seconds
2026-05-19 12:13:47,574 - twister - DEBUG - OUTPUT: ===================================================================
2026-05-19 12:13:47,574 - twister - DEBUG - OUTPUT: TESTSUITE ring_buf_push_pop succeeded
2026-05-19 12:13:47,574 - twister - DEBUG - OUTPUT: 
2026-05-19 12:13:47,574 - twister - DEBUG - OUTPUT: ------ TESTSUITE SUMMARY START ------
2026-05-19 12:13:47,574 - twister - DEBUG - OUTPUT: 
2026-05-19 12:13:47,575 - twister - DEBUG - OUTPUT: SUITE SKIP -   0.00% [ring_buf_boundaries]: pass = 0, fail = 0, skip = 3, total = 3 duration = 0.000 seconds
2026-05-19 12:13:47,575 - twister - DEBUG - OUTPUT:  - SKIP - [ring_buf_boundaries.test_is_full_after_fill] duration = 0.000 seconds
2026-05-19 12:13:47,575 - twister - DEBUG - OUTPUT:  - SKIP - [ring_buf_boundaries.test_peek_does_not_consume] duration = 0.000 seconds
2026-05-19 12:13:47,575 - twister - DEBUG - OUTPUT:  - SKIP - [ring_buf_boundaries.test_pop_null_returns_einval] duration = 0.000 seconds
2026-05-19 12:13:47,575 - twister - DEBUG - OUTPUT: 
2026-05-19 12:13:47,575 - twister - DEBUG - OUTPUT: SUITE PASS - 100.00% [ring_buf_init]: pass = 2, fail = 0, skip = 0, total = 2 duration = 0.000 seconds
2026-05-19 12:13:47,576 - twister - DEBUG - OUTPUT:  - PASS - [ring_buf_init.test_fresh_state] duration = 0.000 seconds
2026-05-19 12:13:47,576 - twister - DEBUG - OUTPUT:  - PASS - [ring_buf_init.test_reinit_clears_state] duration = 0.000 seconds
2026-05-19 12:13:47,576 - twister - DEBUG - OUTPUT: 
2026-05-19 12:13:47,576 - twister - DEBUG - OUTPUT: SUITE PASS - 100.00% [ring_buf_push_pop]: pass = 3, fail = 0, skip = 0, total = 3 duration = 0.000 seconds
2026-05-19 12:13:47,576 - twister - DEBUG - OUTPUT:  - PASS - [ring_buf_push_pop.test_fifo_order] duration = 0.000 seconds
2026-05-19 12:13:47,576 - twister - DEBUG - OUTPUT:  - PASS - [ring_buf_push_pop.test_push_full_returns_enospc] duration = 0.000 seconds
2026-05-19 12:13:47,577 - twister - DEBUG - OUTPUT:  - PASS - [ring_buf_push_pop.test_single_push_pop] duration = 0.000 seconds
2026-05-19 12:13:47,577 - twister - DEBUG - OUTPUT: 
2026-05-19 12:13:47,577 - twister - DEBUG - OUTPUT: ------ TESTSUITE SUMMARY END ------
2026-05-19 12:13:47,577 - twister - DEBUG - OUTPUT: 
2026-05-19 12:13:47,577 - twister - DEBUG - OUTPUT: ===================================================================
2026-05-19 12:13:47,577 - twister - DEBUG - OUTPUT: RunID: 4c771816263cfe441261dea2859a3e42
2026-05-19 12:13:47,577 - twister - DEBUG - OUTPUT: PROJECT EXECUTION SUCCESSFUL
2026-05-19 12:13:47,579 - twister - DEBUG - Expected suite names:['ring_buf_init', 'ring_buf_push_pop', 'ring_buf_boundaries']
2026-05-19 12:13:47,579 - twister - DEBUG - Detected suite names:['ring_buf_boundaries', 'ring_buf_init', 'ring_buf_push_pop']
2026-05-19 12:13:47,579 - twister - DEBUG - run status: native_sim/native/host/homework.unit.ring_buf passed
2026-05-19 12:13:47,586 - twister - INFO - 1 test scenarios (1 configurations) selected, 0 configurations filtered (0 by static filter, 0 at runtime).
2026-05-19 12:13:47,593 - twister - INFO - [32m1 of 1[39m executed test configurations passed (100.00%), 0 built (not run), 0 failed, 0 errored, with no warnings in 14.03 seconds.
2026-05-19 12:13:47,593 - twister - INFO - 5 of 5 executed test cases passed (100.00%) on 1 out of total 1259 platforms (0.08%).
2026-05-19 12:13:47,593 - twister - INFO - 3 selected test cases not executed: 3 skipped.
2026-05-19 12:13:47,593 - twister - INFO - [32m1[39m test configurations executed on platforms, [36m0[39m test configurations were only built.
2026-05-19 12:13:47,593 - twister - INFO - Saving reports...
2026-05-19 12:13:47,593 - twister - INFO - Writing JSON report /home/gustavo/zephyr/zephyr-course/twister-out/twister.json
2026-05-19 12:13:47,594 - twister - INFO - Writing xunit report /home/gustavo/zephyr/zephyr-course/twister-out/twister.xml...
2026-05-19 12:13:47,595 - twister - INFO - Writing xunit report /home/gustavo/zephyr/zephyr-course/twister-out/twister_report.xml...
2026-05-19 12:13:47,596 - twister - INFO - Run completed
